Component: ARM Compiler 5.06 update 7 (build 960) Tool: armlink [4d3601]

==============================================================================

Section Cross References

    main.o(i.app_error_fault_handler) refers to boards.o(i.bsp_board_leds_off) for bsp_board_leds_off
    main.o(i.app_error_fault_handler) refers to main.o(i.nrf_delay_ms) for nrf_delay_ms
    main.o(i.app_error_fault_handler) refers to boards.o(i.bsp_board_led_invert) for bsp_board_led_invert
    main.o(i.led_and_timer_control) refers to boards.o(i.bsp_board_led_invert) for bsp_board_led_invert
    main.o(i.led_and_timer_control) refers to app_simple_timer.o(i.app_simple_timer_start) for app_simple_timer_start
    main.o(i.led_and_timer_control) refers to app_error.o(i.app_error_handler_bare) for app_error_handler_bare
    main.o(i.led_and_timer_control) refers to main.o(.data) for .data
    main.o(i.led_and_timer_control) refers to main.o(i.timeout_handler) for timeout_handler
    main.o(i.main) refers to app_simple_timer.o(i.app_simple_timer_init) for app_simple_timer_init
    main.o(i.main) refers to app_error.o(i.app_error_handler_bare) for app_error_handler_bare
    main.o(i.main) refers to boards.o(i.bsp_board_init) for bsp_board_init
    main.o(i.main) refers to boards.o(i.bsp_board_led_on) for bsp_board_led_on
    main.o(i.main) refers to main.o(i.nrf_delay_ms) for nrf_delay_ms
    main.o(i.main) refers to main.o(i.state_machine_state_change) for state_machine_state_change
    main.o(i.nrf_delay_ms) refers to main.o(.constdata) for .constdata
    main.o(i.state_machine_state_change) refers to app_error.o(i.app_error_handler_bare) for app_error_handler_bare
    main.o(i.state_machine_state_change) refers to main.o(i.led_and_timer_control) for led_and_timer_control
    main.o(i.state_machine_state_change) refers to main.o(.data) for .data
    main.o(i.timeout_handler) refers to boards.o(i.bsp_board_led_invert) for bsp_board_led_invert
    main.o(i.timeout_handler) refers to app_simple_timer.o(i.app_simple_timer_start) for app_simple_timer_start
    main.o(i.timeout_handler) refers to app_error.o(i.app_error_handler_bare) for app_error_handler_bare
    main.o(i.timeout_handler) refers to boards.o(i.bsp_board_led_on) for bsp_board_led_on
    main.o(i.timeout_handler) refers to app_simple_timer.o(i.app_simple_timer_stop) for app_simple_timer_stop
    main.o(i.timeout_handler) refers to main.o(i.nrf_delay_ms) for nrf_delay_ms
    main.o(i.timeout_handler) refers to main.o(i.state_machine_state_change) for state_machine_state_change
    main.o(i.timeout_handler) refers to main.o(.data) for .data
    boards.o(i.bsp_board_button_idx_to_pin) refers to boards.o(.constdata) for .constdata
    boards.o(i.bsp_board_button_state_get) refers to boards.o(.constdata) for .constdata
    boards.o(i.bsp_board_init) refers to boards.o(i.nrf_gpio_cfg) for nrf_gpio_cfg
    boards.o(i.bsp_board_init) refers to boards.o(i.bsp_board_leds_off) for bsp_board_leds_off
    boards.o(i.bsp_board_init) refers to boards.o(.constdata) for .constdata
    boards.o(i.bsp_board_led_idx_to_pin) refers to boards.o(.constdata) for .constdata
    boards.o(i.bsp_board_led_invert) refers to boards.o(.constdata) for .constdata
    boards.o(i.bsp_board_led_off) refers to boards.o(i.nrf_gpio_pin_write) for nrf_gpio_pin_write
    boards.o(i.bsp_board_led_off) refers to boards.o(.constdata) for .constdata
    boards.o(i.bsp_board_led_on) refers to boards.o(i.nrf_gpio_pin_write) for nrf_gpio_pin_write
    boards.o(i.bsp_board_led_on) refers to boards.o(.constdata) for .constdata
    boards.o(i.bsp_board_led_state_get) refers to boards.o(.constdata) for .constdata
    boards.o(i.bsp_board_leds_off) refers to boards.o(i.bsp_board_led_off) for bsp_board_led_off
    boards.o(i.bsp_board_leds_on) refers to boards.o(i.bsp_board_led_on) for bsp_board_led_on
    boards.o(i.bsp_board_pin_to_button_idx) refers to boards.o(.constdata) for .constdata
    boards.o(i.bsp_board_pin_to_led_idx) refers to boards.o(.constdata) for .constdata
    bsp.o(i.alert_timer_handler) refers to boards.o(i.bsp_board_led_invert) for bsp_board_led_invert
    bsp.o(i.bsp_button_event_handler) refers to boards.o(i.bsp_board_pin_to_button_idx) for bsp_board_pin_to_button_idx
    bsp.o(i.bsp_button_event_handler) refers to app_timer2.o(i.app_timer_start) for app_timer_start
    bsp.o(i.bsp_button_event_handler) refers to app_timer2.o(i.app_timer_stop) for app_timer_stop
    bsp.o(i.bsp_button_event_handler) refers to bsp.o(.constdata) for .constdata
    bsp.o(i.bsp_button_event_handler) refers to bsp.o(.data) for .data
    bsp.o(i.bsp_button_event_handler) refers to bsp.o(.bss) for .bss
    bsp.o(i.bsp_button_is_pressed) refers to boards.o(i.bsp_board_button_state_get) for bsp_board_button_state_get
    bsp.o(i.bsp_buttons_disable) refers to app_button.o(i.app_button_disable) for app_button_disable
    bsp.o(i.bsp_buttons_enable) refers to app_button.o(i.app_button_enable) for app_button_enable
[...]
    nrfx_gpiote.o(i.nrfx_gpiote_init) refers to nrfx_gpiote.o(i.channel_free) for channel_free
    nrfx_gpiote.o(i.nrfx_gpiote_init) refers to nrfx_gpiote.o(i.nrf_gpiote_event_clear) for nrf_gpiote_event_clear
    nrfx_gpiote.o(i.nrfx_gpiote_init) refers to nrfx_gpiote.o(.bss) for .bss
    nrfx_gpiote.o(i.nrfx_gpiote_is_init) refers to nrfx_gpiote.o(.bss) for .bss
    nrfx_gpiote.o(i.nrfx_gpiote_out_init) refers to nrfx_gpiote.o(i.channel_port_alloc) for channel_port_alloc
    nrfx_gpiote.o(i.nrfx_gpiote_out_init) refers to nrfx_gpiote.o(i.nrf_gpio_cfg) for nrf_gpio_cfg
    nrfx_gpiote.o(i.nrfx_gpiote_out_init) refers to nrfx_gpiote.o(i.pin_configured_set) for pin_configured_set
    nrfx_gpiote.o(i.nrfx_gpiote_out_init) refers to nrfx_gpiote.o(.bss) for .bss
    nrfx_gpiote.o(i.nrfx_gpiote_out_task_addr_get) refers to nrfx_gpiote.o(i.nrfx_gpiote_out_task_get) for nrfx_gpiote_out_task_get
    nrfx_gpiote.o(i.nrfx_gpiote_out_task_disable) refers to nrfx_gpiote.o(.bss) for .bss
    nrfx_gpiote.o(i.nrfx_gpiote_out_task_enable) refers to nrfx_gpiote.o(.bss) for .bss
    nrfx_gpiote.o(i.nrfx_gpiote_out_task_force) refers to nrfx_gpiote.o(.bss) for .bss
    nrfx_gpiote.o(i.nrfx_gpiote_out_task_get) refers to nrfx_gpiote.o(i.channel_port_get) for channel_port_get
    nrfx_gpiote.o(i.nrfx_gpiote_out_task_trigger) refers to nrfx_gpiote.o(i.channel_port_get) for channel_port_get
    nrfx_gpiote.o(i.nrfx_gpiote_out_uninit) refers to nrfx_gpiote.o(i.pin_in_use_by_te) for pin_in_use_by_te
    nrfx_gpiote.o(i.nrfx_gpiote_out_uninit) refers to nrfx_gpiote.o(i.channel_port_get) for channel_port_get
    nrfx_gpiote.o(i.nrfx_gpiote_out_uninit) refers to nrfx_gpiote.o(i.channel_free) for channel_free
    nrfx_gpiote.o(i.nrfx_gpiote_out_uninit) refers to nrfx_gpiote.o(i.pin_configured_check) for pin_configured_check
    nrfx_gpiote.o(i.nrfx_gpiote_out_uninit) refers to nrfx_gpiote.o(i.nrf_gpio_cfg_default) for nrf_gpio_cfg_default
    nrfx_gpiote.o(i.nrfx_gpiote_out_uninit) refers to nrfx_gpiote.o(i.pin_configured_clear) for pin_configured_clear
    nrfx_gpiote.o(i.nrfx_gpiote_out_uninit) refers to nrfx_gpiote.o(.bss) for .bss
    nrfx_gpiote.o(i.nrfx_gpiote_set_task_addr_get) refers to nrfx_gpiote.o(i.nrfx_gpiote_set_task_get) for nrfx_gpiote_set_task_get
    nrfx_gpiote.o(i.nrfx_gpiote_set_task_get) refers to nrfx_gpiote.o(i.channel_port_get) for channel_port_get
    nrfx_gpiote.o(i.nrfx_gpiote_set_task_trigger) refers to nrfx_gpiote.o(i.channel_port_get) for channel_port_get
    nrfx_gpiote.o(i.nrfx_gpiote_uninit) refers to nrfx_gpiote.o(i.nrf_gpio_pin_present_check) for nrf_gpio_pin_present_check
    nrfx_gpiote.o(i.nrfx_gpiote_uninit) refers to nrfx_gpiote.o(i.nrfx_gpiote_in_uninit) for nrfx_gpiote_in_uninit
    nrfx_gpiote.o(i.nrfx_gpiote_uninit) refers to nrfx_gpiote.o(i.nrfx_gpiote_out_uninit) for nrfx_gpiote_out_uninit
    nrfx_gpiote.o(i.nrfx_gpiote_uninit) refers to nrfx_gpiote.o(.bss) for .bss
    nrfx_gpiote.o(i.pin_configured_check) refers to nrfx_gpiote.o(i.nrf_bitmask_bit_is_set) for nrf_bitmask_bit_is_set
    nrfx_gpiote.o(i.pin_configured_check) refers to nrfx_gpiote.o(.bss) for .bss
    nrfx_gpiote.o(i.pin_configured_clear) refers to nrfx_gpiote.o(.bss) for .bss
    nrfx_gpiote.o(i.pin_configured_set) refers to nrfx_gpiote.o(.bss) for .bss
    nrfx_gpiote.o(i.pin_in_use_by_port) refers to nrfx_gpiote.o(.bss) for .bss
    nrfx_gpiote.o(i.pin_in_use_by_te) refers to nrfx_gpiote.o(.bss) for .bss
    nrfx_gpiote.o(i.port_event_handle) refers to nrfx_gpiote.o(i.nrf_bitmask_bit_is_set) for nrf_bitmask_bit_is_set
    nrfx_gpiote.o(i.port_event_handle) refers to nrfx_gpiote.o(i.port_handler_polarity_get) for port_handler_polarity_get
    nrfx_gpiote.o(i.port_event_handle) refers to nrfx_gpiote.o(i.nrf_gpio_cfg_sense_set) for nrf_gpio_cfg_sense_set
    nrfx_gpiote.o(i.port_event_handle) refers to nrfx_gpiote.o(i.channel_port_get) for channel_port_get
    nrfx_gpiote.o(i.port_event_handle) refers to nrfx_gpiote.o(i.nrf_gpio_latches_read_and_clear) for nrf_gpio_latches_read_and_clear
    nrfx_gpiote.o(i.port_event_handle) refers to nrfx_gpiote.o(.bss) for .bss
    nrfx_gpiote.o(i.port_handler_polarity_get) refers to nrfx_gpiote.o(.bss) for .bss
    nrfx_timer.o(i.TIMER1_IRQHandler) refers to nrfx_timer.o(i.nrf_timer_event_clear) for nrf_timer_event_clear
    nrfx_timer.o(i.TIMER1_IRQHandler) refers to nrfx_timer.o(.bss) for .bss
    nrfx_timer.o(i.nrfx_timer_compare) refers to nrfx_timer.o(i.nrf_timer_event_clear) for nrf_timer_event_clear
    nrfx_timer.o(i.nrfx_timer_compare_int_enable) refers to nrfx_timer.o(i.nrf_timer_event_clear) for nrf_timer_event_clear
    nrfx_timer.o(i.nrfx_timer_disable) refers to nrfx_timer.o(.bss) for .bss
    nrfx_timer.o(i.nrfx_timer_enable) refers to nrfx_timer.o(.bss) for .bss
    nrfx_timer.o(i.nrfx_timer_extended_compare) refers to nrfx_timer.o(i.nrfx_timer_compare) for nrfx_timer_compare
    nrfx_timer.o(i.nrfx_timer_init) refers to nrfx_timer.o(i.nrf_timer_event_clear) for nrf_timer_event_clear
    nrfx_timer.o(i.nrfx_timer_init) refers to nrfx_timer.o(.bss) for .bss
    nrfx_timer.o(i.nrfx_timer_is_enabled) refers to nrfx_timer.o(.bss) for .bss
    nrfx_timer.o(i.nrfx_timer_uninit) refers to nrfx_timer.o(i.nrfx_timer_disable) for nrfx_timer_disable
    nrfx_timer.o(i.nrfx_timer_uninit) refers to nrfx_timer.o(.bss) for .bss
    app_button.o(i.app_button_disable) refers to nrfx_gpiote.o(i.nrfx_gpiote_in_event_disable) for nrfx_gpiote_in_event_disable
    app_button.o(i.app_button_disable) refers to app_util_platform.o(i.app_util_critical_region_enter) for app_util_critical_region_enter
    app_button.o(i.app_button_disable) refers to app_util_platform.o(i.app_util_critical_region_exit) for app_util_critical_region_exit
    app_button.o(i.app_button_disable) refers to app_timer2.o(i.app_timer_stop) for app_timer_stop
    app_button.o(i.app_button_disable) refers to app_button.o(.data) for .data
    app_button.o(i.app_button_disable) refers to app_button.o(.constdata) for .constdata
    app_button.o(i.app_button_enable) refers to nrfx_gpiote.o(i.nrfx_gpiote_in_event_enable) for nrfx_gpiote_in_event_enable
    app_button.o(i.app_button_enable) refers to app_button.o(.data) for .data
    app_button.o(i.app_button_init) refers to nrfx_gpiote.o(i.nrfx_gpiote_is_init) for nrfx_gpiote_is_init
    app_button.o(i.app_button_init) refers to nrfx_gpiote.o(i.nrfx_gpiote_init) for nrfx_gpiote_init
    app_button.o(i.app_button_init) refers to memseta.o(.text) for __aeabi_memclr
    app_button.o(i.app_button_init) refers to nrfx_gpiote.o(i.nrfx_gpiote_in_init) for nrfx_gpiote_in_init
    app_button.o(i.app_button_init) refers to app_timer2.o(i.app_timer_create) for app_timer_create
    app_button.o(i.app_button_init) refers to app_button.o(.data) for .data
    app_button.o(i.app_button_init) refers to app_button.o(.bss) for .bss
    app_button.o(i.app_button_init) refers to app_button.o(.constdata) for .constdata
    app_button.o(i.app_button_init) refers to app_button.o(i.gpiote_event_handler) for gpiote_event_handler
    app_button.o(i.app_button_init) refers to app_button.o(i.detection_delay_timeout_handler) for detection_delay_timeout_handler
    app_button.o(i.app_button_is_pushed) refers to nrfx_gpiote.o(i.nrfx_gpiote_in_is_set) for nrfx_gpiote_in_is_set
    app_button.o(i.app_button_is_pushed) refers to app_button.o(.data) for .data
    app_button.o(i.button_get) refers to app_button.o(.data) for .data
    app_button.o(i.detection_delay_timeout_handler) refers to nrfx_gpiote.o(i.nrfx_gpiote_in_is_set) for nrfx_gpiote_in_is_set
    app_button.o(i.detection_delay_timeout_handler) refers to app_button.o(i.evt_handle) for evt_handle
    app_button.o(i.detection_delay_timeout_handler) refers to app_button.o(i.timer_start) for timer_start
    app_button.o(i.detection_delay_timeout_handler) refers to app_button.o(.data) for .data
    app_button.o(i.evt_handle) refers to llshl.o(.text) for __aeabi_llsl
    app_button.o(i.evt_handle) refers to app_button.o(i.state_set) for state_set
    app_button.o(i.evt_handle) refers to app_util_platform.o(i.app_util_critical_region_enter) for app_util_critical_region_enter
    app_button.o(i.evt_handle) refers to app_button.o(i.usr_event) for usr_event
    app_button.o(i.evt_handle) refers to app_util_platform.o(i.app_util_critical_region_exit) for app_util_critical_region_exit
    app_button.o(i.evt_handle) refers to app_button.o(.bss) for .bss
    app_button.o(i.evt_handle) refers to app_button.o(.data) for .data
    app_button.o(i.gpiote_event_handler) refers to app_button.o(i.button_get) for button_get
    app_button.o(i.gpiote_event_handler) refers to nrfx_gpiote.o(i.nrfx_gpiote_in_is_set) for nrfx_gpiote_in_is_set
    app_button.o(i.gpiote_event_handler) refers to app_button.o(i.timer_start) for timer_start
    app_button.o(i.gpiote_event_handler) refers to app_button.o(.data) for .data
    app_button.o(i.state_set) refers to app_button.o(.bss) for .bss
    app_button.o(i.timer_start) refers to app_timer2.o(i.app_timer_start) for app_timer_start
    app_button.o(i.timer_start) refers to app_button.o(.data) for .data
    app_button.o(i.timer_start) refers to app_button.o(.constdata) for .constdata
    app_button.o(i.usr_event) refers to app_button.o(i.button_get) for button_get
    app_button.o(.constdata) refers to app_button.o(.data) for m_detection_delay_timer_id_data
    app_error.o(i.app_error_handler_bare) refers to main.o(i.app_error_fault_handler) for app_error_fault_handler
    app_error.o(i.app_error_save_and_stop) refers to app_error.o(.bss) for .bss
    app_error_handler_keil.o(.emb_text) refers to main.o(i.app_error_fault_handler) for app_error_fault_handler
    app_scheduler.o(i.app_sched_event_put) refers to app_util_platform.o(i.app_util_critical_region_enter) for app_util_critical_region_enter
    app_scheduler.o(i.app_sched_event_put) refers to app_util_platform.o(i.app_util_critical_region_exit) for app_util_critical_region_exit
    app_scheduler.o(i.app_sched_event_put) refers to memcpya.o(.text) for __aeabi_memcpy
    app_scheduler.o(i.app_sched_event_put) refers to app_scheduler.o(.data) for .data
    app_scheduler.o(i.app_sched_execute) refers to app_scheduler.o(.data) for .data
    app_scheduler.o(i.app_sched_init) refers to app_scheduler.o(.data) for .data
    app_scheduler.o(i.app_sched_queue_space_get) refers to app_scheduler.o(.data) for .data
    app_simple_timer.o(i.app_simple_timer_event_handler) refers to app_simple_timer.o(.data) for .data
    app_simple_timer.o(i.app_simple_timer_init) refers to nrfx_timer.o(i.nrfx_timer_init) for nrfx_timer_init
    app_simple_timer.o(i.app_simple_timer_init) refers to app_simple_timer.o(.constdata) for .constdata
    app_simple_timer.o(i.app_simple_timer_init) refers to app_simple_timer.o(i.app_simple_timer_event_handler) for app_simple_timer_event_handler
    app_simple_timer.o(i.app_simple_timer_init) refers to app_simple_timer.o(.data) for .data
    app_simple_timer.o(i.app_simple_timer_start) refers to app_simple_timer.o(i.app_simple_timer_stop) for app_simple_timer_stop
    app_simple_timer.o(i.app_simple_timer_start) refers to app_error.o(i.app_error_handler_bare) for app_error_handler_bare
    app_simple_timer.o(i.app_simple_timer_start) refers to nrfx_timer.o(i.nrfx_timer_clear) for nrfx_timer_clear
    app_simple_timer.o(i.app_simple_timer_start) refers to nrfx_timer.o(i.nrfx_timer_extended_compare) for nrfx_timer_extended_compare
    app_simple_timer.o(i.app_simple_timer_start) refers to nrfx_timer.o(i.nrfx_timer_enable) for nrfx_timer_enable
    app_simple_timer.o(i.app_simple_timer_start) refers to nrfx_timer.o(i.nrfx_timer_resume) for nrfx_timer_resume
    app_simple_timer.o(i.app_simple_timer_start) refers to app_simple_timer.o(.data) for .data
    app_simple_timer.o(i.app_simple_timer_start) refers to app_simple_timer.o(.constdata) for .constdata
    app_simple_timer.o(i.app_simple_timer_stop) refers to nrfx_timer.o(i.nrfx_timer_pause) for nrfx_timer_pause
    app_simple_timer.o(i.app_simple_timer_stop) refers to app_simple_timer.o(.data) for .data
    app_simple_timer.o(i.app_simple_timer_stop) refers to app_simple_timer.o(.constdata) for .constdata
    app_simple_timer.o(i.app_simple_timer_uninit) refers to nrfx_timer.o(i.nrfx_timer_uninit) for nrfx_timer_uninit
    app_simple_timer.o(i.app_simple_timer_uninit) refers to app_simple_timer.o(.data) for .data
    app_simple_timer.o(i.app_simple_timer_uninit) refers to app_simple_timer.o(.constdata) for .constdata
    app_timer2.o(i.app_timer_cnt_get) refers to drv_rtc.o(i.drv_rtc_counter_get) for drv_rtc_counter_get
    app_timer2.o(i.app_timer_cnt_get) refers to app_timer2.o(.data) for .data
    app_timer2.o(i.app_timer_init) refers to nrf_atfifo.o(i.nrf_atfifo_init) for nrf_atfifo_init
    app_timer2.o(i.app_timer_init) refers to drv_rtc.o(i.drv_rtc_init) for drv_rtc_init
    app_timer2.o(i.app_timer_init) refers to drv_rtc.o(i.drv_rtc_overflow_enable) for drv_rtc_overflow_enable
    app_timer2.o(i.app_timer_init) refers to drv_rtc.o(i.drv_rtc_compare_set) for drv_rtc_compare_set
    app_timer2.o(i.app_timer_init) refers to app_timer2.o(.constdata) for .constdata
    app_timer2.o(i.app_timer_init) refers to app_timer2.o(.bss) for .bss
    app_timer2.o(i.app_timer_init) refers to app_timer2.o(i.rtc_irq) for rtc_irq
    app_timer2.o(i.app_timer_init) refers to app_timer2.o(.data) for .data
    app_timer2.o(i.app_timer_pause) refers to drv_rtc.o(i.drv_rtc_stop) for drv_rtc_stop
    app_timer2.o(i.app_timer_pause) refers to app_timer2.o(.data) for .data
    app_timer2.o(i.app_timer_resume) refers to drv_rtc.o(i.drv_rtc_start) for drv_rtc_start
    app_timer2.o(i.app_timer_resume) refers to app_timer2.o(.data) for .data
    app_timer2.o(i.app_timer_start) refers to app_util_platform.o(i.app_util_critical_region_enter) for app_util_critical_region_enter
    app_timer2.o(i.app_timer_start) refers to app_util_platform.o(i.app_util_critical_region_exit) for app_util_critical_region_exit
    app_timer2.o(i.app_timer_start) refers to app_timer2.o(i.get_now) for get_now
    app_timer2.o(i.app_timer_start) refers to app_timer2.o(i.timer_req_schedule) for timer_req_schedule
    app_timer2.o(i.app_timer_stop) refers to app_util_platform.o(i.app_util_critical_region_enter) for app_util_critical_region_enter
    app_timer2.o(i.app_timer_stop) refers to app_util_platform.o(i.app_util_critical_region_exit) for app_util_critical_region_exit
    app_timer2.o(i.app_timer_stop) refers to app_timer2.o(i.timer_req_schedule) for timer_req_schedule
    app_timer2.o(i.app_timer_stop_all) refers to app_timer2.o(i.timer_req_schedule) for timer_req_schedule
    app_timer2.o(i.app_timer_stop_all) refers to app_timer2.o(.data) for .data
    app_timer2.o(i.get_now) refers to drv_rtc.o(i.drv_rtc_counter_get) for drv_rtc_counter_get
    app_timer2.o(i.get_now) refers to app_timer2.o(.data) for .data
    app_timer2.o(i.rtc_irq) refers to drv_rtc.o(i.drv_rtc_overflow_pending) for drv_rtc_overflow_pending
    app_timer2.o(i.rtc_irq) refers to drv_rtc.o(i.drv_rtc_compare_pending) for drv_rtc_compare_pending
    app_timer2.o(i.rtc_irq) refers to app_timer2.o(i.timer_expire) for timer_expire
    app_timer2.o(i.rtc_irq) refers to app_timer2.o(i.get_now) for get_now
    app_timer2.o(i.rtc_irq) refers to app_timer2.o(i.timer_req_process) for timer_req_process
    app_timer2.o(i.rtc_irq) refers to app_timer2.o(i.rtc_update) for rtc_update
    app_timer2.o(i.rtc_irq) refers to app_timer2.o(.data) for .data
    app_timer2.o(i.rtc_schedule) refers to app_timer2.o(i.get_now) for get_now
    app_timer2.o(i.rtc_schedule) refers to app_timer2.o(i.app_timer_cnt_get) for app_timer_cnt_get
    app_timer2.o(i.rtc_schedule) refers to drv_rtc.o(i.drv_rtc_windowed_compare_set) for drv_rtc_windowed_compare_set
    app_timer2.o(i.rtc_schedule) refers to drv_rtc.o(i.drv_rtc_compare_disable) for drv_rtc_compare_disable
    app_timer2.o(i.rtc_schedule) refers to app_timer2.o(i.timer_expire) for timer_expire
    app_timer2.o(i.rtc_schedule) refers to app_timer2.o(.data) for .data
    app_timer2.o(i.rtc_update) refers to nrf_sortlist.o(i.nrf_sortlist_peek) for nrf_sortlist_peek
    app_timer2.o(i.rtc_update) refers to nrf_sortlist.o(i.nrf_sortlist_add) for nrf_sortlist_add
    app_timer2.o(i.rtc_update) refers to app_timer2.o(i.sortlist_pop) for sortlist_pop
    app_timer2.o(i.rtc_update) refers to app_timer2.o(i.rtc_schedule) for rtc_schedule
    app_timer2.o(i.rtc_update) refers to drv_rtc.o(i.drv_rtc_stop) for drv_rtc_stop
    app_timer2.o(i.rtc_update) refers to drv_rtc.o(i.drv_rtc_start) for drv_rtc_start
    app_timer2.o(i.rtc_update) refers to app_timer2.o(.data) for .data
    app_timer2.o(i.rtc_update) refers to app_timer2.o(.constdata) for .constdata
    app_timer2.o(i.sortlist_pop) refers to nrf_sortlist.o(i.nrf_sortlist_pop) for nrf_sortlist_pop
    app_timer2.o(i.sortlist_pop) refers to app_timer2.o(.constdata) for .constdata
    app_timer2.o(i.timer_expire) refers to app_timer2.o(i.get_now) for get_now
    app_timer2.o(i.timer_expire) refers to app_util_platform.o(i.app_util_critical_region_enter) for app_util_critical_region_enter
    app_timer2.o(i.timer_expire) refers to app_util_platform.o(i.app_util_critical_region_exit) for app_util_critical_region_exit
    app_timer2.o(i.timer_expire) refers to nrf_sortlist.o(i.nrf_sortlist_add) for nrf_sortlist_add
    app_timer2.o(i.timer_expire) refers to app_timer2.o(.data) for .data
    app_timer2.o(i.timer_expire) refers to app_timer2.o(.constdata) for .constdata
    app_timer2.o(i.timer_req_process) refers to nrf_atfifo.o(i.nrf_atfifo_item_get) for nrf_atfifo_item_get
    app_timer2.o(i.timer_req_process) refers to nrf_sortlist.o(i.nrf_sortlist_add) for nrf_sortlist_add
    app_timer2.o(i.timer_req_process) refers to nrf_sortlist.o(i.nrf_sortlist_remove) for nrf_sortlist_remove
    app_timer2.o(i.timer_req_process) refers to app_timer2.o(i.sortlist_pop) for sortlist_pop
    app_timer2.o(i.timer_req_process) refers to nrf_atfifo.o(i.nrf_atfifo_item_free) for nrf_atfifo_item_free
    app_timer2.o(i.timer_req_process) refers to app_timer2.o(.constdata) for .constdata
    app_timer2.o(i.timer_req_process) refers to app_timer2.o(.data) for .data
    app_timer2.o(i.timer_req_schedule) refers to nrf_atfifo.o(i.nrf_atfifo_item_alloc) for nrf_atfifo_item_alloc
    app_timer2.o(i.timer_req_schedule) refers to nrf_atfifo.o(i.nrf_atfifo_item_put) for nrf_atfifo_item_put
    app_timer2.o(i.timer_req_schedule) refers to drv_rtc.o(i.drv_rtc_irq_trigger) for drv_rtc_irq_trigger
    app_timer2.o(i.timer_req_schedule) refers to app_timer2.o(.constdata) for .constdata
    app_timer2.o(i.timer_req_schedule) refers to app_timer2.o(.data) for .data
    app_timer2.o(.constdata) refers to app_timer2.o(.bss) for m_req_fifo_inst
    app_timer2.o(.constdata) refers to app_timer2.o(.data) for m_app_timer_sortlist_sortlist_cb
    app_timer2.o(.constdata) refers to app_timer2.o(i.compare_func) for compare_func
    app_util_platform.o(i.app_util_critical_region_enter) refers to app_util_platform.o(i.app_util_disable_irq) for app_util_disable_irq
    app_util_platform.o(i.app_util_critical_region_exit) refers to app_util_platform.o(i.app_util_enable_irq) for app_util_enable_irq
    app_util_platform.o(i.app_util_disable_irq) refers to app_util_platform.o(.data) for .data
    app_util_platform.o(i.app_util_enable_irq) refers to app_util_platform.o(.data) for .data
    drv_rtc.o(i.RTC1_IRQHandler) refers to drv_rtc.o(.data) for .data
    drv_rtc.o(i.drv_rtc_compare_enable) refers to drv_rtc.o(i.evt_enable) for evt_enable
    drv_rtc.o(i.drv_rtc_compare_pending) refers to drv_rtc.o(i.evt_pending) for evt_pending
    drv_rtc.o(i.drv_rtc_compare_set) refers to drv_rtc.o(i.nrf_rtc_event_clear) for nrf_rtc_event_clear
    drv_rtc.o(i.drv_rtc_init) refers to drv_rtc.o(.data) for .data
    drv_rtc.o(i.drv_rtc_overflow_enable) refers to drv_rtc.o(i.evt_enable) for evt_enable
    drv_rtc.o(i.drv_rtc_overflow_pending) refers to drv_rtc.o(i.evt_pending) for evt_pending
    drv_rtc.o(i.drv_rtc_tick_enable) refers to drv_rtc.o(i.evt_enable) for evt_enable
    drv_rtc.o(i.drv_rtc_tick_pending) refers to drv_rtc.o(i.evt_pending) for evt_pending
    drv_rtc.o(i.drv_rtc_uninit) refers to drv_rtc.o(.data) for .data
    drv_rtc.o(i.drv_rtc_windowed_compare_set) refers to drv_rtc.o(i.nrf_rtc_event_clear) for nrf_rtc_event_clear
    drv_rtc.o(i.drv_rtc_windowed_compare_set) refers to drv_rtc.o(i.nrfx_coredep_delay_us) for nrfx_coredep_delay_us
    drv_rtc.o(i.drv_rtc_windowed_compare_set) refers to drv_rtc.o(i.evt_enable) for evt_enable
    drv_rtc.o(i.evt_pending) refers to drv_rtc.o(i.nrf_rtc_event_clear) for nrf_rtc_event_clear
    drv_rtc.o(i.nrfx_coredep_delay_us) refers to drv_rtc.o(.constdata) for .constdata
    nrf_assert.o(i.assert_nrf_callback) refers to main.o(i.app_error_fault_handler) for app_error_fault_handler
    nrf_atfifo.o(i.nrf_atfifo_alloc_put) refers to nrf_atfifo.o(i.nrf_atfifo_item_alloc) for nrf_atfifo_item_alloc
    nrf_atfifo.o(i.nrf_atfifo_alloc_put) refers to memcpya.o(.text) for __aeabi_memcpy
    nrf_atfifo.o(i.nrf_atfifo_alloc_put) refers to nrf_atfifo.o(i.nrf_atfifo_item_put) for nrf_atfifo_item_put
    nrf_atfifo.o(i.nrf_atfifo_clear) refers to nrf_atfifo.o(.emb_text) for __asm___12_nrf_atfifo_c_51f461e1__nrf_atfifo_space_clear
    nrf_atfifo.o(i.nrf_atfifo_get_free) refers to nrf_atfifo.o(i.nrf_atfifo_item_get) for nrf_atfifo_item_get
    nrf_atfifo.o(i.nrf_atfifo_get_free) refers to memcpya.o(.text) for __aeabi_memcpy
    nrf_atfifo.o(i.nrf_atfifo_get_free) refers to nrf_atfifo.o(i.nrf_atfifo_item_free) for nrf_atfifo_item_free
    nrf_atfifo.o(i.nrf_atfifo_item_alloc) refers to nrf_atfifo.o(.emb_text) for __asm___12_nrf_atfifo_c_51f461e1__nrf_atfifo_wspace_req
    nrf_atfifo.o(i.nrf_atfifo_item_free) refers to nrf_atfifo.o(.emb_text) for __asm___12_nrf_atfifo_c_51f461e1__nrf_atfifo_rspace_close
    nrf_atfifo.o(i.nrf_atfifo_item_get) refers to nrf_atfifo.o(.emb_text) for __asm___12_nrf_atfifo_c_51f461e1__nrf_atfifo_rspace_req
    nrf_atfifo.o(i.nrf_atfifo_item_put) refers to nrf_atfifo.o(.emb_text) for __asm___12_nrf_atfifo_c_51f461e1__nrf_atfifo_wspace_close
    nrf_atomic.o(i.nrf_atomic_flag_clear) refers to nrf_atomic.o(i.nrf_atomic_u32_and) for nrf_atomic_u32_and
    nrf_atomic.o(i.nrf_atomic_flag_clear_fetch) refers to nrf_atomic.o(i.nrf_atomic_u32_fetch_and) for nrf_atomic_u32_fetch_and
    nrf_atomic.o(i.nrf_atomic_flag_set) refers to nrf_atomic.o(i.nrf_atomic_u32_or) for nrf_atomic_u32_or
    nrf_atomic.o(i.nrf_atomic_flag_set_fetch) refers to nrf_atomic.o(i.nrf_atomic_u32_fetch_or) for nrf_atomic_u32_fetch_or
    nrf_atomic.o(i.nrf_atomic_u32_add) refers to nrf_atomic.o(.emb_text) for __asm___12_nrf_atomic_c_85ca2469__nrf_atomic_internal_add
    nrf_atomic.o(i.nrf_atomic_u32_and) refers to nrf_atomic.o(.emb_text) for __asm___12_nrf_atomic_c_85ca2469__nrf_atomic_internal_and
    nrf_atomic.o(i.nrf_atomic_u32_cmp_exch) refers to nrf_atomic.o(.emb_text) for __asm___12_nrf_atomic_c_85ca2469__nrf_atomic_internal_cmp_exch
    nrf_atomic.o(i.nrf_atomic_u32_fetch_add) refers to nrf_atomic.o(.emb_text) for __asm___12_nrf_atomic_c_85ca2469__nrf_atomic_internal_add
    nrf_atomic.o(i.nrf_atomic_u32_fetch_and) refers to nrf_atomic.o(.emb_text) for __asm___12_nrf_atomic_c_85ca2469__nrf_atomic_internal_and
    nrf_atomic.o(i.nrf_atomic_u32_fetch_or) refers to nrf_atomic.o(.emb_text) for __asm___12_nrf_atomic_c_85ca2469__nrf_atomic_internal_orr
    nrf_atomic.o(i.nrf_atomic_u32_fetch_store) refers to nrf_atomic.o(.emb_text) for __asm___12_nrf_atomic_c_85ca2469__nrf_atomic_internal_mov
    nrf_atomic.o(i.nrf_atomic_u32_fetch_sub) refers to nrf_atomic.o(.emb_text) for __asm___12_nrf_atomic_c_85ca2469__nrf_atomic_internal_sub
    nrf_atomic.o(i.nrf_atomic_u32_fetch_sub_hs) refers to nrf_atomic.o(.emb_text) for __asm___12_nrf_atomic_c_85ca2469__nrf_atomic_internal_sub_hs
    nrf_atomic.o(i.nrf_atomic_u32_fetch_xor) refers to nrf_atomic.o(.emb_text) for __asm___12_nrf_atomic_c_85ca2469__nrf_atomic_internal_eor
    nrf_atomic.o(i.nrf_atomic_u32_or) refers to nrf_atomic.o(.emb_text) for __asm___12_nrf_atomic_c_85ca2469__nrf_atomic_internal_orr
    nrf_atomic.o(i.nrf_atomic_u32_store) refers to nrf_atomic.o(.emb_text) for __asm___12_nrf_atomic_c_85ca2469__nrf_atomic_internal_mov
    nrf_atomic.o(i.nrf_atomic_u32_sub) refers to nrf_atomic.o(.emb_text) for __asm___12_nrf_atomic_c_85ca2469__nrf_atomic_internal_sub
    nrf_atomic.o(i.nrf_atomic_u32_sub_hs) refers to nrf_atomic.o(.emb_text) for __asm___12_nrf_atomic_c_85ca2469__nrf_atomic_internal_sub_hs
    nrf_atomic.o(i.nrf_atomic_u32_xor) refers to nrf_atomic.o(.emb_text) for __asm___12_nrf_atomic_c_85ca2469__nrf_atomic_internal_eor
    nrf_balloc.o(i.nrf_balloc_alloc) refers to app_util_platform.o(i.app_util_critical_region_enter) for app_util_critical_region_enter
    nrf_balloc.o(i.nrf_balloc_alloc) refers to app_util_platform.o(i.app_util_critical_region_exit) for app_util_critical_region_exit
    nrf_balloc.o(i.nrf_balloc_free) refers to app_util_platform.o(i.app_util_critical_region_enter) for app_util_critical_region_enter
    nrf_balloc.o(i.nrf_balloc_free) refers to app_util_platform.o(i.app_util_critical_region_exit) for app_util_critical_region_exit
    nrf_fprintf.o(i.nrf_fprintf) refers to nrf_fprintf_format.o(i.nrf_fprintf_fmt) for nrf_fprintf_fmt
    nrf_fprintf_format.o(i.buffer_add) refers to nrf_fprintf.o(i.nrf_fprintf_buffer_flush) for nrf_fprintf_buffer_flush
    nrf_fprintf_format.o(i.int_print) refers to nrf_fprintf_format.o(i.buffer_add) for buffer_add
    nrf_fprintf_format.o(i.int_print) refers to nrf_fprintf_format.o(i.unsigned_print) for unsigned_print
    nrf_fprintf_format.o(i.nrf_fprintf_fmt) refers to nrf_fprintf_format.o(i.buffer_add) for buffer_add
    nrf_fprintf_format.o(i.nrf_fprintf_fmt) refers to nrf_fprintf.o(i.nrf_fprintf_buffer_flush) for nrf_fprintf_buffer_flush
    nrf_fprintf_format.o(i.nrf_fprintf_fmt) refers to nrf_fprintf_format.o(i.int_print) for int_print
    nrf_fprintf_format.o(i.nrf_fprintf_fmt) refers to nrf_fprintf_format.o(i.unsigned_print) for unsigned_print
    nrf_fprintf_format.o(i.nrf_fprintf_fmt) refers to strlen.o(.text) for strlen
    nrf_fprintf_format.o(i.unsigned_print) refers to nrf_fprintf_format.o(i.buffer_add) for buffer_add
    nrf_fprintf_format.o(i.unsigned_print) refers to nrf_fprintf_format.o(.constdata) for .constdata
    nrf_memobj.o(i.memobj_op) refers to memcpya.o(.text) for __aeabi_memcpy
    nrf_memobj.o(i.nrf_memobj_alloc) refers to nrf_balloc.o(i.nrf_balloc_alloc) for nrf_balloc_alloc
    nrf_memobj.o(i.nrf_memobj_alloc) refers to nrf_memobj.o(i.nrf_memobj_free) for nrf_memobj_free
    nrf_memobj.o(i.nrf_memobj_free) refers to nrf_balloc.o(i.nrf_balloc_free) for nrf_balloc_free
    nrf_memobj.o(i.nrf_memobj_get) refers to nrf_atomic.o(i.nrf_atomic_u32_add) for nrf_atomic_u32_add
    nrf_memobj.o(i.nrf_memobj_pool_init) refers to nrf_balloc.o(i.nrf_balloc_init) for nrf_balloc_init
    nrf_memobj.o(i.nrf_memobj_put) refers to nrf_atomic.o(i.nrf_atomic_u32_sub) for nrf_atomic_u32_sub
    nrf_memobj.o(i.nrf_memobj_put) refers to nrf_memobj.o(i.nrf_memobj_free) for nrf_memobj_free
    nrf_memobj.o(i.nrf_memobj_read) refers to nrf_memobj.o(i.memobj_op) for memobj_op
    nrf_memobj.o(i.nrf_memobj_write) refers to nrf_memobj.o(i.memobj_op) for memobj_op
    nrf_ringbuf.o(i.nrf_ringbuf_alloc) refers to nrf_atomic.o(i.nrf_atomic_flag_set_fetch) for nrf_atomic_flag_set_fetch
    nrf_ringbuf.o(i.nrf_ringbuf_alloc) refers to nrf_atomic.o(i.nrf_atomic_flag_clear) for nrf_atomic_flag_clear
    nrf_ringbuf.o(i.nrf_ringbuf_cpy_get) refers to nrf_atomic.o(i.nrf_atomic_flag_set_fetch) for nrf_atomic_flag_set_fetch
    nrf_ringbuf.o(i.nrf_ringbuf_cpy_get) refers to memcpya.o(.text) for __aeabi_memcpy
    nrf_ringbuf.o(i.nrf_ringbuf_cpy_get) refers to nrf_atomic.o(i.nrf_atomic_flag_clear) for nrf_atomic_flag_clear
    nrf_ringbuf.o(i.nrf_ringbuf_cpy_put) refers to nrf_atomic.o(i.nrf_atomic_flag_set_fetch) for nrf_atomic_flag_set_fetch
    nrf_ringbuf.o(i.nrf_ringbuf_cpy_put) refers to memcpya.o(.text) for __aeabi_memcpy
    nrf_ringbuf.o(i.nrf_ringbuf_cpy_put) refers to nrf_atomic.o(i.nrf_atomic_flag_clear) for nrf_atomic_flag_clear
    nrf_ringbuf.o(i.nrf_ringbuf_free) refers to nrf_atomic.o(i.nrf_atomic_flag_clear) for nrf_atomic_flag_clear
    nrf_ringbuf.o(i.nrf_ringbuf_get) refers to nrf_atomic.o(i.nrf_atomic_flag_set_fetch) for nrf_atomic_flag_set_fetch
    nrf_ringbuf.o(i.nrf_ringbuf_get) refers to nrf_atomic.o(i.nrf_atomic_flag_clear) for nrf_atomic_flag_clear
    nrf_ringbuf.o(i.nrf_ringbuf_put) refers to nrf_atomic.o(i.nrf_atomic_flag_clear_fetch) for nrf_atomic_flag_clear_fetch
    nrf_strerror.o(i.nrf_strerror_find) refers to nrf_strerror.o(.constdata) for .constdata
    nrf_strerror.o(i.nrf_strerror_get) refers to nrf_strerror.o(i.nrf_strerror_find) for nrf_strerror_find
    nrf_strerror.o(i.nrf_strerror_get) refers to nrf_strerror.o(.constdata) for .constdata
    nrf_strerror.o(.constdata) refers to nrf_strerror.o(.conststring) for .conststring
    arm_startup_nrf52.o(RESET) refers to arm_startup_nrf52.o(STACK) for __initial_sp
    arm_startup_nrf52.o(RESET) refers to arm_startup_nrf52.o(.text) for Reset_Handler
    arm_startup_nrf52.o(RESET) refers to nrfx_gpiote.o(i.GPIOTE_IRQHandler) for GPIOTE_IRQHandler
    arm_startup_nrf52.o(RESET) refers to nrfx_timer.o(i.TIMER1_IRQHandler) for TIMER1_IRQHandler
    arm_startup_nrf52.o(RESET) refers to drv_rtc.o(i.RTC1_IRQHandler) for RTC1_IRQHandler
    arm_startup_nrf52.o(.text) refers to system_nrf52.o(i.SystemInit) for SystemInit
    arm_startup_nrf52.o(.text) refers to entry.o(.ARM.Collect$$$$00000000) for __main
    system_nrf52.o(i.SystemCoreClockUpdate) refers to system_nrf52.o(.data) for .data
    system_nrf52.o(i.SystemInit) refers to system_nrf52.o(i.nvmc_config) for nvmc_config
    system_nrf52.o(i.SystemInit) refers to system_nrf52.o(.data) for .data
    entry.o(.ARM.Collect$$$$00000000) refers (Special) to entry10a.o(.ARM.Collect$$$$0000000F) for __rt_final_cpp
    entry.o(.ARM.Collect$$$$00000000) refers (Special) to entry11a.o(.ARM.Collect$$$$00000011) for __rt_final_exit
    entry.o(.ARM.Collect$$$$00000000) refers (Special) to entry12b.o(.ARM.Collect$$$$0000000E) for __rt_lib_shutdown_fini
    entry.o(.ARM.Collect$$$$00000000) refers (Special) to entry7b.o(.ARM.Collect$$$$00000008) for _main_clock
    entry.o(.ARM.Collect$$$$00000000) refers (Special) to entry8b.o(.ARM.Collect$$$$0000000A) for _main_cpp_init
    entry.o(.ARM.Collect$$$$00000000) refers (Special) to entry9a.o(.ARM.Collect$$$$0000000B) for _main_init
    entry.o(.ARM.Collect$$$$00000000) refers (Special) to entry5.o(.ARM.Collect$$$$00000004) for _main_scatterload
    entry.o(.ARM.Collect$$$$00000000) refers (Special) to entry2.o(.ARM.Collect$$$$00000001) for _main_stk
    uldiv.o(.text) refers to llushr.o(.text) for __aeabi_llsr
    uldiv.o(.text) refers to llshl.o(.text) for __aeabi_llsl
    entry2.o(.ARM.Collect$$$$00000001) refers to entry2.o(.ARM.Collect$$$$00002712) for __lit__00000000
    entry2.o(.ARM.Collect$$$$00002712) refers to arm_startup_nrf52.o(STACK) for __initial_sp
    entry2.o(__vectab_stack_and_reset_area) refers to arm_startup_nrf52.o(STACK) for __initial_sp
    entry2.o(__vectab_stack_and_reset_area) refers to entry.o(.ARM.Collect$$$$00000000) for __main
    entry5.o(.ARM.Collect$$$$00000004) refers to init.o(.text) for __scatterload
    entry9a.o(.ARM.Collect$$$$0000000B) refers to main.o(i.main) for main
    entry9b.o(.ARM.Collect$$$$0000000C) refers to main.o(i.main) for main
    init.o(.text) refers to entry5.o(.ARM.Collect$$$$00000004) for __main_after_scatterload


==============================================================================

Removing Unused input sections from the image.

    Removing main.o(.rev16_text), (4 bytes).
    Removing main.o(.revsh_text), (4 bytes).
    Removing main.o(.rrx_text), (6 bytes).
    Removing boards.o(.rev16_text), (4 bytes).
    Removing boards.o(.revsh_text), (4 bytes).
    Removing boards.o(.rrx_text), (6 bytes).
    Removing boards.o(i.bsp_board_button_idx_to_pin), (12 bytes).
    Removing boards.o(i.bsp_board_button_state_get), (32 bytes).
    Removing boards.o(i.bsp_board_led_idx_to_pin), (12 bytes).
    Removing boards.o(i.bsp_board_led_state_get), (32 bytes).
    Removing boards.o(i.bsp_board_leds_on), (18 bytes).
    Removing boards.o(i.bsp_board_pin_to_button_idx), (36 bytes).
    Removing boards.o(i.bsp_board_pin_to_led_idx), (36 bytes).
    Removing bsp.o(.rev16_text), (4 bytes).
    Removing bsp.o(.revsh_text), (4 bytes).
    Removing bsp.o(.rrx_text), (6 bytes).
    Removing bsp.o(i.alert_timer_handler), (6 bytes).
    Removing bsp.o(i.bsp_button_event_handler), (144 bytes).
    Removing bsp.o(i.bsp_button_is_pressed), (12 bytes).
    Removing bsp.o(i.bsp_buttons_disable), (4 bytes).
    Removing bsp.o(i.bsp_buttons_enable), (4 bytes).
    Removing bsp.o(i.bsp_event_to_button_action_assign), (68 bytes).
    Removing bsp.o(i.bsp_indication_set), (24 bytes).
    Removing bsp.o(i.bsp_init), (148 bytes).
    Removing bsp.o(i.bsp_led_indication), (456 bytes).
    Removing bsp.o(i.bsp_wakeup_button_disable), (6 bytes).
    Removing bsp.o(i.bsp_wakeup_button_enable), (6 bytes).
    Removing bsp.o(i.button_timer_handler), (8 bytes).
    Removing bsp.o(i.leds_off), (48 bytes).
    Removing bsp.o(i.leds_timer_handler), (20 bytes).
    Removing bsp.o(i.wakeup_button_cfg), (58 bytes).
    Removing bsp.o(.bss), (12 bytes).
    Removing bsp.o(.constdata), (44 bytes).
    Removing bsp.o(.data), (16 bytes).
    Removing bsp.o(.data), (32 bytes).
    Removing bsp.o(.data), (32 bytes).
    Removing bsp.o(.data), (32 bytes).
    Removing nrf_nvic.o(.rev16_text), (4 bytes).
    Removing nrf_nvic.o(.revsh_text), (4 bytes).
    Removing nrf_nvic.o(.rrx_text), (6 bytes).
    Removing nrf_nvic.o(i.sd_nvic_ClearPendingIRQ), (28 bytes).
    Removing nrf_nvic.o(i.sd_nvic_DisableIRQ), (36 bytes).
    Removing nrf_nvic.o(i.sd_nvic_EnableIRQ), (28 bytes).
    Removing nrf_nvic.o(i.sd_nvic_GetPendingIRQ), (46 bytes).
    Removing nrf_nvic.o(i.sd_nvic_GetPriority), (40 bytes).
    Removing nrf_nvic.o(i.sd_nvic_SetPendingIRQ), (28 bytes).
    Removing nrf_nvic.o(i.sd_nvic_SetPriority), (34 bytes).
    Removing nrf_nvic.o(i.sd_nvic_SystemReset), (36 bytes).
    Removing nrf_nvic.o(i.sd_nvic_critical_region_enter), (28 bytes).
    Removing nrf_nvic.o(i.sd_nvic_critical_region_exit), (24 bytes).
    Removing nrf_nvic.o(.data), (1 bytes).
    Removing nrf_soc.o(.rev16_text), (4 bytes).
    Removing nrf_soc.o(.revsh_text), (4 bytes).
    Removing nrf_soc.o(.rrx_text), (6 bytes).
    Removing nrf_soc.o(i.sd_app_evt_wait), (6 bytes).
    Removing nrfx_atomic.o(.rev16_text), (4 bytes).
    Removing nrfx_atomic.o(.revsh_text), (4 bytes).
    Removing nrfx_atomic.o(.rrx_text), (6 bytes).
    Removing nrfx_atomic.o(.emb_text), (226 bytes).
    Removing nrfx_atomic.o(i.nrfx_atomic_flag_clear), (6 bytes).
    Removing nrfx_atomic.o(i.nrfx_atomic_flag_clear_fetch), (6 bytes).
    Removing nrfx_atomic.o(i.nrfx_atomic_flag_set), (6 bytes).
    Removing nrfx_atomic.o(i.nrfx_atomic_flag_set_fetch), (6 bytes).
    Removing nrfx_atomic.o(i.nrfx_atomic_u32_add), (12 bytes).
    Removing nrfx_atomic.o(i.nrfx_atomic_u32_and), (12 bytes).
    Removing nrfx_atomic.o(i.nrfx_atomic_u32_cmp_exch), (4 bytes).
    Removing nrfx_atomic.o(i.nrfx_atomic_u32_fetch_add), (10 bytes).
    Removing nrfx_atomic.o(i.nrfx_atomic_u32_fetch_and), (10 bytes).
    Removing nrfx_atomic.o(i.nrfx_atomic_u32_fetch_or), (10 bytes).
    Removing nrfx_atomic.o(i.nrfx_atomic_u32_fetch_store), (10 bytes).
    Removing nrfx_atomic.o(i.nrfx_atomic_u32_fetch_sub), (10 bytes).
    Removing nrfx_atomic.o(i.nrfx_atomic_u32_fetch_sub_hs), (10 bytes).
    Removing nrfx_atomic.o(i.nrfx_atomic_u32_fetch_xor), (10 bytes).
    Removing nrfx_atomic.o(i.nrfx_atomic_u32_or), (12 bytes).
    Removing nrfx_atomic.o(i.nrfx_atomic_u32_store), (12 bytes).
    Removing nrfx_atomic.o(i.nrfx_atomic_u32_sub), (12 bytes).
    Removing nrfx_atomic.o(i.nrfx_atomic_u32_sub_hs), (12 bytes).
    Removing nrfx_atomic.o(i.nrfx_atomic_u32_xor), (12 bytes).
    Removing nrfx_gpiote.o(.rev16_text), (4 bytes).
    Removing nrfx_gpiote.o(.revsh_text), (4 bytes).
    Removing nrfx_gpiote.o(.rrx_text), (6 bytes).
    Removing nrfx_gpiote.o(i.channel_free), (28 bytes).
    Removing nrfx_gpiote.o(i.channel_port_alloc), (72 bytes).
    Removing nrfx_gpiote.o(i.nrf_gpio_cfg), (36 bytes).
    Removing nrfx_gpiote.o(i.nrf_gpio_cfg_default), (18 bytes).
    Removing nrfx_gpiote.o(i.nrf_gpio_pin_present_check), (30 bytes).
    Removing nrfx_gpiote.o(i.nrfx_gpiote_clr_task_addr_get), (16 bytes).
    Removing nrfx_gpiote.o(i.nrfx_gpiote_clr_task_get), (16 bytes).
    Removing nrfx_gpiote.o(i.nrfx_gpiote_clr_task_trigger), (28 bytes).
    Removing nrfx_gpiote.o(i.nrfx_gpiote_in_event_addr_get), (16 bytes).
    Removing nrfx_gpiote.o(i.nrfx_gpiote_in_event_disable), (72 bytes).
    Removing nrfx_gpiote.o(i.nrfx_gpiote_in_event_enable), (160 bytes).
    Removing nrfx_gpiote.o(i.nrfx_gpiote_in_event_get), (34 bytes).
    Removing nrfx_gpiote.o(i.nrfx_gpiote_in_init), (204 bytes).
    Removing nrfx_gpiote.o(i.nrfx_gpiote_in_is_set), (20 bytes).
    Removing nrfx_gpiote.o(i.nrfx_gpiote_in_uninit), (96 bytes).
    Removing nrfx_gpiote.o(i.nrfx_gpiote_init), (116 bytes).
    Removing nrfx_gpiote.o(i.nrfx_gpiote_is_init), (20 bytes).
    Removing nrfx_gpiote.o(i.nrfx_gpiote_out_clear), (14 bytes).
    Removing nrfx_gpiote.o(i.nrfx_gpiote_out_init), (188 bytes).
    Removing nrfx_gpiote.o(i.nrfx_gpiote_out_set), (14 bytes).
    Removing nrfx_gpiote.o(i.nrfx_gpiote_out_task_addr_get), (16 bytes).
    Removing nrfx_gpiote.o(i.nrfx_gpiote_out_task_disable), (36 bytes).
    Removing nrfx_gpiote.o(i.nrfx_gpiote_out_task_enable), (36 bytes).
    Removing nrfx_gpiote.o(i.nrfx_gpiote_out_task_force), (40 bytes).
    Removing nrfx_gpiote.o(i.nrfx_gpiote_out_task_get), (12 bytes).
    Removing nrfx_gpiote.o(i.nrfx_gpiote_out_task_trigger), (24 bytes).
    Removing nrfx_gpiote.o(i.nrfx_gpiote_out_toggle), (28 bytes).
    Removing nrfx_gpiote.o(i.nrfx_gpiote_out_uninit), (88 bytes).
    Removing nrfx_gpiote.o(i.nrfx_gpiote_set_task_addr_get), (16 bytes).
    Removing nrfx_gpiote.o(i.nrfx_gpiote_set_task_get), (16 bytes).
    Removing nrfx_gpiote.o(i.nrfx_gpiote_set_task_trigger), (28 bytes).
    Removing nrfx_gpiote.o(i.nrfx_gpiote_uninit), (64 bytes).
    Removing nrfx_gpiote.o(i.pin_configured_check), (20 bytes).
    Removing nrfx_gpiote.o(i.pin_configured_clear), (28 bytes).
    Removing nrfx_gpiote.o(i.pin_configured_set), (28 bytes).
    Removing nrfx_gpiote.o(i.pin_in_use_by_port), (24 bytes).
    Removing nrfx_gpiote.o(i.pin_in_use_by_te), (24 bytes).
    Removing nrfx_gpiote.o(.constdata), (17 bytes).
    Removing nrfx_gpiote.o(.constdata), (21 bytes).
    Removing nrfx_gpiote.o(.constdata), (20 bytes).
    Removing nrfx_timer.o(.rev16_text), (4 bytes).
    Removing nrfx_timer.o(.revsh_text), (4 bytes).
    Removing nrfx_timer.o(.rrx_text), (6 bytes).
    Removing nrfx_timer.o(i.nrfx_timer_capture), (30 bytes).
    Removing nrfx_timer.o(i.nrfx_timer_compare_int_disable), (14 bytes).
    Removing nrfx_timer.o(i.nrfx_timer_compare_int_enable), (36 bytes).
    Removing nrfx_timer.o(i.nrfx_timer_disable), (28 bytes).
    Removing nrfx_timer.o(i.nrfx_timer_increment), (8 bytes).
    Removing nrfx_timer.o(i.nrfx_timer_is_enabled), (32 bytes).
    Removing nrfx_timer.o(i.nrfx_timer_uninit), (92 bytes).
    Removing nrfx_timer.o(.constdata), (16 bytes).
    Removing app_button.o(.rev16_text), (4 bytes).
    Removing app_button.o(.revsh_text), (4 bytes).
    Removing app_button.o(.rrx_text), (6 bytes).
    Removing app_button.o(i.app_button_disable), (64 bytes).
    Removing app_button.o(i.app_button_enable), (36 bytes).
    Removing app_button.o(i.app_button_init), (128 bytes).
    Removing app_button.o(i.app_button_is_pushed), (36 bytes).
    Removing app_button.o(i.button_get), (40 bytes).
    Removing app_button.o(i.detection_delay_timeout_handler), (72 bytes).
    Removing app_button.o(i.evt_handle), (216 bytes).
    Removing app_button.o(i.gpiote_event_handler), (60 bytes).
    Removing app_button.o(i.state_set), (48 bytes).
    Removing app_button.o(i.timer_start), (24 bytes).
    Removing app_button.o(i.usr_event), (32 bytes).
    Removing app_button.o(.bss), (16 bytes).
    Removing app_button.o(.constdata), (8 bytes).
    Removing app_button.o(.data), (24 bytes).
    Removing app_button.o(.data), (32 bytes).
    Removing app_error.o(.rev16_text), (4 bytes).
    Removing app_error.o(.revsh_text), (4 bytes).
    Removing app_error.o(.rrx_text), (6 bytes).
    Removing app_error.o(i.app_error_save_and_stop), (100 bytes).
    Removing app_error.o(.bss), (32 bytes).
    Removing app_error_handler_keil.o(.rev16_text), (4 bytes).
    Removing app_error_handler_keil.o(.revsh_text), (4 bytes).
    Removing app_error_handler_keil.o(.rrx_text), (6 bytes).
    Removing app_error_handler_keil.o(.emb_text), (26 bytes).
    Removing app_error_weak.o(.rev16_text), (4 bytes).
    Removing app_error_weak.o(.revsh_text), (4 bytes).
    Removing app_error_weak.o(.rrx_text), (6 bytes).
    Removing app_error_weak.o(i.app_error_fault_handler), (48 bytes).
    Removing app_scheduler.o(.rev16_text), (4 bytes).
    Removing app_scheduler.o(.revsh_text), (4 bytes).
    Removing app_scheduler.o(.rrx_text), (6 bytes).
    Removing app_scheduler.o(i.app_sched_event_put), (156 bytes).
    Removing app_scheduler.o(i.app_sched_execute), (64 bytes).
    Removing app_scheduler.o(i.app_sched_init), (44 bytes).
    Removing app_scheduler.o(i.app_sched_queue_space_get), (36 bytes).
    Removing app_scheduler.o(.data), (16 bytes).
    Removing app_simple_timer.o(.rev16_text), (4 bytes).
    Removing app_simple_timer.o(.revsh_text), (4 bytes).
    Removing app_simple_timer.o(.rrx_text), (6 bytes).
    Removing app_simple_timer.o(i.app_simple_timer_uninit), (32 bytes).
    Removing app_timer2.o(.rev16_text), (4 bytes).
    Removing app_timer2.o(.revsh_text), (4 bytes).
    Removing app_timer2.o(.rrx_text), (6 bytes).
    Removing app_timer2.o(i.app_timer_cnt_diff_compute), (8 bytes).
    Removing app_timer2.o(i.app_timer_cnt_get), (12 bytes).
    Removing app_timer2.o(i.app_timer_create), (32 bytes).
    Removing app_timer2.o(i.app_timer_init), (92 bytes).
    Removing app_timer2.o(i.app_timer_pause), (12 bytes).
    Removing app_timer2.o(i.app_timer_resume), (12 bytes).
    Removing app_timer2.o(i.app_timer_start), (76 bytes).
    Removing app_timer2.o(i.app_timer_stop), (58 bytes).
    Removing app_timer2.o(i.app_timer_stop_all), (20 bytes).
    Removing app_timer2.o(i.compare_func), (24 bytes).
    Removing app_timer2.o(i.get_now), (52 bytes).
    Removing app_timer2.o(i.rtc_irq), (92 bytes).
    Removing app_timer2.o(i.rtc_schedule), (108 bytes).
    Removing app_timer2.o(i.rtc_update), (140 bytes).
    Removing app_timer2.o(i.sortlist_pop), (12 bytes).
    Removing app_timer2.o(i.timer_expire), (136 bytes).
    Removing app_timer2.o(i.timer_req_process), (128 bytes).
    Removing app_timer2.o(i.timer_req_schedule), (56 bytes).
    Removing app_timer2.o(.bss), (16 bytes).
    Removing app_timer2.o(.bss), (88 bytes).
    Removing app_timer2.o(.constdata), (20 bytes).
    Removing app_timer2.o(.data), (32 bytes).
    Removing app_timer2.o(.data), (4 bytes).
    Removing app_util_platform.o(.rev16_text), (4 bytes).
    Removing app_util_platform.o(.revsh_text), (4 bytes).
    Removing app_util_platform.o(.rrx_text), (6 bytes).
    Removing app_util_platform.o(i.app_util_critical_region_enter), (4 bytes).
    Removing app_util_platform.o(i.app_util_critical_region_exit), (4 bytes).
    Removing app_util_platform.o(i.app_util_disable_irq), (16 bytes).
    Removing app_util_platform.o(i.app_util_enable_irq), (20 bytes).
    Removing app_util_platform.o(i.current_int_priority_get), (48 bytes).
    Removing app_util_platform.o(i.privilege_level_get), (26 bytes).
    Removing app_util_platform.o(.data), (4 bytes).
    Removing drv_rtc.o(.rev16_text), (4 bytes).
    Removing drv_rtc.o(.revsh_text), (4 bytes).
    Removing drv_rtc.o(.rrx_text), (6 bytes).
    Removing drv_rtc.o(i.drv_rtc_compare_disable), (20 bytes).
    Removing drv_rtc.o(i.drv_rtc_compare_enable), (12 bytes).
    Removing drv_rtc.o(i.drv_rtc_compare_get), (14 bytes).
    Removing drv_rtc.o(i.drv_rtc_compare_pending), (14 bytes).
    Removing drv_rtc.o(i.drv_rtc_compare_set), (80 bytes).
    Removing drv_rtc.o(i.drv_rtc_counter_get), (8 bytes).
    Removing drv_rtc.o(i.drv_rtc_init), (124 bytes).
    Removing drv_rtc.o(i.drv_rtc_irq_trigger), (30 bytes).
    Removing drv_rtc.o(i.drv_rtc_overflow_disable), (16 bytes).
    Removing drv_rtc.o(i.drv_rtc_overflow_enable), (8 bytes).
    Removing drv_rtc.o(i.drv_rtc_overflow_pending), (8 bytes).
    Removing drv_rtc.o(i.drv_rtc_start), (8 bytes).
    Removing drv_rtc.o(i.drv_rtc_stop), (8 bytes).
    Removing drv_rtc.o(i.drv_rtc_tick_disable), (16 bytes).
    Removing drv_rtc.o(i.drv_rtc_tick_enable), (8 bytes).
    Removing drv_rtc.o(i.drv_rtc_tick_pending), (8 bytes).
    Removing drv_rtc.o(i.drv_rtc_uninit), (80 bytes).
    Removing drv_rtc.o(i.drv_rtc_windowed_compare_set), (222 bytes).
    Removing drv_rtc.o(i.evt_enable), (18 bytes).
    Removing drv_rtc.o(i.evt_pending), (20 bytes).
    Removing drv_rtc.o(i.nrf_rtc_event_clear), (12 bytes).
    Removing drv_rtc.o(i.nrfx_coredep_delay_us), (16 bytes).
    Removing drv_rtc.o(.constdata), (6 bytes).
    Removing nrf_assert.o(.rev16_text), (4 bytes).
    Removing nrf_assert.o(.revsh_text), (4 bytes).
    Removing nrf_assert.o(.rrx_text), (6 bytes).
    Removing nrf_assert.o(i.assert_nrf_callback), (20 bytes).
    Removing nrf_atfifo.o(.rev16_text), (4 bytes).
    Removing nrf_atfifo.o(.revsh_text), (4 bytes).
    Removing nrf_atfifo.o(.rrx_text), (6 bytes).
    Removing nrf_atfifo.o(.emb_text), (200 bytes).
    Removing nrf_atfifo.o(i.nrf_atfifo_alloc_put), (46 bytes).
    Removing nrf_atfifo.o(i.nrf_atfifo_clear), (16 bytes).
    Removing nrf_atfifo.o(i.nrf_atfifo_get_free), (48 bytes).
    Removing nrf_atfifo.o(i.nrf_atfifo_init), (38 bytes).
    Removing nrf_atfifo.o(i.nrf_atfifo_item_alloc), (22 bytes).
    Removing nrf_atfifo.o(i.nrf_atfifo_item_free), (22 bytes).
    Removing nrf_atfifo.o(i.nrf_atfifo_item_get), (22 bytes).
    Removing nrf_atfifo.o(i.nrf_atfifo_item_put), (22 bytes).
    Removing nrf_atomic.o(.rev16_text), (4 bytes).
    Removing nrf_atomic.o(.revsh_text), (4 bytes).
    Removing nrf_atomic.o(.rrx_text), (6 bytes).
    Removing nrf_atomic.o(.emb_text), (226 bytes).
    Removing nrf_atomic.o(i.nrf_atomic_flag_clear), (6 bytes).
    Removing nrf_atomic.o(i.nrf_atomic_flag_clear_fetch), (6 bytes).
    Removing nrf_atomic.o(i.nrf_atomic_flag_set), (6 bytes).
    Removing nrf_atomic.o(i.nrf_atomic_flag_set_fetch), (6 bytes).
    Removing nrf_atomic.o(i.nrf_atomic_u32_add), (12 bytes).
    Removing nrf_atomic.o(i.nrf_atomic_u32_and), (12 bytes).
    Removing nrf_atomic.o(i.nrf_atomic_u32_cmp_exch), (4 bytes).
    Removing nrf_atomic.o(i.nrf_atomic_u32_fetch_add), (10 bytes).
    Removing nrf_atomic.o(i.nrf_atomic_u32_fetch_and), (10 bytes).
    Removing nrf_atomic.o(i.nrf_atomic_u32_fetch_or), (10 bytes).
    Removing nrf_atomic.o(i.nrf_atomic_u32_fetch_store), (10 bytes).
    Removing nrf_atomic.o(i.nrf_atomic_u32_fetch_sub), (10 bytes).
    Removing nrf_atomic.o(i.nrf_atomic_u32_fetch_sub_hs), (10 bytes).
    Removing nrf_atomic.o(i.nrf_atomic_u32_fetch_xor), (10 bytes).
    Removing nrf_atomic.o(i.nrf_atomic_u32_or), (12 bytes).
    Removing nrf_atomic.o(i.nrf_atomic_u32_store), (12 bytes).
    Removing nrf_atomic.o(i.nrf_atomic_u32_sub), (12 bytes).
    Removing nrf_atomic.o(i.nrf_atomic_u32_sub_hs), (12 bytes).
    Removing nrf_atomic.o(i.nrf_atomic_u32_xor), (12 bytes).
    Removing nrf_balloc.o(.rev16_text), (4 bytes).
    Removing nrf_balloc.o(.revsh_text), (4 bytes).
    Removing nrf_balloc.o(.rrx_text), (6 bytes).
    Removing nrf_balloc.o(i.nrf_balloc_alloc), (62 bytes).
    Removing nrf_balloc.o(i.nrf_balloc_free), (42 bytes).
    Removing nrf_balloc.o(i.nrf_balloc_init), (48 bytes).
    Removing nrf_fprintf.o(.rev16_text), (4 bytes).
    Removing nrf_fprintf.o(.revsh_text), (4 bytes).
    Removing nrf_fprintf.o(.rrx_text), (6 bytes).
    Removing nrf_fprintf.o(i.nrf_fprintf), (26 bytes).
    Removing nrf_fprintf.o(i.nrf_fprintf_buffer_flush), (24 bytes).
    Removing nrf_fprintf_format.o(.rev16_text), (4 bytes).
    Removing nrf_fprintf_format.o(.revsh_text), (4 bytes).
    Removing nrf_fprintf_format.o(.rrx_text), (6 bytes).
    Removing nrf_fprintf_format.o(i.buffer_add), (46 bytes).
    Removing nrf_fprintf_format.o(i.int_print), (166 bytes).
    Removing nrf_fprintf_format.o(i.nrf_fprintf_fmt), (474 bytes).
    Removing nrf_fprintf_format.o(i.unsigned_print), (180 bytes).
    Removing nrf_fprintf_format.o(.constdata), (16 bytes).
    Removing nrf_memobj.o(.rev16_text), (4 bytes).
    Removing nrf_memobj.o(.revsh_text), (4 bytes).
    Removing nrf_memobj.o(.rrx_text), (6 bytes).
    Removing nrf_memobj.o(i.memobj_op), (126 bytes).
    Removing nrf_memobj.o(i.nrf_memobj_alloc), (96 bytes).
    Removing nrf_memobj.o(i.nrf_memobj_free), (50 bytes).
    Removing nrf_memobj.o(i.nrf_memobj_get), (8 bytes).
    Removing nrf_memobj.o(i.nrf_memobj_pool_init), (4 bytes).
    Removing nrf_memobj.o(i.nrf_memobj_put), (30 bytes).
    Removing nrf_memobj.o(i.nrf_memobj_read), (16 bytes).
    Removing nrf_memobj.o(i.nrf_memobj_write), (16 bytes).
    Removing nrf_ringbuf.o(.rev16_text), (4 bytes).
    Removing nrf_ringbuf.o(.revsh_text), (4 bytes).
    Removing nrf_ringbuf.o(.rrx_text), (6 bytes).
    Removing nrf_ringbuf.o(i.nrf_ringbuf_alloc), (112 bytes).
    Removing nrf_ringbuf.o(i.nrf_ringbuf_cpy_get), (128 bytes).
    Removing nrf_ringbuf.o(i.nrf_ringbuf_cpy_put), (118 bytes).
    Removing nrf_ringbuf.o(i.nrf_ringbuf_free), (38 bytes).
    Removing nrf_ringbuf.o(i.nrf_ringbuf_get), (112 bytes).
    Removing nrf_ringbuf.o(i.nrf_ringbuf_init), (28 bytes).
    Removing nrf_ringbuf.o(i.nrf_ringbuf_put), (48 bytes).
    Removing nrf_sortlist.o(.rev16_text), (4 bytes).
    Removing nrf_sortlist.o(.revsh_text), (4 bytes).
    Removing nrf_sortlist.o(.rrx_text), (6 bytes).
    Removing nrf_sortlist.o(i.nrf_sortlist_add), (34 bytes).
    Removing nrf_sortlist.o(i.nrf_sortlist_next), (4 bytes).
    Removing nrf_sortlist.o(i.nrf_sortlist_peek), (6 bytes).
    Removing nrf_sortlist.o(i.nrf_sortlist_pop), (14 bytes).
    Removing nrf_sortlist.o(i.nrf_sortlist_remove), (30 bytes).
    Removing nrf_strerror.o(.rev16_text), (4 bytes).
    Removing nrf_strerror.o(.revsh_text), (4 bytes).
    Removing nrf_strerror.o(.rrx_text), (6 bytes).
    Removing nrf_strerror.o(i.nrf_strerror_find), (56 bytes).
    Removing nrf_strerror.o(i.nrf_strerror_get), (20 bytes).
    Removing nrf_strerror.o(.constdata), (300 bytes).
    Removing nrf_strerror.o(.conststring), (957 bytes).
    Removing nrf_log_frontend.o(.rev16_text), (4 bytes).
    Removing nrf_log_frontend.o(.revsh_text), (4 bytes).
    Removing nrf_log_frontend.o(.rrx_text), (6 bytes).
    Removing nrf_log_str_formatter.o(.rev16_text), (4 bytes).
    Removing nrf_log_str_formatter.o(.revsh_text), (4 bytes).
    Removing nrf_log_str_formatter.o(.rrx_text), (6 bytes).
    Removing arm_startup_nrf52.o(HEAP), (8192 bytes).
    Removing system_nrf52.o(.rev16_text), (4 bytes).
    Removing system_nrf52.o(.revsh_text), (4 bytes).
    Removing system_nrf52.o(.rrx_text), (6 bytes).
    Removing system_nrf52.o(i.SystemCoreClockUpdate), (16 bytes).
    Removing system_nrf52.o(i.nvmc_wait), (16 bytes).

343 unused section(s) (total 20582 bytes) removed from the image.

==============================================================================

Image Symbol Table

    Local Symbols

    Symbol Name                              Value     Ov Type        Size  Object(Section)

    RESET                                    0x00000000   Section      512  arm_startup_nrf52.o(RESET)
    ../clib/microlib/division.c              0x00000000   Number         0  uldiv.o ABSOLUTE
    ../clib/microlib/init/entry.s            0x00000000   Number         0  entry10a.o ABSOLUTE
    ../clib/microlib/init/entry.s            0x00000000   Number         0  entry9b.o ABSOLUTE
    ../clib/microlib/init/entry.s            0x00000000   Number         0  entry7a.o ABSOLUTE
    ../clib/microlib/init/entry.s            0x00000000   Number         0  entry5.o ABSOLUTE
    ../clib/microlib/init/entry.s            0x00000000   Number         0  entry9a.o ABSOLUTE
    ../clib/microlib/init/entry.s            0x00000000   Number         0  entry8b.o ABSOLUTE
    ../clib/microlib/init/entry.s            0x00000000   Number         0  entry2.o ABSOLUTE
    ../clib/microlib/init/entry.s            0x00000000   Number         0  entry8a.o ABSOLUTE
    ../clib/microlib/init/entry.s            0x00000000   Number         0  entry.o ABSOLUTE
    ../clib/microlib/init/entry.s            0x00000000   Number         0  entry12b.o ABSOLUTE
    ../clib/microlib/init/entry.s            0x00000000   Number         0  entry7b.o ABSOLUTE
    ../clib/microlib/init/entry.s            0x00000000   Number         0  entry12a.o ABSOLUTE
    ../clib/microlib/init/entry.s            0x00000000   Number         0  entry11b.o ABSOLUTE
    ../clib/microlib/init/entry.s            0x00000000   Number         0  entry11a.o ABSOLUTE
    ../clib/microlib/init/entry.s            0x00000000   Number         0  entry10b.o ABSOLUTE
    ../clib/microlib/longlong.c              0x00000000   Number         0  llshl.o ABSOLUTE
    ../clib/microlib/longlong.c              0x00000000   Number         0  llushr.o ABSOLUTE
    ../clib/microlib/string/memcpy.c         0x00000000   Number         0  memcpyb.o ABSOLUTE
    ../clib/microlib/string/memcpy.c         0x00000000   Number         0  memcpya.o ABSOLUTE
    ../clib/microlib/string/memset.c         0x00000000   Number         0  memseta.o ABSOLUTE
    ../clib/microlib/string/strlen.c         0x00000000   Number         0  strlen.o ABSOLUTE
    ..\..\..\..\..\..\components\boards\boards.c 0x00000000   Number         0  boards.o ABSOLUTE
    ..\..\..\..\..\..\components\drivers_nrf\nrf_soc_nosd\nrf_nvic.c 0x00000000   Number         0  nrf_nvic.o ABSOLUTE
    ..\..\..\..\..\..\components\drivers_nrf\nrf_soc_nosd\nrf_soc.c 0x00000000   Number         0  nrf_soc.o ABSOLUTE
    ..\..\..\..\..\..\components\libraries\atomic\nrf_atomic.c 0x00000000   Number         0  nrf_atomic.o ABSOLUTE
    ..\..\..\..\..\..\components\libraries\atomic_fifo\nrf_atfifo.c 0x00000000   Number         0  nrf_atfifo.o ABSOLUTE
    ..\..\..\..\..\..\components\libraries\balloc\nrf_balloc.c 0x00000000   Number         0  nrf_balloc.o ABSOLUTE
    ..\..\..\..\..\..\components\libraries\bsp\bsp.c 0x00000000   Number         0  bsp.o ABSOLUTE
    ..\..\..\..\..\..\components\libraries\button\app_button.c 0x00000000   Number         0  app_button.o ABSOLUTE
    ..\..\..\..\..\..\components\libraries\log\src\nrf_log_frontend.c 0x00000000   Number         0  nrf_log_frontend.o ABSOLUTE
    ..\..\..\..\..\..\components\libraries\log\src\nrf_log_str_formatter.c 0x00000000   Number         0  nrf_log_str_formatter.o ABSOLUTE
    ..\..\..\..\..\..\components\libraries\memobj\nrf_memobj.c 0x00000000   Number         0  nrf_memobj.o ABSOLUTE
    ..\..\..\..\..\..\components\libraries\ringbuf\nrf_ringbuf.c 0x00000000   Number         0  nrf_ringbuf.o ABSOLUTE
    ..\..\..\..\..\..\components\libraries\scheduler\app_scheduler.c 0x00000000   Number         0  app_scheduler.o ABSOLUTE
    ..\..\..\..\..\..\components\libraries\simple_timer\app_simple_timer.c 0x00000000   Number         0  app_simple_timer.o ABSOLUTE
    ..\..\..\..\..\..\components\libraries\sortlist\nrf_sortlist.c 0x00000000   Number         0  nrf_sortlist.o ABSOLUTE
    ..\..\..\..\..\..\components\libraries\strerror\nrf_strerror.c 0x00000000   Number         0  nrf_strerror.o ABSOLUTE
    ..\..\..\..\..\..\components\libraries\timer\app_timer2.c 0x00000000   Number         0  app_timer2.o ABSOLUTE
    ..\..\..\..\..\..\components\libraries\timer\drv_rtc.c 0x00000000   Number         0  drv_rtc.o ABSOLUTE
    ..\..\..\..\..\..\components\libraries\util\app_error.c 0x00000000   Number         0  app_error.o ABSOLUTE
    ..\..\..\..\..\..\components\libraries\util\app_error_handler_keil.c 0x00000000   Number         0  app_error_handler_keil.o ABSOLUTE
    ..\..\..\..\..\..\components\libraries\util\app_error_weak.c 0x00000000   Number         0  app_error_weak.o ABSOLUTE
    ..\..\..\..\..\..\components\libraries\util\app_util_platform.c 0x00000000   Number         0  app_util_platform.o ABSOLUTE
    ..\..\..\..\..\..\components\libraries\util\nrf_assert.c 0x00000000   Number         0  nrf_assert.o ABSOLUTE
    ..\..\..\..\..\..\external\fprintf\nrf_fprintf.c 0x00000000   Number         0  nrf_fprintf.o ABSOLUTE
    ..\..\..\..\..\..\external\fprintf\nrf_fprintf_format.c 0x00000000   Number         0  nrf_fprintf_format.o ABSOLUTE
    ..\..\..\..\..\..\modules\nrfx\drivers\src\nrfx_gpiote.c 0x00000000   Number         0  nrfx_gpiote.o ABSOLUTE
    ..\..\..\..\..\..\modules\nrfx\drivers\src\nrfx_timer.c 0x00000000   Number         0  nrfx_timer.o ABSOLUTE
    ..\..\..\..\..\..\modules\nrfx\soc\nrfx_atomic.c 0x00000000   Number         0  nrfx_atomic.o ABSOLUTE
    ..\..\..\main.c                          0x00000000   Number         0  main.o ABSOLUTE
    ..\\..\\..\\..\\..\\..\\components\\boards\\boards.c 0x00000000   Number         0  boards.o ABSOLUTE
    ..\\..\\..\\..\\..\\..\\components\\drivers_nrf\\nrf_soc_nosd\\nrf_nvic.c 0x00000000   Number         0  nrf_nvic.o ABSOLUTE
    ..\\..\\..\\..\\..\\..\\components\\drivers_nrf\\nrf_soc_nosd\\nrf_soc.c 0x00000000   Number         0  nrf_soc.o ABSOLUTE
    ..\\..\\..\\..\\..\\..\\components\\libraries\\atomic\\nrf_atomic.c 0x00000000   Number         0  nrf_atomic.o ABSOLUTE
    ..\\..\\..\\..\\..\\..\\components\\libraries\\atomic_fifo\\nrf_atfifo.c 0x00000000   Number         0  nrf_atfifo.o ABSOLUTE
    ..\\..\\..\\..\\..\\..\\components\\libraries\\balloc\\nrf_balloc.c 0x00000000   Number         0  nrf_balloc.o ABSOLUTE
    ..\\..\\..\\..\\..\\..\\components\\libraries\\bsp\\bsp.c 0x00000000   Number         0  bsp.o ABSOLUTE
    ..\\..\\..\\..\\..\\..\\components\\libraries\\button\\app_button.c 0x00000000   Number         0  app_button.o ABSOLUTE
    ..\\..\\..\\..\\..\\..\\components\\libraries\\log\\src\\nrf_log_frontend.c 0x00000000   Number         0  nrf_log_frontend.o ABSOLUTE
    ..\\..\\..\\..\\..\\..\\components\\libraries\\log\\src\\nrf_log_str_formatter.c 0x00000000   Number         0  nrf_log_str_formatter.o ABSOLUTE
    ..\\..\\..\\..\\..\\..\\components\\libraries\\memobj\\nrf_memobj.c 0x00000000   Number         0  nrf_memobj.o ABSOLUTE
    ..\\..\\..\\..\\..\\..\\components\\libraries\\ringbuf\\nrf_ringbuf.c 0x00000000   Number         0  nrf_ringbuf.o ABSOLUTE
    ..\\..\\..\\..\\..\\..\\components\\libraries\\scheduler\\app_scheduler.c 0x00000000   Number         0  app_scheduler.o ABSOLUTE
    ..\\..\\..\\..\\..\\..\\components\\libraries\\simple_timer\\app_simple_timer.c 0x00000000   Number         0  app_simple_timer.o ABSOLUTE
    ..\\..\\..\\..\\..\\..\\components\\libraries\\sortlist\\nrf_sortlist.c 0x00000000   Number         0  nrf_sortlist.o ABSOLUTE
    ..\\..\\..\\..\\..\\..\\components\\libraries\\strerror\\nrf_strerror.c 0x00000000   Number         0  nrf_strerror.o ABSOLUTE
    ..\\..\\..\\..\\..\\..\\components\\libraries\\timer\\app_timer2.c 0x00000000   Number         0  app_timer2.o ABSOLUTE
    ..\\..\\..\\..\\..\\..\\components\\libraries\\timer\\drv_rtc.c 0x00000000   Number         0  drv_rtc.o ABSOLUTE
    ..\\..\\..\\..\\..\\..\\components\\libraries\\util\\app_error.c 0x00000000   Number         0  app_error.o ABSOLUTE
    ..\\..\\..\\..\\..\\..\\components\\libraries\\util\\app_error_handler_keil.c 0x00000000   Number         0  app_error_handler_keil.o ABSOLUTE
    ..\\..\\..\\..\\..\\..\\components\\libraries\\util\\app_error_weak.c 0x00000000   Number         0  app_error_weak.o ABSOLUTE
    ..\\..\\..\\..\\..\\..\\components\\libraries\\util\\app_util_platform.c 0x00000000   Number         0  app_util_platform.o ABSOLUTE
    ..\\..\\..\\..\\..\\..\\components\\libraries\\util\\nrf_assert.c 0x00000000   Number         0  nrf_assert.o ABSOLUTE
    ..\\..\\..\\..\\..\\..\\external\\fprintf\\nrf_fprintf.c 0x00000000   Number         0  nrf_fprintf.o ABSOLUTE
    ..\\..\\..\\..\\..\\..\\external\\fprintf\\nrf_fprintf_format.c 0x00000000   Number         0  nrf_fprintf_format.o ABSOLUTE
    ..\\..\\..\\..\\..\\..\\modules\\nrfx\\drivers\\src\\nrfx_gpiote.c 0x00000000   Number         0  nrfx_gpiote.o ABSOLUTE
    ..\\..\\..\\..\\..\\..\\modules\\nrfx\\drivers\\src\\nrfx_timer.c 0x00000000   Number         0  nrfx_timer.o ABSOLUTE
    ..\\..\\..\\..\\..\\..\\modules\\nrfx\\soc\\nrfx_atomic.c 0x00000000   Number         0  nrfx_atomic.o ABSOLUTE
    ..\\..\\..\\main.c                       0x00000000   Number         0  main.o ABSOLUTE
    RTE/Device/nRF52832_xxAA/arm_startup_nrf52.s 0x00000000   Number         0  arm_startup_nrf52.o ABSOLUTE
    RTE/Device/nRF52832_xxAA/system_nrf52.c  0x00000000   Number         0  system_nrf52.o ABSOLUTE
    RTE\Device\nRF52832_xxAA\system_nrf52.c  0x00000000   Number         0  system_nrf52.o ABSOLUTE
    dc.s                                     0x00000000   Number         0  dc.o ABSOLUTE
    handlers.s                               0x00000000   Number         0  handlers.o ABSOLUTE
    init.s                                   0x00000000   Number         0  init.o ABSOLUTE
    .ARM.Collect$$$$00000000                 0x00000200   Section        0  entry.o(.ARM.Collect$$$$00000000)
    .ARM.Collect$$$$00000001                 0x00000200   Section        4  entry2.o(.ARM.Collect$$$$00000001)
    .ARM.Collect$$$$00000004                 0x00000204   Section        4  entry5.o(.ARM.Collect$$$$00000004)
    .ARM.Collect$$$$00000008                 0x00000208   Section        0  entry7b.o(.ARM.Collect$$$$00000008)
    .ARM.Collect$$$$0000000A                 0x00000208   Section        0  entry8b.o(.ARM.Collect$$$$0000000A)
    .ARM.Collect$$$$0000000B                 0x00000208   Section        8  entry9a.o(.ARM.Collect$$$$0000000B)
    .ARM.Collect$$$$0000000E                 0x00000210   Section        4  entry12b.o(.ARM.Collect$$$$0000000E)
    .ARM.Collect$$$$0000000F                 0x00000214   Section        0  entry10a.o(.ARM.Collect$$$$0000000F)
    .ARM.Collect$$$$00000011                 0x00000214   Section        0  entry11a.o(.ARM.Collect$$$$00000011)
    .ARM.Collect$$$$00002712                 0x00000214   Section        4  entry2.o(.ARM.Collect$$$$00002712)
    __lit__00000000                          0x00000214   Data           4  entry2.o(.ARM.Collect$$$$00002712)
    .text                                    0x00000218   Section       36  arm_startup_nrf52.o(.text)
    $v0                                      0x00000218   Number         0  arm_startup_nrf52.o(.text)
    .text                                    0x0000023c   Section       36  init.o(.text)
    i.GPIOTE_IRQHandler                      0x00000260   Section        0  nrfx_gpiote.o(i.GPIOTE_IRQHandler)
    i.RTC1_IRQHandler                        0x00000304   Section        0  drv_rtc.o(i.RTC1_IRQHandler)
    i.SystemInit                             0x00000314   Section        0  system_nrf52.o(i.SystemInit)
    i.TIMER1_IRQHandler                      0x000005ec   Section        0  nrfx_timer.o(i.TIMER1_IRQHandler)
    i.__scatterload_copy                     0x0000063c   Section       14  handlers.o(i.__scatterload_copy)
    i.__scatterload_null                     0x0000064a   Section        2  handlers.o(i.__scatterload_null)
    i.__scatterload_zeroinit                 0x0000064c   Section       14  handlers.o(i.__scatterload_zeroinit)
    i.app_error_fault_handler                0x0000065a   Section        0  main.o(i.app_error_fault_handler)
    i.app_error_handler_bare                 0x00000676   Section        0  app_error.o(i.app_error_handler_bare)
    i.app_simple_timer_event_handler         0x0000068c   Section        0  app_simple_timer.o(i.app_simple_timer_event_handler)
    app_simple_timer_event_handler           0x0000068d   Thumb Code    24  app_simple_timer.o(i.app_simple_timer_event_handler)
    i.app_simple_timer_init                  0x000006a8   Section        0  app_simple_timer.o(i.app_simple_timer_init)
    i.app_simple_timer_start                 0x000006e8   Section        0  app_simple_timer.o(i.app_simple_timer_start)
    i.app_simple_timer_stop                  0x0000076c   Section        0  app_simple_timer.o(i.app_simple_timer_stop)
    i.bsp_board_init                         0x0000078c   Section        0  boards.o(i.bsp_board_init)
    i.bsp_board_led_invert                   0x000007e0   Section        0  boards.o(i.bsp_board_led_invert)
    i.bsp_board_led_off                      0x00000804   Section        0  boards.o(i.bsp_board_led_off)
    i.bsp_board_led_on                       0x00000814   Section        0  boards.o(i.bsp_board_led_on)
    i.bsp_board_leds_off                     0x00000824   Section        0  boards.o(i.bsp_board_leds_off)
    i.channel_port_get                       0x00000838   Section        0  nrfx_gpiote.o(i.channel_port_get)
    channel_port_get                         0x00000839   Thumb Code    10  nrfx_gpiote.o(i.channel_port_get)
    i.led_and_timer_control                  0x00000848   Section        0  main.o(i.led_and_timer_control)
    led_and_timer_control                    0x00000849   Thumb Code    46  main.o(i.led_and_timer_control)
    i.main                                   0x00000880   Section        0  main.o(i.main)
    i.nrf_bitmask_bit_is_set                 0x000008b2   Section        0  nrfx_gpiote.o(i.nrf_bitmask_bit_is_set)
    nrf_bitmask_bit_is_set                   0x000008b3   Thumb Code    16  nrfx_gpiote.o(i.nrf_bitmask_bit_is_set)
    i.nrf_delay_ms                           0x000008c4   Section        0  main.o(i.nrf_delay_ms)
    nrf_delay_ms                             0x000008c5   Thumb Code    28  main.o(i.nrf_delay_ms)
    i.nrf_gpio_cfg                           0x000008e4   Section        0  boards.o(i.nrf_gpio_cfg)
    nrf_gpio_cfg                             0x000008e5   Thumb Code    36  boards.o(i.nrf_gpio_cfg)
    i.nrf_gpio_cfg_sense_set                 0x00000908   Section        0  nrfx_gpiote.o(i.nrf_gpio_cfg_sense_set)
    nrf_gpio_cfg_sense_set                   0x00000909   Thumb Code    34  nrfx_gpiote.o(i.nrf_gpio_cfg_sense_set)
    i.nrf_gpio_latches_read_and_clear        0x0000092c   Section        0  nrfx_gpiote.o(i.nrf_gpio_latches_read_and_clear)
    nrf_gpio_latches_read_and_clear          0x0000092d   Thumb Code    38  nrfx_gpiote.o(i.nrf_gpio_latches_read_and_clear)
    i.nrf_gpio_pin_write                     0x00000958   Section        0  boards.o(i.nrf_gpio_pin_write)
    nrf_gpio_pin_write                       0x00000959   Thumb Code    22  boards.o(i.nrf_gpio_pin_write)
    i.nrf_gpiote_event_clear                 0x00000970   Section        0  nrfx_gpiote.o(i.nrf_gpiote_event_clear)
    nrf_gpiote_event_clear                   0x00000971   Thumb Code    16  nrfx_gpiote.o(i.nrf_gpiote_event_clear)
    i.nrf_gpiote_event_is_set                0x00000984   Section        0  nrfx_gpiote.o(i.nrf_gpiote_event_is_set)
    nrf_gpiote_event_is_set                  0x00000985   Thumb Code    12  nrfx_gpiote.o(i.nrf_gpiote_event_is_set)
    i.nrf_timer_event_clear                  0x00000994   Section        0  nrfx_timer.o(i.nrf_timer_event_clear)
    nrf_timer_event_clear                    0x00000995   Thumb Code    12  nrfx_timer.o(i.nrf_timer_event_clear)
    i.nrfx_timer_clear                       0x000009a0   Section        0  nrfx_timer.o(i.nrfx_timer_clear)
    i.nrfx_timer_compare                     0x000009a8   Section        0  nrfx_timer.o(i.nrfx_timer_compare)
    i.nrfx_timer_enable                      0x000009e4   Section        0  nrfx_timer.o(i.nrfx_timer_enable)
    i.nrfx_timer_extended_compare            0x00000a00   Section        0  nrfx_timer.o(i.nrfx_timer_extended_compare)
    i.nrfx_timer_init                        0x00000a2c   Section        0  nrfx_timer.o(i.nrfx_timer_init)
    i.nrfx_timer_pause                       0x00000aec   Section        0  nrfx_timer.o(i.nrfx_timer_pause)
    i.nrfx_timer_resume                      0x00000af4   Section        0  nrfx_timer.o(i.nrfx_timer_resume)
    i.nvmc_config                            0x00000afc   Section        0  system_nrf52.o(i.nvmc_config)
    i.port_event_handle                      0x00000b14   Section        0  nrfx_gpiote.o(i.port_event_handle)
    port_event_handle                        0x00000b15   Thumb Code   176  nrfx_gpiote.o(i.port_event_handle)
    i.port_handler_polarity_get              0x00000bc8   Section        0  nrfx_gpiote.o(i.port_handler_polarity_get)
    port_handler_polarity_get                0x00000bc9   Thumb Code    12  nrfx_gpiote.o(i.port_handler_polarity_get)
    i.state_machine_state_change             0x00000bd8   Section        0  main.o(i.state_machine_state_change)
    state_machine_state_change               0x00000bd9   Thumb Code    32  main.o(i.state_machine_state_change)
    i.timeout_handler                        0x00000bfc   Section        0  main.o(i.timeout_handler)
    .constdata                               0x00000c90   Section        6  main.o(.constdata)
    delay_machine_code                       0x00000c90   Data           6  main.o(.constdata)
    .constdata                               0x00000c96   Section        8  boards.o(.constdata)
    m_board_led_list                         0x00000c96   Data           4  boards.o(.constdata)
    m_board_btn_list                         0x00000c9a   Data           4  boards.o(.constdata)
    .constdata                               0x00000ca0   Section        4  nrfx_gpiote.o(.constdata)
    .constdata                               0x00000ca4   Section       16  app_simple_timer.o(.constdata)
    .data                                    0x20000000   Section       12  main.o(.data)
    m_state                                  0x20000000   Data           1  main.o(.data)
    m_state_transit_counter                  0x20000004   Data           4  main.o(.data)
    m_toggle_led_counter                     0x20000008   Data           4  main.o(.data)
    .data                                    0x2000000c   Section       12  app_simple_timer.o(.data)
    m_simple_timer_state                     0x2000000c   Data           1  app_simple_timer.o(.data)
    m_mode                                   0x2000000d   Data           1  app_simple_timer.o(.data)
    m_timeout_handler                        0x20000010   Data           4  app_simple_timer.o(.data)
    mp_timeout_handler_context               0x20000014   Data           4  app_simple_timer.o(.data)
    .data                                    0x20000018   Section       12  drv_rtc.o(.data)
    m_handlers                               0x20000018   Data           4  drv_rtc.o(.data)
    m_cb                                     0x2000001c   Data           8  drv_rtc.o(.data)
    .data                                    0x20000024   Section        4  system_nrf52.o(.data)
    __tagsym$$used                           0x20000024   Number         0  system_nrf52.o(.data)
    .bss                                     0x20000028   Section       92  nrfx_gpiote.o(.bss)
    m_cb                                     0x20000028   Data          92  nrfx_gpiote.o(.bss)
    .bss                                     0x20000084   Section       12  nrfx_timer.o(.bss)
    m_cb                                     0x20000084   Data          12  nrfx_timer.o(.bss)
    STACK                                    0x20000090   Section     8192  arm_startup_nrf52.o(STACK)

    Global Symbols

    Symbol Name                              Value     Ov Type        Size  Object(Section)

    BuildAttributes$$THM_ISAv4$E$P$D$K$B$S$7EM$VFPi3$EXTD16$VFPS$VFMA$PE$A:L22UL41UL21$X:L11$S22US41US21$IEEE1$IW$USESV6$~STKCKD$USESV7$~SHL$OSPACE$EBA8$MICROLIB$REQ8$EABIv2 0x00000000   Number         0  anon$$obj.o ABSOLUTE
    __ARM_use_no_argv                        0x00000000   Number         0  main.o ABSOLUTE
    __Vectors                                0x00000000   Data           4  arm_startup_nrf52.o(RESET)
    __arm_fini_                               - Undefined Weak Reference
    __cpp_initialize__aeabi_                  - Undefined Weak Reference
    __cxa_finalize                            - Undefined Weak Reference
    __decompress                              - Undefined Weak Reference
    _clock_init                               - Undefined Weak Reference
    _microlib_exit                            - Undefined Weak Reference
    __Vectors_End                            0x00000200   Data           0  arm_startup_nrf52.o(RESET)
    __Vectors_Size                           0x00000200   Number         0  arm_startup_nrf52.o ABSOLUTE
    __main                                   0x00000201   Thumb Code     0  entry.o(.ARM.Collect$$$$00000000)
    _main_stk                                0x00000201   Thumb Code     0  entry2.o(.ARM.Collect$$$$00000001)
    _main_scatterload                        0x00000205   Thumb Code     0  entry5.o(.ARM.Collect$$$$00000004)
    __main_after_scatterload                 0x00000209   Thumb Code     0  entry5.o(.ARM.Collect$$$$00000004)
    _main_clock                              0x00000209   Thumb Code     0  entry7b.o(.ARM.Collect$$$$00000008)
    _main_cpp_init                           0x00000209   Thumb Code     0  entry8b.o(.ARM.Collect$$$$0000000A)
    _main_init                               0x00000209   Thumb Code     0  entry9a.o(.ARM.Collect$$$$0000000B)
    __rt_lib_shutdown_fini                   0x00000211   Thumb Code     0  entry12b.o(.ARM.Collect$$$$0000000E)
    __rt_final_cpp                           0x00000215   Thumb Code     0  entry10a.o(.ARM.Collect$$$$0000000F)
    __rt_final_exit                          0x00000215   Thumb Code     0  entry11a.o(.ARM.Collect$$$$00000011)
    Reset_Handler                            0x00000219   Thumb Code     8  arm_startup_nrf52.o(.text)
    NMI_Handler                              0x00000221   Thumb Code     2  arm_startup_nrf52.o(.text)
    HardFault_Handler                        0x00000223   Thumb Code     2  arm_startup_nrf52.o(.text)
    MemoryManagement_Handler                 0x00000225   Thumb Code     2  arm_startup_nrf52.o(.text)
    BusFault_Handler                         0x00000227   Thumb Code     2  arm_startup_nrf52.o(.text)
    UsageFault_Handler                       0x00000229   Thumb Code     2  arm_startup_nrf52.o(.text)
    SVC_Handler                              0x0000022b   Thumb Code     2  arm_startup_nrf52.o(.text)
    DebugMon_Handler                         0x0000022d   Thumb Code     2  arm_startup_nrf52.o(.text)
    PendSV_Handler                           0x0000022f   Thumb Code     2  arm_startup_nrf52.o(.text)
    SysTick_Handler                          0x00000231   Thumb Code     2  arm_startup_nrf52.o(.text)
    CCM_AAR_IRQHandler                       0x00000233   Thumb Code     0  arm_startup_nrf52.o(.text)
    COMP_LPCOMP_IRQHandler                   0x00000233   Thumb Code     0  arm_startup_nrf52.o(.text)
    ECB_IRQHandler                           0x00000233   Thumb Code     0  arm_startup_nrf52.o(.text)
    FPU_IRQHandler                           0x00000233   Thumb Code     0  arm_startup_nrf52.o(.text)
    I2S_IRQHandler                           0x00000233   Thumb Code     0  arm_startup_nrf52.o(.text)
    MWU_IRQHandler                           0x00000233   Thumb Code     0  arm_startup_nrf52.o(.text)
    NFCT_IRQHandler                          0x00000233   Thumb Code     0  arm_startup_nrf52.o(.text)
    PDM_IRQHandler                           0x00000233   Thumb Code     0  arm_startup_nrf52.o(.text)
    POWER_CLOCK_IRQHandler                   0x00000233   Thumb Code     0  arm_startup_nrf52.o(.text)
    PWM0_IRQHandler                          0x00000233   Thumb Code     0  arm_startup_nrf52.o(.text)
    PWM1_IRQHandler                          0x00000233   Thumb Code     0  arm_startup_nrf52.o(.text)
    PWM2_IRQHandler                          0x00000233   Thumb Code     0  arm_startup_nrf52.o(.text)
    QDEC_IRQHandler                          0x00000233   Thumb Code     0  arm_startup_nrf52.o(.text)
    RADIO_IRQHandler                         0x00000233   Thumb Code     0  arm_startup_nrf52.o(.text)
    RNG_IRQHandler                           0x00000233   Thumb Code     0  arm_startup_nrf52.o(.text)
    RTC0_IRQHandler                          0x00000233   Thumb Code     0  arm_startup_nrf52.o(.text)
    RTC2_IRQHandler                          0x00000233   Thumb Code     0  arm_startup_nrf52.o(.text)
    SAADC_IRQHandler                         0x00000233   Thumb Code     0  arm_startup_nrf52.o(.text)
    SPIM0_SPIS0_TWIM0_TWIS0_SPI0_TWI0_IRQHandler 0x00000233   Thumb Code     0  arm_startup_nrf52.o(.text)
    SPIM1_SPIS1_TWIM1_TWIS1_SPI1_TWI1_IRQHandler 0x00000233   Thumb Code     0  arm_startup_nrf52.o(.text)
    SPIM2_SPIS2_SPI2_IRQHandler              0x00000233   Thumb Code     0  arm_startup_nrf52.o(.text)
    SWI0_EGU0_IRQHandler                     0x00000233   Thumb Code     0  arm_startup_nrf52.o(.text)
    SWI1_EGU1_IRQHandler                     0x00000233   Thumb Code     0  arm_startup_nrf52.o(.text)
    SWI2_EGU2_IRQHandler                     0x00000233   Thumb Code     0  arm_startup_nrf52.o(.text)
    SWI3_EGU3_IRQHandler                     0x00000233   Thumb Code     0  arm_startup_nrf52.o(.text)
    SWI4_EGU4_IRQHandler                     0x00000233   Thumb Code     0  arm_startup_nrf52.o(.text)
    SWI5_EGU5_IRQHandler                     0x00000233   Thumb Code     0  arm_startup_nrf52.o(.text)
    TEMP_IRQHandler                          0x00000233   Thumb Code     0  arm_startup_nrf52.o(.text)
    TIMER0_IRQHandler                        0x00000233   Thumb Code     0  arm_startup_nrf52.o(.text)
    TIMER2_IRQHandler                        0x00000233   Thumb Code     0  arm_startup_nrf52.o(.text)
    TIMER3_IRQHandler                        0x00000233   Thumb Code     0  arm_startup_nrf52.o(.text)
    TIMER4_IRQHandler                        0x00000233   Thumb Code     0  arm_startup_nrf52.o(.text)
    UARTE0_UART0_IRQHandler                  0x00000233   Thumb Code     0  arm_startup_nrf52.o(.text)
    WDT_IRQHandler                           0x00000233   Thumb Code     0  arm_startup_nrf52.o(.text)
    __scatterload                            0x0000023d   Thumb Code    28  init.o(.text)
    __scatterload_rt2                        0x0000023d   Thumb Code     0  init.o(.text)
    GPIOTE_IRQHandler                        0x00000261   Thumb Code   154  nrfx_gpiote.o(i.GPIOTE_IRQHandler)
    RTC1_IRQHandler                          0x00000305   Thumb Code    12  drv_rtc.o(i.RTC1_IRQHandler)
    SystemInit                               0x00000315   Thumb Code   660  system_nrf52.o(i.SystemInit)
    TIMER1_IRQHandler                        0x000005ed   Thumb Code    70  nrfx_timer.o(i.TIMER1_IRQHandler)
    __scatterload_copy                       0x0000063d   Thumb Code    14  handlers.o(i.__scatterload_copy)
    __scatterload_null                       0x0000064b   Thumb Code     2  handlers.o(i.__scatterload_null)
    __scatterload_zeroinit                   0x0000064d   Thumb Code    14  handlers.o(i.__scatterload_zeroinit)
    app_error_fault_handler                  0x0000065b   Thumb Code    28  main.o(i.app_error_fault_handler)
    app_error_handler_bare                   0x00000677   Thumb Code    22  app_error.o(i.app_error_handler_bare)
    app_simple_timer_init                    0x000006a9   Thumb Code    50  app_simple_timer.o(i.app_simple_timer_init)
    app_simple_timer_start                   0x000006e9   Thumb Code   124  app_simple_timer.o(i.app_simple_timer_start)
    app_simple_timer_stop                    0x0000076d   Thumb Code    24  app_simple_timer.o(i.app_simple_timer_stop)
    bsp_board_init                           0x0000078d   Thumb Code    80  boards.o(i.bsp_board_init)
    bsp_board_led_invert                     0x000007e1   Thumb Code    32  boards.o(i.bsp_board_led_invert)
    bsp_board_led_off                        0x00000805   Thumb Code    10  boards.o(i.bsp_board_led_off)
    bsp_board_led_on                         0x00000815   Thumb Code    10  boards.o(i.bsp_board_led_on)
    bsp_board_leds_off                       0x00000825   Thumb Code    18  boards.o(i.bsp_board_leds_off)
    main                                     0x00000881   Thumb Code    50  main.o(i.main)
    nrfx_timer_clear                         0x000009a1   Thumb Code     8  nrfx_timer.o(i.nrfx_timer_clear)
    nrfx_timer_compare                       0x000009a9   Thumb Code    58  nrfx_timer.o(i.nrfx_timer_compare)
    nrfx_timer_enable                        0x000009e5   Thumb Code    24  nrfx_timer.o(i.nrfx_timer_enable)
    nrfx_timer_extended_compare              0x00000a01   Thumb Code    42  nrfx_timer.o(i.nrfx_timer_extended_compare)
    nrfx_timer_init                          0x00000a2d   Thumb Code   188  nrfx_timer.o(i.nrfx_timer_init)
    nrfx_timer_pause                         0x00000aed   Thumb Code     8  nrfx_timer.o(i.nrfx_timer_pause)
    nrfx_timer_resume                        0x00000af5   Thumb Code     8  nrfx_timer.o(i.nrfx_timer_resume)
    nvmc_config                              0x00000afd   Thumb Code    14  system_nrf52.o(i.nvmc_config)
    timeout_handler                          0x00000bfd   Thumb Code   144  main.o(i.timeout_handler)
    SIMPLE_TIMER                             0x00000ca4   Data           8  app_simple_timer.o(.constdata)
    Region$$Table$$Base                      0x00000cb4   Number         0  anon$$obj.o(Region$$Table)
    Region$$Table$$Limit                     0x00000cd4   Number         0  anon$$obj.o(Region$$Table)
    SystemCoreClock                          0x20000024   Data           4  system_nrf52.o(.data)
    __initial_sp                             0x20002090   Data           0  arm_startup_nrf52.o(STACK)



==============================================================================

Memory Map of the image

  Image Entry point : 0x00000201

  Load Region LR_IROM1 (Base: 0x00000000, Size: 0x00000cfc, Max: 0x00080000, ABSOLUTE)

    Execution Region ER_IROM1 (Exec base: 0x00000000, Load base: 0x00000000, Size: 0x00000cd4, Max: 0x00080000, ABSOLUTE)

    Exec Addr    Load Addr    Size         Type   Attr      Idx    E Section Name        Object

    0x00000000   0x00000000   0x00000200   Data   RO         2467    RESET               arm_startup_nrf52.o
    0x00000200   0x00000200   0x00000000   Code   RO         2536  * .ARM.Collect$$$$00000000  mc_w.l(entry.o)
    0x00000200   0x00000200   0x00000004   Code   RO         2551    .ARM.Collect$$$$00000001  mc_w.l(entry2.o)
    0x00000204   0x00000204   0x00000004   Code   RO         2554    .ARM.Collect$$$$00000004  mc_w.l(entry5.o)
    0x00000208   0x00000208   0x00000000   Code   RO         2556    .ARM.Collect$$$$00000008  mc_w.l(entry7b.o)
    0x00000208   0x00000208   0x00000000   Code   RO         2558    .ARM.Collect$$$$0000000A  mc_w.l(entry8b.o)
    0x00000208   0x00000208   0x00000008   Code   RO         2559    .ARM.Collect$$$$0000000B  mc_w.l(entry9a.o)
    0x00000210   0x00000210   0x00000004   Code   RO         2566    .ARM.Collect$$$$0000000E  mc_w.l(entry12b.o)
    0x00000214   0x00000214   0x00000000   Code   RO         2561    .ARM.Collect$$$$0000000F  mc_w.l(entry10a.o)
    0x00000214   0x00000214   0x00000000   Code   RO         2563    .ARM.Collect$$$$00000011  mc_w.l(entry11a.o)
    0x00000214   0x00000214   0x00000004   Code   RO         2552    .ARM.Collect$$$$00002712  mc_w.l(entry2.o)
    0x00000218   0x00000218   0x00000024   Code   RO         2468    .text               arm_startup_nrf52.o
    0x0000023c   0x0000023c   0x00000024   Code   RO         2569    .text               mc_w.l(init.o)
    0x00000260   0x00000260   0x000000a4   Code   RO          696    i.GPIOTE_IRQHandler  nrfx_gpiote.o
    0x00000304   0x00000304   0x00000010   Code   RO         1689    i.RTC1_IRQHandler   drv_rtc.o
    0x00000314   0x00000314   0x000002d8   Code   RO         2476    i.SystemInit        system_nrf52.o
    0x000005ec   0x000005ec   0x00000050   Code   RO         1019    i.TIMER1_IRQHandler  nrfx_timer.o
    0x0000063c   0x0000063c   0x0000000e   Code   RO         2573    i.__scatterload_copy  mc_w.l(handlers.o)
    0x0000064a   0x0000064a   0x00000002   Code   RO         2574    i.__scatterload_null  mc_w.l(handlers.o)
    0x0000064c   0x0000064c   0x0000000e   Code   RO         2575    i.__scatterload_zeroinit  mc_w.l(handlers.o)
    0x0000065a   0x0000065a   0x0000001c   Code   RO            4    i.app_error_fault_handler  main.o
    0x00000676   0x00000676   0x00000016   Code   RO         1267    i.app_error_handler_bare  app_error.o
    0x0000068c   0x0000068c   0x0000001c   Code   RO         1428    i.app_simple_timer_event_handler  app_simple_timer.o
    0x000006a8   0x000006a8   0x00000040   Code   RO         1429    i.app_simple_timer_init  app_simple_timer.o
    0x000006e8   0x000006e8   0x00000084   Code   RO         1430    i.app_simple_timer_start  app_simple_timer.o
    0x0000076c   0x0000076c   0x00000020   Code   RO         1431    i.app_simple_timer_stop  app_simple_timer.o
    0x0000078c   0x0000078c   0x00000054   Code   RO          196    i.bsp_board_init    boards.o
    0x000007e0   0x000007e0   0x00000024   Code   RO          198    i.bsp_board_led_invert  boards.o
    0x00000804   0x00000804   0x00000010   Code   RO          199    i.bsp_board_led_off  boards.o
    0x00000814   0x00000814   0x00000010   Code   RO          200    i.bsp_board_led_on  boards.o
    0x00000824   0x00000824   0x00000012   Code   RO          202    i.bsp_board_leds_off  boards.o
    0x00000836   0x00000836   0x00000002   PAD
    0x00000838   0x00000838   0x00000010   Code   RO          699    i.channel_port_get  nrfx_gpiote.o
    0x00000848   0x00000848   0x00000038   Code   RO            5    i.led_and_timer_control  main.o
    0x00000880   0x00000880   0x00000032   Code   RO            6    i.main              main.o
    0x000008b2   0x000008b2   0x00000010   Code   RO          700    i.nrf_bitmask_bit_is_set  nrfx_gpiote.o
    0x000008c2   0x000008c2   0x00000002   PAD
    0x000008c4   0x000008c4   0x00000020   Code   RO            7    i.nrf_delay_ms      main.o
    0x000008e4   0x000008e4   0x00000024   Code   RO          206    i.nrf_gpio_cfg      boards.o
    0x00000908   0x00000908   0x00000022   Code   RO          703    i.nrf_gpio_cfg_sense_set  nrfx_gpiote.o
    0x0000092a   0x0000092a   0x00000002   PAD
    0x0000092c   0x0000092c   0x0000002c   Code   RO          704    i.nrf_gpio_latches_read_and_clear  nrfx_gpiote.o
    0x00000958   0x00000958   0x00000016   Code   RO          207    i.nrf_gpio_pin_write  boards.o
    0x0000096e   0x0000096e   0x00000002   PAD
    0x00000970   0x00000970   0x00000014   Code   RO          706    i.nrf_gpiote_event_clear  nrfx_gpiote.o
    0x00000984   0x00000984   0x00000010   Code   RO          707    i.nrf_gpiote_event_is_set  nrfx_gpiote.o
    0x00000994   0x00000994   0x0000000c   Code   RO         1020    i.nrf_timer_event_clear  nrfx_timer.o
    0x000009a0   0x000009a0   0x00000008   Code   RO         1022    i.nrfx_timer_clear  nrfx_timer.o
    0x000009a8   0x000009a8   0x0000003a   Code   RO         1023    i.nrfx_timer_compare  nrfx_timer.o
    0x000009e2   0x000009e2   0x00000002   PAD
    0x000009e4   0x000009e4   0x0000001c   Code   RO         1027    i.nrfx_timer_enable  nrfx_timer.o
    0x00000a00   0x00000a00   0x0000002a   Code   RO         1028    i.nrfx_timer_extended_compare  nrfx_timer.o
    0x00000a2a   0x00000a2a   0x00000002   PAD
    0x00000a2c   0x00000a2c   0x000000c0   Code   RO         1030    i.nrfx_timer_init   nrfx_timer.o
    0x00000aec   0x00000aec   0x00000008   Code   RO         1032    i.nrfx_timer_pause  nrfx_timer.o
    0x00000af4   0x00000af4   0x00000008   Code   RO         1033    i.nrfx_timer_resume  nrfx_timer.o
    0x00000afc   0x00000afc   0x00000018   Code   RO         2477    i.nvmc_config       system_nrf52.o
    0x00000b14   0x00000b14   0x000000b4   Code   RO          740    i.port_event_handle  nrfx_gpiote.o
    0x00000bc8   0x00000bc8   0x00000010   Code   RO          741    i.port_handler_polarity_get  nrfx_gpiote.o
    0x00000bd8   0x00000bd8   0x00000024   Code   RO            8    i.state_machine_state_change  main.o
    0x00000bfc   0x00000bfc   0x00000094   Code   RO            9    i.timeout_handler   main.o
    0x00000c90   0x00000c90   0x00000006   Data   RO           10    .constdata          main.o
    0x00000c96   0x00000c96   0x00000008   Data   RO          208    .constdata          boards.o
    0x00000c9e   0x00000c9e   0x00000002   PAD
    0x00000ca0   0x00000ca0   0x00000004   Data   RO          743    .constdata          nrfx_gpiote.o
    0x00000ca4   0x00000ca4   0x00000010   Data   RO         1433    .constdata          app_simple_timer.o
    0x00000cb4   0x00000cb4   0x00000020   Data   RO         2571    Region$$Table       anon$$obj.o


    Execution Region RW_IRAM1 (Exec base: 0x20000000, Load base: 0x00000cd4, Size: 0x00002090, Max: 0x00010000, ABSOLUTE)

    Exec Addr    Load Addr    Size         Type   Attr      Idx    E Section Name        Object

    0x20000000   0x00000cd4   0x0000000c   Data   RW           11    .data               main.o
    0x2000000c   0x00000ce0   0x0000000c   Data   RW         1434    .data               app_simple_timer.o
    0x20000018   0x00000cec   0x0000000c   Data   RW         1713    .data               drv_rtc.o
    0x20000024   0x00000cf8   0x00000004   Data   RW         2479    .data               system_nrf52.o
    0x20000028        -       0x0000005c   Zero   RW          742    .bss                nrfx_gpiote.o
    0x20000084        -       0x0000000c   Zero   RW         1035    .bss                nrfx_timer.o
    0x20000090        -       0x00002000   Zero   RW         2465    STACK               arm_startup_nrf52.o


==============================================================================

Image component sizes


      Code (inc. data)   RO Data    RW Data    ZI Data      Debug   Object Name

        22          0          0          0          0       2553   app_error.o
         0          0          0          0          0      30103   app_error_weak.o
       256         34         16         12          0      13644   app_simple_timer.o
         0          0          0          0          0       1372   app_timer2.o
        36          8        512          0       8192        932   arm_startup_nrf52.o
       228         20          8          0          0      10036   boards.o
        16          4          0         12          0       4957   drv_rtc.o
       350         22          6         12          0      45775   main.o
       506         38          4          0         92      23666   nrfx_gpiote.o
       436         18          0          0         12      50135   nrfx_timer.o
       752         78          0          4          0      32389   system_nrf52.o

    ----------------------------------------------------------------------
      2614        222        580         40       8296     215562   Object Totals
         0          0         32          0          0          0   (incl. Generated)
        12          0          2          0          0          0   (incl. Padding)

    ----------------------------------------------------------------------

      Code (inc. data)   RO Data    RW Data    ZI Data      Debug   Library Member Name

         0          0          0          0          0          0   entry.o
         0          0          0          0          0          0   entry10a.o
         0          0          0          0          0          0   entry11a.o
         4          0          0          0          0          0   entry12b.o
         8          4          0          0          0          0   entry2.o
         4          0          0          0          0          0   entry5.o
         0          0          0          0          0          0   entry7b.o
         0          0          0          0          0          0   entry8b.o
         8          4          0          0          0          0   entry9a.o
        30          0          0          0          0          0   handlers.o
        36          8          0          0          0         68   init.o

    ----------------------------------------------------------------------
        90         16          0          0          0         68   Library Totals
         0          0          0          0          0          0   (incl. Padding)

    ----------------------------------------------------------------------

      Code (inc. data)   RO Data    RW Data    ZI Data      Debug   Library Name

        90         16          0          0          0         68   mc_w.l

    ----------------------------------------------------------------------
        90         16          0          0          0         68   Library Totals

    ----------------------------------------------------------------------

==============================================================================


      Code (inc. data)   RO Data    RW Data    ZI Data      Debug   

      2704        238        580         40       8296     212434   Grand Totals
      2704        238        580         40       8296     212434   ELF Image Totals
      2704        238        580         40          0          0   ROM Totals

==============================================================================

    Total RO  Size (Code + RO Data)                 3284 (   3.21kB)
    Total RW  Size (RW Data + ZI Data)              8336 (   8.14kB)
    Total ROM Size (Code + RO Data + RW Data)       3324 (   3.25kB)

==============================================================================

