<html>
<body>
<pre>
<h1>µVision Build Log</h1>
<h2>Tool Versions:</h2>
IDE-Version: •ÏVision V5.39.0.0
Copyright (C) 2023 ARM Ltd and ARM Germany GmbH. All rights reserved.
License Information:  ,  , LIC=BVRHH-WVIRN-81PPB-0YEVZ-DQA6C-NC0JF
 
Tool Versions:
Toolchain:       MDK-ARM Essential  Version: 5.39.0.0
Toolchain Path:  C:\Keil_v5\ARM\ARM_Compiler_5.06u7\Bin
C Compiler:      Armcc.exe V5.06 update 7 (build 960)
Assembler:       Armasm.exe V5.06 update 7 (build 960)
Linker/Locator:  ArmLink.exe V5.06 update 7 (build 960)
Library Manager: ArmAr.exe V5.06 update 7 (build 960)
Hex Converter:   FromElf.exe V5.06 update 7 (build 960)
CPU DLL:         
Dialog DLL:      
Target DLL:      Segger\JL2CM3.dll V2.99.43.0
Dialog DLL:      TCM.DLL V1.56.4.0
 
<h2>Project:</h2>
C:\GitHubNordic-nRF52832-Template\nRF5_SDK_17.1.0_ddde560\examples\peripheral\simple_timer\pca10040\blank\arm5_no_packs\simple_timer_pca10040.uvprojx
Project File Date:  06/18/2024

<h2>Output:</h2>
*** Using Compiler 'V5.06 update 7 (build 960)', folder: 'C:\Keil_v5\ARM\ARM_Compiler_5.06u7\Bin'
Build target 'nrf52832_xxaa'
compiling nrf_soc.c...
compiling nrf_nvic.c...
compiling app_error.c...
compiling app_error_handler_keil.c...
compiling nrfx_atomic.c...
compiling bsp.c...
compiling boards.c...
compiling main.c...
compiling nrfx_timer.c...
compiling app_button.c...
compiling nrfx_gpiote.c...
compiling app_error_weak.c...
compiling app_util_platform.c...
compiling nrf_assert.c...
compiling app_scheduler.c...
compiling app_simple_timer.c...
compiling nrf_atomic.c...
compiling nrf_atfifo.c...
compiling drv_rtc.c...
compiling nrf_balloc.c...
compiling nrf_fprintf.c...
compiling app_timer2.c...
assembling arm_startup_nrf52.s...
compiling nrf_fprintf_format.c...
compiling nrf_strerror.c...
compiling nrf_ringbuf.c...
compiling nrf_sortlist.c...
compiling nrf_memobj.c...
compiling nrf_log_frontend.c...
compiling nrf_log_str_formatter.c...
compiling system_nrf52.c...
linking...
Program Size: Code=2704 RO-data=580 RW-data=40 ZI-data=8296  
FromELF: creating hex file...
".\_build\nrf52832_xxaa.axf" - 0 Error(s), 0 Warning(s).

<h2>Software Packages used:</h2>

Package Vendor: ARM
                http://www.keil.com/pack/ARM.CMSIS.5.6.0.pack
                ARM::CMSIS@5.6.0
                CMSIS (Cortex Microcontroller Software Interface Standard)
   * Component: CORE Version: 5.3.0

Package Vendor: NordicSemiconductor
                http://developer.nordicsemi.com/nRF5_SDK/pieces/nRF_DeviceFamilyPack/NordicSemiconductor.nRF_DeviceFamilyPack.8.40.3.pack
                NordicSemiconductor::nRF_DeviceFamilyPack@8.40.3
                Nordic Semiconductor nRF ARM devices Device Family Pack with BSD license.
   * Component: Startup Version: 8.40.3

<h2>Collection of Component include folders:</h2>
  ./RTE/_nrf52832_xxaa
  C:/Users/KANGJONGYEOP/AppData/Local/Arm/Packs/ARM/CMSIS/5.6.0/CMSIS/Core/Include
  C:/Users/KANGJONGYEOP/AppData/Local/Arm/Packs/NordicSemiconductor/nRF_DeviceFamilyPack/8.40.3/Device/Include

<h2>Collection of Component Files used:</h2>

   * Component: ARM::CMSIS:CORE@5.3.0

   * Component: NordicSemiconductor::Device:Startup@8.40.3
      Source file:   Device/Source/system_nrf52.c
      Source file:   Device/Source/arm/arm_startup_nrf52.s
      Include file:  Device/Include/system_nrf52.h
      Include file:  Device/Include/system_nrf.h
Build Time Elapsed:  00:00:03
</pre>
</body>
</html>
