<html>
<body>
<pre>
<h1>µVision Build Log</h1>
<h2>Tool Versions:</h2>
IDE-Version: •ÏVision V5.39.0.0
Copyright (C) 2023 ARM Ltd and ARM Germany GmbH. All rights reserved.
License Information:  ,  , LIC=BVRHH-WVIRN-81PPB-0YEVZ-DQA6C-NC0JF
 
Tool Versions:
Toolchain:       MDK-ARM Essential  Version: 5.39.0.0
Toolchain Path:  C:\Keil_v5\ARM\ARM_Compiler_5.06u7\Bin
C Compiler:      Armcc.exe V5.06 update 7 (build 960)
Assembler:       Armasm.exe V5.06 update 7 (build 960)
Linker/Locator:  ArmLink.exe V5.06 update 7 (build 960)
Library Manager: ArmAr.exe V5.06 update 7 (build 960)
Hex Converter:   FromElf.exe V5.06 update 7 (build 960)
CPU DLL:         SARMCM3.DLL V5.39.0.0
Dialog DLL:      DCM.DLL V1.17.5.0
Target DLL:      Segger\JL2CM3.dll V2.99.43.0
Dialog DLL:      TCM.DLL V1.56.4.0
 
<h2>Project:</h2>
C:\GithubNordic-nRF52832-Template-joey\Template\nRF52832_Template.uvprojx
Project File Date:  06/26/2024

<h2>Output:</h2>
*** Using Compiler 'V5.06 update 7 (build 960)', folder: 'C:\Keil_v5\ARM\ARM_Compiler_5.06u7\Bin'
Build target 'nRF52832_Template'
compiling nrfx_twi.c...
compiling nrfx_atomic.c...
compiling boards.c...
compiling nrf_drv_ppi.c...
compiling nrf_drv_twi.c...
compiling nrf_drv_uart.c...
compiling nrfx_timer.c...
compiling nrfx_ppi.c...
compiling nrfx_twim.c...
compiling nrfx_gpiote.c...
compiling main.c...
compiling nrf_soc.c...
compiling nrf_nvic.c...
compiling app_error.c...
compiling app_error_handler_keil.c...
compiling nrfx_prs.c...
compiling nrfx_spi.c...
compiling nrf_drv_spi.c...
compiling nrfx_uart.c...
compiling nrfx_spim.c...
compiling app_util_platform.c...
compiling nrfx_saadc.c...
compiling nrf_assert.c...
compiling nrfx_uarte.c...
compiling app_error_weak.c...
compiling nrf_atomic.c...
compiling nrf_fprintf.c...
compiling nrf_section_iter.c...
compiling nrf_fprintf_format.c...
compiling nrf_balloc.c...
compiling nrf_memobj.c...
compiling nrf_ringbuf.c...
compiling app_fifo.c...
compiling nrf_strerror.c...
compiling nrf_pwr_mgmt.c...
compiling app_uart_fifo.c...
compiling retarget.c...
compiling nrf_log_backend_uart.c...
compiling nrf_sortlist.c...
compiling nrf_atfifo.c...
compiling app_scheduler.c...
compiling nrf_log_backend_serial.c...
compiling nrf_log_default_backends.c...
compiling SEGGER_RTT_Syscalls_KEIL.c...
compiling app_button.c...
compiling drv_rtc.c...
compiling nrf_log_backend_rtt.c...
compiling app_timer2.c...
compiling nrf_log_frontend.c...
compiling SEGGER_RTT_printf.c...
compiling SEGGER_RTT.c...
compiling nrf_log_str_formatter.c...
assembling arm_startup_nrf52.s...
compiling rtt.c...
compiling i2c.c...
compiling spi.c...
compiling system_nrf52.c...
compiling adc.c...
compiling uart.c...
compiling port.c...
compiling timeInterrupt.c...
compiling pinChangeInterrupt.c...
linking...
Program Size: Code=15424 RO-data=1532 RW-data=228 ZI-data=11340  
FromELF: creating hex file...
".\Objects\nRF52832_Template.axf" - 0 Error(s), 0 Warning(s).

<h2>Software Packages used:</h2>

Package Vendor: ARM
                http://www.keil.com/pack/ARM.CMSIS.5.9.0.pack
                ARM::CMSIS@5.9.0
                CMSIS (Common Microcontroller Software Interface Standard)
   * Component: CORE Version: 5.6.0

Package Vendor: NordicSemiconductor
                http://developer.nordicsemi.com/nRF5_SDK/pieces/nRF_DeviceFamilyPack/NordicSemiconductor.nRF_DeviceFamilyPack.8.44.1.pack
                NordicSemiconductor::nRF_DeviceFamilyPack@8.44.1
                Nordic Semiconductor nRF ARM devices Device Family Pack with BSD license.
   * Component: Startup Version: 8.44.1

<h2>Collection of Component include folders:</h2>
  ./RTE/_nRF52832_Template
  C:/Users/KANGJONGYEOP/AppData/Local/Arm/Packs/ARM/CMSIS/5.9.0/CMSIS/Core/Include
  C:/Users/KANGJONGYEOP/AppData/Local/Arm/Packs/NordicSemiconductor/nRF_DeviceFamilyPack/8.44.1/Device/Include

<h2>Collection of Component Files used:</h2>

   * Component: ARM::CMSIS:CORE@5.6.0

   * Component: NordicSemiconductor::Device:Startup@8.44.1
      Source file:   Device/Source/arm/arm_startup_nrf52.s
      Source file:   Device/Source/system_nrf52.c
      Include file:  Device/Include/system_nrf52.h
      Include file:  Device/Include/system_nrf.h
Build Time Elapsed:  00:00:11
</pre>
</body>
</html>
