Component: ARM Compiler 5.06 update 7 (build 960) Tool: armlink [4d3601]

==============================================================================

Section Cross References

    main.o(i.handerLowPowerConsumption) refers to nrf_pwr_mgmt.o(i.nrf_pwr_mgmt_init) for nrf_pwr_mgmt_init
    main.o(i.handerLowPowerConsumption) refers to nrf_pwr_mgmt.o(i.nrf_pwr_mgmt_run) for nrf_pwr_mgmt_run
    main.o(i.initPeripherals) refers to uart.o(i.initUART) for initUART
    main.o(i.initPeripherals) refers to port.o(i.initComoPort) for initComoPort
    main.o(i.initPeripherals) refers to rtt.o(i.initSeggerRTT) for initSeggerRTT
    main.o(i.initPeripherals) refers to spi.o(i.initSPI) for initSPI
    main.o(i.initPeripherals) refers to pinchangeinterrupt.o(i.initPinChangeInterrupt) for initPinChangeInterrupt
    main.o(i.initPeripherals) refers to main.o(i.nrf_delay_ms) for nrf_delay_ms
    main.o(i.initPeripherals) refers to nrf_log_frontend.o(i.nrf_log_frontend_std_0) for nrf_log_frontend_std_0
    main.o(i.initPeripherals) refers to nrf_log_frontend.o(i.nrf_log_frontend_dequeue) for nrf_log_frontend_dequeue
    main.o(i.initPeripherals) refers to nrf_log_frontend.o(log_const_data) for m_nrf_log_app_logs_data_const
    main.o(i.initSensors) refers to ad8232.o(i.initAD8232) for initAD8232
    main.o(i.initSensors) refers to ad7171.o(i.initAD7171) for initAD7171
    main.o(i.initSensors) refers to nrf_log_frontend.o(i.nrf_log_frontend_std_0) for nrf_log_frontend_std_0
    main.o(i.initSensors) refers to nrf_log_frontend.o(i.nrf_log_frontend_dequeue) for nrf_log_frontend_dequeue
    main.o(i.initSensors) refers to nrf_log_frontend.o(log_const_data) for m_nrf_log_app_logs_data_const
    main.o(i.main) refers to main.o(i.nrf_delay_ms) for nrf_delay_ms
    main.o(i.main) refers to port.o(i.initPowerHold) for initPowerHold
    main.o(i.main) refers to main.o(i.handerLowPowerConsumption) for handerLowPowerConsumption
    main.o(i.main) refers to main.o(i.initPeripherals) for initPeripherals
    main.o(i.main) refers to main.o(i.initSensors) for initSensors
    main.o(i.main) refers to timeinterrupt.o(i.initTimerInterrupt) for initTimerInterrupt
    main.o(i.main) refers to nrf_log_frontend.o(i.nrf_log_frontend_std_0) for nrf_log_frontend_std_0
    main.o(i.main) refers to nrf_log_frontend.o(i.nrf_log_frontend_dequeue) for nrf_log_frontend_dequeue
    main.o(i.main) refers to pinchangeinterrupt.o(i.isAD7171ReadyPin125Hz) for isAD7171ReadyPin125Hz
    main.o(i.main) refers to ad7171.o(i.AD7171) for AD7171
    main.o(i.main) refers to pinchangeinterrupt.o(i.disableAD7171ReadyPin125Hz) for disableAD7171ReadyPin125Hz
    main.o(i.main) refers to printer45byte.o(i.print45byteLabView) for print45byteLabView
    main.o(i.main) refers to nrf_log_frontend.o(log_const_data) for m_nrf_log_app_logs_data_const
    main.o(i.nrf_delay_ms) refers to main.o(.constdata) for .constdata
    boards.o(i.bsp_board_button_idx_to_pin) refers to boards.o(.constdata) for .constdata
    boards.o(i.bsp_board_button_state_get) refers to boards.o(.constdata) for .constdata
    boards.o(i.bsp_board_init) refers to boards.o(i.nrf_gpio_cfg) for nrf_gpio_cfg
    boards.o(i.bsp_board_init) refers to boards.o(i.bsp_board_leds_off) for bsp_board_leds_off
    boards.o(i.bsp_board_init) refers to boards.o(.constdata) for .constdata
    boards.o(i.bsp_board_led_idx_to_pin) refers to boards.o(.constdata) for .constdata
    boards.o(i.bsp_board_led_invert) refers to boards.o(.constdata) for .constdata
    boards.o(i.bsp_board_led_off) refers to boards.o(i.nrf_gpio_pin_write) for nrf_gpio_pin_write
    boards.o(i.bsp_board_led_off) refers to boards.o(.constdata) for .constdata
    boards.o(i.bsp_board_led_on) refers to boards.o(i.nrf_gpio_pin_write) for nrf_gpio_pin_write
    boards.o(i.bsp_board_led_on) refers to boards.o(.constdata) for .constdata
    boards.o(i.bsp_board_led_state_get) refers to boards.o(.constdata) for .constdata
    boards.o(i.bsp_board_leds_off) refers to boards.o(i.bsp_board_led_off) for bsp_board_led_off
    boards.o(i.bsp_board_leds_on) refers to boards.o(i.bsp_board_led_on) for bsp_board_led_on
    boards.o(i.bsp_board_pin_to_button_idx) refers to boards.o(.constdata) for .constdata
    boards.o(i.bsp_board_pin_to_led_idx) refers to boards.o(.constdata) for .constdata
    nrf_drv_ppi.o(i.nrf_drv_ppi_init) refers to nrf_drv_ppi.o(.data) for .data
    nrf_drv_ppi.o(i.nrf_drv_ppi_uninit) refers to nrfx_ppi.o(i.nrfx_ppi_free_all) for nrfx_ppi_free_all
    nrf_drv_ppi.o(i.nrf_drv_ppi_uninit) refers to nrf_drv_ppi.o(.data) for .data
    nrfx_atomic.o(i.nrfx_atomic_flag_clear) refers to nrfx_atomic.o(i.nrfx_atomic_u32_and) for nrfx_atomic_u32_and
    nrfx_atomic.o(i.nrfx_atomic_flag_clear_fetch) refers to nrfx_atomic.o(i.nrfx_atomic_u32_fetch_and) for nrfx_atomic_u32_fetch_and
    nrfx_atomic.o(i.nrfx_atomic_flag_set) refers to nrfx_atomic.o(i.nrfx_atomic_u32_or) for nrfx_atomic_u32_or
[...]
    .data                                    0x20000014   Section        4  app_util_platform.o(.data)
    m_in_critical_region                     0x20000014   Data           4  app_util_platform.o(.data)
    .data                                    0x20000018   Section        8  nrf_pwr_mgmt.o(.data)
    m_pwr_mgmt_evt                           0x20000018   Data           1  nrf_pwr_mgmt.o(.data)
    m_shutdown_started                       0x20000019   Data           1  nrf_pwr_mgmt.o(.data)
    m_sysoff_mtx                             0x2000001c   Data           4  nrf_pwr_mgmt.o(.data)
    .data                                    0x20000020   Section       28  app_uart_fifo.o(.data)
    tx_buffer                                0x20000020   Data           1  app_uart_fifo.o(.data)
    rx_buffer                                0x20000021   Data           1  app_uart_fifo.o(.data)
    m_rx_ovf                                 0x20000022   Data           1  app_uart_fifo.o(.data)
    m_event_handler                          0x20000024   Data           4  app_uart_fifo.o(.data)
    app_uart_inst                            0x20000028   Data          20  app_uart_fifo.o(.data)
    .data                                    0x2000003c   Section        4  retarget.o(.data)
    .data                                    0x20000040   Section       12  drv_rtc.o(.data)
    m_handlers                               0x20000040   Data           4  drv_rtc.o(.data)
    m_cb                                     0x20000044   Data           8  drv_rtc.o(.data)
    .data                                    0x2000004c   Section        1  nrf_log_backend_rtt.o(.data)
    m_host_present                           0x2000004c   Data           1  nrf_log_backend_rtt.o(.data)
    .data                                    0x20000050   Section        8  nrf_log_default_backends.o(.data)
    log_backend_cb_rtt_log_backend           0x20000050   Data           8  nrf_log_default_backends.o(.data)
    .data                                    0x20000058   Section        4  nrf_log_frontend.o(.data)
    m_buffer_mask                            0x20000058   Data           4  nrf_log_frontend.o(.data)
    .data                                    0x2000005c   Section        8  nrf_log_frontend.o(.data)
    log_mempool_nrf_balloc_pool_stack        0x2000005c   Data           8  nrf_log_frontend.o(.data)
    .data                                    0x20000064   Section        8  nrf_log_frontend.o(.data)
    log_mempool_nrf_balloc_cb                0x20000064   Data           8  nrf_log_frontend.o(.data)
    .data                                    0x2000006c   Section       64  nrf_log_str_formatter.o(.data)
    m_freq                                   0x2000006c   Data           4  nrf_log_str_formatter.o(.data)
    m_timestamp_div                          0x20000070   Data           4  nrf_log_str_formatter.o(.data)
    severity_names                           0x20000074   Data          20  nrf_log_str_formatter.o(.data)
    m_colors                                 0x20000088   Data          36  nrf_log_str_formatter.o(.data)
    .data                                    0x200000ac   Section        5  ad7171.o(.data)
    adcCovData                               0x200000ac   Data           2  ad7171.o(.data)
    adcRaw                                   0x200000ae   Data           3  ad7171.o(.data)
    .data                                    0x200000b1   Section        1  spi.o(.data)
    spi_xfer_done                            0x200000b1   Data           1  spi.o(.data)
    .data                                    0x200000b2   Section        1  pinchangeinterrupt.o(.data)
    .data                                    0x200000b4   Section       18  printer45byte.o(.data)
    ecgIndex                                 0x200000b5   Data           1  printer45byte.o(.data)
    BMA400DataErrorCount                     0x200000b6   Data           1  printer45byte.o(.data)
    BMA400Index                              0x200000b7   Data           1  printer45byte.o(.data)
    MAX30101DataErrorCount                   0x200000b8   Data           1  printer45byte.o(.data)
    MAX30101Index                            0x200000b9   Data           1  printer45byte.o(.data)
    EtcIndex                                 0x200000ba   Data           1  printer45byte.o(.data)
    ecgErrorCount                            0x200000bc   Data           2  printer45byte.o(.data)
    ecgRaw                                   0x200000be   Data           2  printer45byte.o(.data)
    BMA400Raw                                0x200000c0   Data           6  printer45byte.o(.data)
    .data                                    0x200000c8   Section        4  system_nrf52.o(.data)
    __tagsym$$used                           0x200000c8   Number         0  system_nrf52.o(.data)
    .bss                                     0x200000cc   Section       92  nrfx_gpiote.o(.bss)
    m_cb                                     0x200000cc   Data          92  nrfx_gpiote.o(.bss)
    .bss                                     0x20000128   Section       48  nrfx_timer.o(.bss)
    m_cb                                     0x20000128   Data          48  nrfx_timer.o(.bss)
    .bss                                     0x20000158   Section       52  nrfx_twim.o(.bss)
    m_cb                                     0x20000158   Data          52  nrfx_twim.o(.bss)
    .bss                                     0x2000018c   Section       36  nrfx_uarte.o(.bss)
    m_cb                                     0x2000018c   Data          36  nrfx_uarte.o(.bss)
    .bss                                     0x200001b0   Section       44  nrfx_uart.o(.bss)
    m_cb                                     0x200001b0   Data          44  nrfx_uart.o(.bss)
    .bss                                     0x200001dc   Section       48  nrfx_saadc.o(.bss)
    m_cb                                     0x200001dc   Data          48  nrfx_saadc.o(.bss)
    .bss                                     0x2000020c   Section       36  nrfx_spim.o(.bss)
    m_cb                                     0x2000020c   Data          36  nrfx_spim.o(.bss)
    .bss                                     0x20000230   Section       24  nrf_drv_spi.o(.bss)
    m_handlers                               0x20000230   Data          12  nrf_drv_spi.o(.bss)
    m_contexts                               0x2000023c   Data          12  nrf_drv_spi.o(.bss)
    .bss                                     0x20000248   Section       12  nrf_pwr_mgmt.o(.bss)
    m_handlers_iter                          0x20000248   Data          12  nrf_pwr_mgmt.o(.bss)
    .bss                                     0x20000254   Section       32  app_uart_fifo.o(.bss)
    m_rx_fifo                                0x20000254   Data          16  app_uart_fifo.o(.bss)
    m_tx_fifo                                0x20000264   Data          16  app_uart_fifo.o(.bss)
    .bss                                     0x20000274   Section       64  nrf_log_backend_rtt.o(.bss)
    m_string_buff                            0x20000274   Data          64  nrf_log_backend_rtt.o(.bss)
    .bss                                     0x200002b4   Section      192  nrf_log_frontend.o(.bss)
    log_mempool_nrf_balloc_pool_mem          0x200002b4   Data         192  nrf_log_frontend.o(.bss)
    .bss                                     0x20000374   Section      128  nrf_log_frontend.o(.bss)
    m_log_push_ringbuf_buf                   0x20000374   Data         128  nrf_log_frontend.o(.bss)
    .bss                                     0x200003f4   Section       24  nrf_log_frontend.o(.bss)
    m_log_push_ringbuf_cb                    0x200003f4   Data          24  nrf_log_frontend.o(.bss)
    .bss                                     0x2000040c   Section     1056  nrf_log_frontend.o(.bss)
    m_log_data                               0x2000040c   Data        1056  nrf_log_frontend.o(.bss)
    .bss                                     0x2000082c   Section      648  segger_rtt.o(.bss)
    _acUpBuffer                              0x200008a4   Data         512  segger_rtt.o(.bss)
    _acDownBuffer                            0x20000aa4   Data          16  segger_rtt.o(.bss)
    .bss                                     0x20000ab4   Section      512  uart.o(.bss)
    rx_buf                                   0x20000ab4   Data         256  uart.o(.bss)
    tx_buf                                   0x20000bb4   Data         256  uart.o(.bss)
    .bss                                     0x20000cb4   Section       36  printer45byte.o(.bss)
    etcDataRaw                               0x20000cb4   Data          12  printer45byte.o(.bss)
    MAX30101Raw                              0x20000cc0   Data          24  printer45byte.o(.bss)
    .bss                                     0x20000cd8   Section       96  libspace.o(.bss)
    HEAP                                     0x20000d38   Section     4096  arm_startup_nrf52.o(HEAP)
    Heap_Mem                                 0x20000d38   Data        4096  arm_startup_nrf52.o(HEAP)
    STACK                                    0x20001d38   Section     4096  arm_startup_nrf52.o(STACK)
    Stack_Mem                                0x20001d38   Data        4096  arm_startup_nrf52.o(STACK)
    __initial_sp                             0x20002d38   Data           0  arm_startup_nrf52.o(STACK)

    Global Symbols

    Symbol Name                              Value     Ov Type        Size  Object(Section)

    BuildAttributes$$THM_ISAv4$E$P$D$K$B$S$7EM$VFPi3$EXTD16$VFPS$VFMA$PE$A:L22UL41UL21$X:L11$S22US41US21$IEEE1$IW$USESV6$~STKCKD$USESV7$~SHL$OSPACE$ROPI$EBA8$UX$STANDARDLIB$REQ8$EABIv2 0x00000000   Number         0  anon$$obj.o ABSOLUTE
    __ARM_use_no_argv                        0x00000000   Number         0  main.o ABSOLUTE
    __Vectors                                0x00000000   Data           4  arm_startup_nrf52.o(RESET)
    __ARM_exceptions_init                     - Undefined Weak Reference
    __alloca_initialize                       - Undefined Weak Reference
    __arm_fini_                               - Undefined Weak Reference
    __arm_preinit_                            - Undefined Weak Reference
    __cpp_initialize__aeabi_                  - Undefined Weak Reference
    __cxa_finalize                            - Undefined Weak Reference
    __sigvec_lookup                           - Undefined Weak Reference
    _atexit_init                              - Undefined Weak Reference
    _call_atexit_fns                          - Undefined Weak Reference
    _clock_init                               - Undefined Weak Reference
    _fp_trap_init                             - Undefined Weak Reference
    _fp_trap_shutdown                         - Undefined Weak Reference
    _get_lc_collate                           - Undefined Weak Reference
    _get_lc_monetary                          - Undefined Weak Reference
    _get_lc_numeric                           - Undefined Weak Reference
    _get_lc_time                              - Undefined Weak Reference
    _getenv_init                              - Undefined Weak Reference
    _handle_redirection                       - Undefined Weak Reference
    _init_alloc                               - Undefined Weak Reference
    _init_user_alloc                          - Undefined Weak Reference
    _initio                                   - Undefined Weak Reference
    _rand_init                                - Undefined Weak Reference
    _signal_finish                            - Undefined Weak Reference
    _signal_init                              - Undefined Weak Reference
    _terminate_alloc                          - Undefined Weak Reference
    _terminate_user_alloc                     - Undefined Weak Reference
    _terminateio                              - Undefined Weak Reference
    log_dynamic_data$$Base                    - Undefined Reference
    pwr_mgmt_data0$$Base                      - Undefined Reference
    pwr_mgmt_data0$$Limit                     - Undefined Reference
    pwr_mgmt_data1$$Base                      - Undefined Reference
    pwr_mgmt_data1$$Limit                     - Undefined Reference
    pwr_mgmt_data2$$Base                      - Undefined Reference
    pwr_mgmt_data2$$Limit                     - Undefined Reference
    __Vectors_End                            0x00000200   Data           0  arm_startup_nrf52.o(RESET)
    __Vectors_Size                           0x00000200   Number         0  arm_startup_nrf52.o ABSOLUTE
    __main                                   0x00000201   Thumb Code     8  __main.o(!!!main)
    __scatterload                            0x00000209   Thumb Code     0  __scatter.o(!!!scatter)
    __scatterload_rt2                        0x00000209   Thumb Code    44  __scatter.o(!!!scatter)
    __scatterload_rt2_thumb_only             0x00000209   Thumb Code     0  __scatter.o(!!!scatter)
    __scatterload_null                       0x00000217   Thumb Code     0  __scatter.o(!!!scatter)
    __scatterload_copy                       0x0000023d   Thumb Code    26  __scatter_copy.o(!!handler_copy)
    __scatterload_zeroinit                   0x00000259   Thumb Code    28  __scatter_zi.o(!!handler_zi)
    __rt_lib_init                            0x00000275   Thumb Code     0  libinit.o(.ARM.Collect$$libinit$$00000000)
    __rt_lib_init_fp_1                       0x00000277   Thumb Code     0  libinit2.o(.ARM.Collect$$libinit$$00000001)
    __rt_lib_init_heap_1                     0x0000027b   Thumb Code     0  libinit2.o(.ARM.Collect$$libinit$$0000000A)
    __rt_lib_init_lc_common                  0x0000027b   Thumb Code     0  libinit2.o(.ARM.Collect$$libinit$$0000000F)
    __rt_lib_init_preinit_1                  0x0000027b   Thumb Code     0  libinit2.o(.ARM.Collect$$libinit$$00000004)
    __rt_lib_init_rand_1                     0x0000027b   Thumb Code     0  libinit2.o(.ARM.Collect$$libinit$$0000000E)
    __rt_lib_init_user_alloc_1               0x0000027b   Thumb Code     0  libinit2.o(.ARM.Collect$$libinit$$0000000C)
    __rt_lib_init_lc_collate_1               0x00000281   Thumb Code     0  libinit2.o(.ARM.Collect$$libinit$$00000011)
    __rt_lib_init_lc_ctype_2                 0x00000281   Thumb Code     0  libinit2.o(.ARM.Collect$$libinit$$00000012)
    __rt_lib_init_alloca_1                   0x0000028d   Thumb Code     0  libinit2.o(.ARM.Collect$$libinit$$0000002E)
    __rt_lib_init_argv_1                     0x0000028d   Thumb Code     0  libinit2.o(.ARM.Collect$$libinit$$0000002C)
    __rt_lib_init_atexit_1                   0x0000028d   Thumb Code     0  libinit2.o(.ARM.Collect$$libinit$$0000001B)
    __rt_lib_init_clock_1                    0x0000028d   Thumb Code     0  libinit2.o(.ARM.Collect$$libinit$$00000021)
    __rt_lib_init_cpp_1                      0x0000028d   Thumb Code     0  libinit2.o(.ARM.Collect$$libinit$$00000032)
    __rt_lib_init_exceptions_1               0x0000028d   Thumb Code     0  libinit2.o(.ARM.Collect$$libinit$$00000030)
    __rt_lib_init_fp_trap_1                  0x0000028d   Thumb Code     0  libinit2.o(.ARM.Collect$$libinit$$0000001F)
    __rt_lib_init_getenv_1                   0x0000028d   Thumb Code     0  libinit2.o(.ARM.Collect$$libinit$$00000023)
    __rt_lib_init_lc_ctype_1                 0x0000028d   Thumb Code     0  libinit2.o(.ARM.Collect$$libinit$$00000013)
    __rt_lib_init_lc_monetary_1              0x0000028d   Thumb Code     0  libinit2.o(.ARM.Collect$$libinit$$00000015)
    __rt_lib_init_lc_numeric_1               0x0000028d   Thumb Code     0  libinit2.o(.ARM.Collect$$libinit$$00000017)
    __rt_lib_init_lc_time_1                  0x0000028d   Thumb Code     0  libinit2.o(.ARM.Collect$$libinit$$00000019)
    __rt_lib_init_return                     0x0000028d   Thumb Code     0  libinit2.o(.ARM.Collect$$libinit$$00000033)
    __rt_lib_init_signal_1                   0x0000028d   Thumb Code     0  libinit2.o(.ARM.Collect$$libinit$$0000001D)
    __rt_lib_init_stdio_1                    0x0000028d   Thumb Code     0  libinit2.o(.ARM.Collect$$libinit$$00000025)
    __rt_lib_shutdown                        0x0000028f   Thumb Code     0  libshutdown.o(.ARM.Collect$$libshutdown$$00000000)
    __rt_lib_shutdown_cpp_1                  0x00000291   Thumb Code     0  libshutdown2.o(.ARM.Collect$$libshutdown$$00000004)
    __rt_lib_shutdown_fini_1                 0x00000291   Thumb Code     0  libshutdown2.o(.ARM.Collect$$libshutdown$$00000002)
    __rt_lib_shutdown_fp_trap_1              0x00000291   Thumb Code     0  libshutdown2.o(.ARM.Collect$$libshutdown$$00000009)
    __rt_lib_shutdown_heap_1                 0x00000291   Thumb Code     0  libshutdown2.o(.ARM.Collect$$libshutdown$$00000011)
    __rt_lib_shutdown_return                 0x00000291   Thumb Code     0  libshutdown2.o(.ARM.Collect$$libshutdown$$00000012)
    __rt_lib_shutdown_signal_1               0x00000291   Thumb Code     0  libshutdown2.o(.ARM.Collect$$libshutdown$$0000000C)
    __rt_lib_shutdown_stdio_1                0x00000291   Thumb Code     0  libshutdown2.o(.ARM.Collect$$libshutdown$$00000006)
    __rt_lib_shutdown_user_alloc_1           0x00000291   Thumb Code     0  libshutdown2.o(.ARM.Collect$$libshutdown$$0000000E)
    __rt_entry                               0x00000293   Thumb Code     0  __rtentry.o(.ARM.Collect$$rtentry$$00000000)
    __rt_entry_presh_1                       0x00000293   Thumb Code     0  __rtentry2.o(.ARM.Collect$$rtentry$$00000002)
    __rt_entry_sh                            0x00000293   Thumb Code     0  __rtentry4.o(.ARM.Collect$$rtentry$$00000004)
    __rt_entry_li                            0x00000299   Thumb Code     0  __rtentry2.o(.ARM.Collect$$rtentry$$0000000A)
    __rt_entry_postsh_1                      0x00000299   Thumb Code     0  __rtentry2.o(.ARM.Collect$$rtentry$$00000009)
    __rt_entry_main                          0x0000029d   Thumb Code     0  __rtentry2.o(.ARM.Collect$$rtentry$$0000000D)
    __rt_entry_postli_1                      0x0000029d   Thumb Code     0  __rtentry2.o(.ARM.Collect$$rtentry$$0000000C)
    __rt_exit                                0x000002a5   Thumb Code     0  rtexit.o(.ARM.Collect$$rtexit$$00000000)
    __rt_exit_ls                             0x000002a7   Thumb Code     0  rtexit2.o(.ARM.Collect$$rtexit$$00000003)
    __rt_exit_prels_1                        0x000002a7   Thumb Code     0  rtexit2.o(.ARM.Collect$$rtexit$$00000002)
    __rt_exit_exit                           0x000002ab   Thumb Code     0  rtexit2.o(.ARM.Collect$$rtexit$$00000004)
    __asm___12_nrf_atomic_c_85ca2469__nrf_atomic_internal_mov 0x000002b1   Thumb Code    24  nrf_atomic.o(.emb_text)
    __asm___12_nrf_atomic_c_85ca2469__nrf_atomic_internal_orr 0x000002c9   Thumb Code    26  nrf_atomic.o(.emb_text)
    __asm___12_nrf_atomic_c_85ca2469__nrf_atomic_internal_and 0x000002e3   Thumb Code    26  nrf_atomic.o(.emb_text)
    __asm___12_nrf_atomic_c_85ca2469__nrf_atomic_internal_eor 0x000002fd   Thumb Code    26  nrf_atomic.o(.emb_text)
    __asm___12_nrf_atomic_c_85ca2469__nrf_atomic_internal_add 0x00000317   Thumb Code    26  nrf_atomic.o(.emb_text)
    __asm___12_nrf_atomic_c_85ca2469__nrf_atomic_internal_sub 0x00000331   Thumb Code    26  nrf_atomic.o(.emb_text)
    __asm___12_nrf_atomic_c_85ca2469__nrf_atomic_internal_cmp_exch 0x0000034b   Thumb Code    42  nrf_atomic.o(.emb_text)
    __asm___12_nrf_atomic_c_85ca2469__nrf_atomic_internal_sub_hs 0x00000375   Thumb Code    30  nrf_atomic.o(.emb_text)
    Reset_Handler                            0x00000395   Thumb Code     8  arm_startup_nrf52.o(.text)
    NMI_Handler                              0x0000039d   Thumb Code     2  arm_startup_nrf52.o(.text)
    HardFault_Handler                        0x0000039f   Thumb Code     2  arm_startup_nrf52.o(.text)
    MemoryManagement_Handler                 0x000003a1   Thumb Code     2  arm_startup_nrf52.o(.text)
    BusFault_Handler                         0x000003a3   Thumb Code     2  arm_startup_nrf52.o(.text)
    UsageFault_Handler                       0x000003a5   Thumb Code     2  arm_startup_nrf52.o(.text)
    SVC_Handler                              0x000003a7   Thumb Code     2  arm_startup_nrf52.o(.text)
    DebugMon_Handler                         0x000003a9   Thumb Code     2  arm_startup_nrf52.o(.text)
    PendSV_Handler                           0x000003ab   Thumb Code     2  arm_startup_nrf52.o(.text)
    SysTick_Handler                          0x000003ad   Thumb Code     2  arm_startup_nrf52.o(.text)
    CCM_AAR_IRQHandler                       0x000003af   Thumb Code     0  arm_startup_nrf52.o(.text)
    COMP_LPCOMP_IRQHandler                   0x000003af   Thumb Code     0  arm_startup_nrf52.o(.text)
    ECB_IRQHandler                           0x000003af   Thumb Code     0  arm_startup_nrf52.o(.text)
    FPU_IRQHandler                           0x000003af   Thumb Code     0  arm_startup_nrf52.o(.text)
    I2S_IRQHandler                           0x000003af   Thumb Code     0  arm_startup_nrf52.o(.text)
    MWU_IRQHandler                           0x000003af   Thumb Code     0  arm_startup_nrf52.o(.text)
    NFCT_IRQHandler                          0x000003af   Thumb Code     0  arm_startup_nrf52.o(.text)
    PDM_IRQHandler                           0x000003af   Thumb Code     0  arm_startup_nrf52.o(.text)
    POWER_CLOCK_IRQHandler                   0x000003af   Thumb Code     0  arm_startup_nrf52.o(.text)
    PWM0_IRQHandler                          0x000003af   Thumb Code     0  arm_startup_nrf52.o(.text)
    PWM1_IRQHandler                          0x000003af   Thumb Code     0  arm_startup_nrf52.o(.text)
    PWM2_IRQHandler                          0x000003af   Thumb Code     0  arm_startup_nrf52.o(.text)
    QDEC_IRQHandler                          0x000003af   Thumb Code     0  arm_startup_nrf52.o(.text)
    RADIO_IRQHandler                         0x000003af   Thumb Code     0  arm_startup_nrf52.o(.text)
    RNG_IRQHandler                           0x000003af   Thumb Code     0  arm_startup_nrf52.o(.text)
    RTC0_IRQHandler                          0x000003af   Thumb Code     0  arm_startup_nrf52.o(.text)
    RTC2_IRQHandler                          0x000003af   Thumb Code     0  arm_startup_nrf52.o(.text)
    SPIM2_SPIS2_SPI2_IRQHandler              0x000003af   Thumb Code     0  arm_startup_nrf52.o(.text)
    SWI0_EGU0_IRQHandler                     0x000003af   Thumb Code     0  arm_startup_nrf52.o(.text)
    SWI1_EGU1_IRQHandler                     0x000003af   Thumb Code     0  arm_startup_nrf52.o(.text)
    SWI2_EGU2_IRQHandler                     0x000003af   Thumb Code     0  arm_startup_nrf52.o(.text)
    SWI3_EGU3_IRQHandler                     0x000003af   Thumb Code     0  arm_startup_nrf52.o(.text)
    SWI4_EGU4_IRQHandler                     0x000003af   Thumb Code     0  arm_startup_nrf52.o(.text)
    SWI5_EGU5_IRQHandler                     0x000003af   Thumb Code     0  arm_startup_nrf52.o(.text)
    TEMP_IRQHandler                          0x000003af   Thumb Code     0  arm_startup_nrf52.o(.text)
    TIMER0_IRQHandler                        0x000003af   Thumb Code     0  arm_startup_nrf52.o(.text)
    WDT_IRQHandler                           0x000003af   Thumb Code     0  arm_startup_nrf52.o(.text)
    __user_initial_stackheap                 0x000003b1   Thumb Code    10  arm_startup_nrf52.o(.text)
    __rt_ctype_table                         0x000003d5   Thumb Code    16  rt_ctype_table.o(.text)
    __aeabi_llsr                             0x000003e5   Thumb Code     0  llushr.o(.text)
    _ll_ushift_r                             0x000003e5   Thumb Code    38  llushr.o(.text)
    putc                                     0x0000040b   Thumb Code     4  putc.o(.text)
    strcpy                                   0x0000040f   Thumb Code    72  strcpy.o(.text)
    strlen                                   0x00000457   Thumb Code    62  strlen.o(.text)
    __aeabi_memcpy                           0x00000495   Thumb Code     0  rt_memcpy_v6.o(.text)
    __rt_memcpy                              0x00000495   Thumb Code   138  rt_memcpy_v6.o(.text)
    _memcpy_lastbytes                        0x000004fb   Thumb Code     0  rt_memcpy_v6.o(.text)
    __aeabi_memcpy4                          0x0000051f   Thumb Code     0  rt_memcpy_w.o(.text)
    __aeabi_memcpy8                          0x0000051f   Thumb Code     0  rt_memcpy_w.o(.text)
    __rt_memcpy_w                            0x0000051f   Thumb Code   100  rt_memcpy_w.o(.text)
    _memcpy_lastbytes_aligned                0x00000567   Thumb Code     0  rt_memcpy_w.o(.text)
    __aeabi_memclr4                          0x00000583   Thumb Code     0  rt_memclr_w.o(.text)
    __aeabi_memclr8                          0x00000583   Thumb Code     0  rt_memclr_w.o(.text)
    __rt_memclr_w                            0x00000583   Thumb Code    78  rt_memclr_w.o(.text)
    _memset_w                                0x00000587   Thumb Code     0  rt_memclr_w.o(.text)
    __use_two_region_memory                  0x000005d1   Thumb Code     2  heapauxi.o(.text)
    __rt_heap_escrow$2region                 0x000005d3   Thumb Code     2  heapauxi.o(.text)
    __rt_heap_expand$2region                 0x000005d5   Thumb Code     2  heapauxi.o(.text)
    __rt_locale                              0x000005d9   Thumb Code     8  rt_locale_intlibspace.o(.text)
    __user_libspace                          0x000005e1   Thumb Code     8  libspace.o(.text)
    __user_perproc_libspace                  0x000005e1   Thumb Code     0  libspace.o(.text)
    __user_perthread_libspace                0x000005e1   Thumb Code     0  libspace.o(.text)
    strcmp                                   0x000005e9   Thumb Code   128  strcmpv7m.o(.text)
    __user_setup_stackheap                   0x00000669   Thumb Code    74  sys_stackheap_outer.o(.text)
    exit                                     0x000006b3   Thumb Code    18  exit.o(.text)
    _sys_exit                                0x000006c5   Thumb Code     8  sys_exit.o(.text)
    __I$use$semihosting                      0x000006d1   Thumb Code     0  use_no_semi.o(.text)
    __use_no_semihosting_swi                 0x000006d1   Thumb Code     2  use_no_semi.o(.text)
    __semihosting_library_function           0x000006d3   Thumb Code     0  indicate_semi.o(.text)
    AD7171                                   0x000006d5   Thumb Code    22  ad7171.o(i.AD7171)
    GPIOTE_IRQHandler                        0x000006f1   Thumb Code   154  nrfx_gpiote.o(i.GPIOTE_IRQHandler)
    RTC1_IRQHandler                          0x00000795   Thumb Code    12  drv_rtc.o(i.RTC1_IRQHandler)
    SAADC_IRQHandler                         0x000007a5   Thumb Code   320  nrfx_saadc.o(i.SAADC_IRQHandler)
    SEGGER_RTT_Init                          0x000008ed   Thumb Code     4  segger_rtt.o(i.SEGGER_RTT_Init)
    SEGGER_RTT_WriteNoLock                   0x000008f1   Thumb Code    86  segger_rtt.o(i.SEGGER_RTT_WriteNoLock)
    SPIM0_SPIS0_TWIM0_TWIS0_SPI0_TWI0_IRQHandler 0x0000094d   Thumb Code     8  nrfx_twim.o(i.SPIM0_SPIS0_TWIM0_TWIS0_SPI0_TWI0_IRQHandler)
    SPIM1_SPIS1_TWIM1_TWIS1_SPI1_TWI1_IRQHandler 0x0000095d   Thumb Code    78  nrfx_spim.o(i.SPIM1_SPIS1_TWIM1_TWIS1_SPI1_TWI1_IRQHandler)
    SystemInit                               0x000009b1   Thumb Code   660  system_nrf52.o(i.SystemInit)
    TIMER1_IRQHandler                        0x00000c89   Thumb Code    10  nrfx_timer.o(i.TIMER1_IRQHandler)
    TIMER2_IRQHandler                        0x00000c9d   Thumb Code    10  nrfx_timer.o(i.TIMER2_IRQHandler)
    TIMER3_IRQHandler                        0x00000cb1   Thumb Code    10  nrfx_timer.o(i.TIMER3_IRQHandler)
    TIMER4_IRQHandler                        0x00000cc5   Thumb Code    10  nrfx_timer.o(i.TIMER4_IRQHandler)
    UARTE0_UART0_IRQHandler                  0x00000cd9   Thumb Code     6  nrfx_prs.o(i.UARTE0_UART0_IRQHandler)
    app_error_fault_handler                  0x00000e19   Thumb Code    86  app_error_weak.o(i.app_error_fault_handler)
    app_error_handler_bare                   0x00000e9d   Thumb Code    22  app_error.o(i.app_error_handler_bare)
    app_fifo_get                             0x00000eb3   Thumb Code    22  app_fifo.o(i.app_fifo_get)
    app_fifo_init                            0x00000ec9   Thumb Code    32  app_fifo.o(i.app_fifo_init)
    app_fifo_put                             0x00000ee9   Thumb Code    26  app_fifo.o(i.app_fifo_put)
    app_uart_init                            0x00000f05   Thumb Code   148  app_uart_fifo.o(i.app_uart_init)
    app_uart_put                             0x00000fa9   Thumb Code    70  app_uart_fifo.o(i.app_uart_put)
    app_util_critical_region_enter           0x00000ffd   Thumb Code     4  app_util_platform.o(i.app_util_critical_region_enter)
    app_util_critical_region_exit            0x00001001   Thumb Code     4  app_util_platform.o(i.app_util_critical_region_exit)
    app_util_disable_irq                     0x00001005   Thumb Code    12  app_util_platform.o(i.app_util_disable_irq)
    app_util_enable_irq                      0x00001015   Thumb Code    14  app_util_platform.o(i.app_util_enable_irq)
    buffer_is_empty                          0x000011f5   Thumb Code    18  nrf_log_frontend.o(i.buffer_is_empty)
    convADCtoAD7171                          0x00001281   Thumb Code    14  ad7171.o(i.convADCtoAD7171)
    disableAD7171ReadyPin125Hz               0x00001295   Thumb Code     8  pinchangeinterrupt.o(i.disableAD7171ReadyPin125Hz)
    enable45byteLabViewPrinter               0x000012b5   Thumb Code     8  printer45byte.o(i.enable45byteLabViewPrinter)
    fputc                                    0x000012e7   Thumb Code    14  retarget.o(i.fputc)
    handerLowPowerConsumption                0x000012f5   Thumb Code    18  main.o(i.handerLowPowerConsumption)
    handlerAD7171                            0x0000130d   Thumb Code     8  pinchangeinterrupt.o(i.handlerAD7171)
    handlerTimer1                            0x00001319   Thumb Code     4  timeinterrupt.o(i.handlerTimer1)
    initAD7171                               0x0000131d   Thumb Code    38  ad7171.o(i.initAD7171)
    initAD8232                               0x00001361   Thumb Code    74  ad8232.o(i.initAD8232)
    initComoPort                             0x000013c9   Thumb Code    40  port.o(i.initComoPort)
    initPeripherals                          0x000013f1   Thumb Code    58  main.o(i.initPeripherals)
    initPinChangeInterrupt                   0x00001451   Thumb Code    20  pinchangeinterrupt.o(i.initPinChangeInterrupt)
    initPortOutClear                         0x00001465   Thumb Code    24  port.o(i.initPortOutClear)
    initPortOutSet                           0x0000147d   Thumb Code    24  port.o(i.initPortOutSet)
    initPowerHold                            0x00001495   Thumb Code    32  port.o(i.initPowerHold)
    initRDYPinAD7171                         0x000014b9   Thumb Code    40  pinchangeinterrupt.o(i.initRDYPinAD7171)
    initSPI                                  0x000014e9   Thumb Code    68  spi.o(i.initSPI)
    initSeggerRTT                            0x00001531   Thumb Code    26  rtt.o(i.initSeggerRTT)
    initSensors                              0x0000154d   Thumb Code    42  main.o(i.initSensors)
    initTimerInterrupt                       0x00001599   Thumb Code    70  timeinterrupt.o(i.initTimerInterrupt)
    initUART                                 0x000015ed   Thumb Code    54  uart.o(i.initUART)
    isAD7171ReadyPin125Hz                    0x000017e1   Thumb Code     6  pinchangeinterrupt.o(i.isAD7171ReadyPin125Hz)
    log_pending_hook                         0x000017ed   Thumb Code     2  nrf_log_frontend.o(i.log_pending_hook)
    main                                     0x00001895   Thumb Code    76  main.o(i.main)
    nrf_atomic_flag_clear_fetch              0x000019ad   Thumb Code     6  nrf_atomic.o(i.nrf_atomic_flag_clear_fetch)
    nrf_atomic_flag_set                      0x000019b3   Thumb Code     6  nrf_atomic.o(i.nrf_atomic_flag_set)
    nrf_atomic_u32_add                       0x000019b9   Thumb Code    12  nrf_atomic.o(i.nrf_atomic_u32_add)
    nrf_atomic_u32_fetch_and                 0x000019c5   Thumb Code    10  nrf_atomic.o(i.nrf_atomic_u32_fetch_and)
    nrf_atomic_u32_fetch_store               0x000019cf   Thumb Code    10  nrf_atomic.o(i.nrf_atomic_u32_fetch_store)
    nrf_atomic_u32_or                        0x000019d9   Thumb Code    12  nrf_atomic.o(i.nrf_atomic_u32_or)
    nrf_atomic_u32_sub                       0x000019e5   Thumb Code    12  nrf_atomic.o(i.nrf_atomic_u32_sub)
    nrf_balloc_alloc                         0x000019f1   Thumb Code    62  nrf_balloc.o(i.nrf_balloc_alloc)
    nrf_balloc_free                          0x00001a2f   Thumb Code    42  nrf_balloc.o(i.nrf_balloc_free)
    nrf_balloc_init                          0x00001a59   Thumb Code    48  nrf_balloc.o(i.nrf_balloc_init)
    nrf_drv_spi_init                         0x00001ab9   Thumb Code    98  nrf_drv_spi.o(i.nrf_drv_spi_init)
    nrf_drv_uart_init                        0x00001b41   Thumb Code    90  nrf_drv_uart.o(i.nrf_drv_uart_init)
    nrf_fprintf                              0x00001be9   Thumb Code    26  nrf_fprintf.o(i.nrf_fprintf)
    nrf_fprintf_buffer_flush                 0x00001c03   Thumb Code    24  nrf_fprintf.o(i.nrf_fprintf_buffer_flush)
    nrf_fprintf_fmt                          0x00001c1b   Thumb Code   474  nrf_fprintf_format.o(i.nrf_fprintf_fmt)
    nrf_log_backend_add                      0x00001fe9   Thumb Code    86  nrf_log_frontend.o(i.nrf_log_backend_add)
    nrf_log_backend_rtt_init                 0x00002047   Thumb Code     4  nrf_log_backend_rtt.o(i.nrf_log_backend_rtt_init)
    nrf_log_backend_serial_put               0x00002065   Thumb Code   194  nrf_log_backend_serial.o(i.nrf_log_backend_serial_put)
    nrf_log_color_id_get                     0x00002129   Thumb Code    42  nrf_log_frontend.o(i.nrf_log_color_id_get)
    nrf_log_default_backends_init            0x00002159   Thumb Code    24  nrf_log_default_backends.o(i.nrf_log_default_backends_init)
    nrf_log_frontend_dequeue                 0x00002175   Thumb Code   518  nrf_log_frontend.o(i.nrf_log_frontend_dequeue)
    nrf_log_frontend_std_0                   0x000023a5   Thumb Code     8  nrf_log_frontend.o(i.nrf_log_frontend_std_0)
    nrf_log_hexdump_entry_process            0x000023ad   Thumb Code   150  nrf_log_str_formatter.o(i.nrf_log_hexdump_entry_process)
    nrf_log_init                             0x0000245d   Thumb Code    28  nrf_log_frontend.o(i.nrf_log_init)
    nrf_log_module_cnt_get                   0x00002485   Thumb Code    10  nrf_log_frontend.o(i.nrf_log_module_cnt_get)
    nrf_log_module_name_get                  0x00002499   Thumb Code    24  nrf_log_frontend.o(i.nrf_log_module_name_get)
    nrf_log_panic                            0x000024b5   Thumb Code    36  nrf_log_frontend.o(i.nrf_log_panic)
    nrf_log_std_entry_process                0x000024dd   Thumb Code   182  nrf_log_str_formatter.o(i.nrf_log_std_entry_process)
    nrf_memobj_alloc                         0x00002593   Thumb Code    96  nrf_memobj.o(i.nrf_memobj_alloc)
    nrf_memobj_free                          0x000025f3   Thumb Code    50  nrf_memobj.o(i.nrf_memobj_free)
    nrf_memobj_get                           0x00002625   Thumb Code     8  nrf_memobj.o(i.nrf_memobj_get)
    nrf_memobj_pool_init                     0x0000262d   Thumb Code     4  nrf_memobj.o(i.nrf_memobj_pool_init)
    nrf_memobj_put                           0x00002631   Thumb Code    30  nrf_memobj.o(i.nrf_memobj_put)
    nrf_memobj_read                          0x0000264f   Thumb Code    16  nrf_memobj.o(i.nrf_memobj_read)
    nrf_memobj_write                         0x0000265f   Thumb Code    16  nrf_memobj.o(i.nrf_memobj_write)
    nrf_pwr_mgmt_init                        0x00002671   Thumb Code    28  nrf_pwr_mgmt.o(i.nrf_pwr_mgmt_init)
    nrf_pwr_mgmt_run                         0x00002699   Thumb Code    46  nrf_pwr_mgmt.o(i.nrf_pwr_mgmt_run)
    nrf_ringbuf_init                         0x000026cd   Thumb Code    28  nrf_ringbuf.o(i.nrf_ringbuf_init)
    nrf_section_iter_init                    0x0000271d   Thumb Code    10  nrf_section_iter.o(i.nrf_section_iter_init)
    nrfx_gpiote_in_event_enable              0x000027d1   Thumb Code   152  nrfx_gpiote.o(i.nrfx_gpiote_in_event_enable)
    nrfx_gpiote_in_init                      0x00002871   Thumb Code   190  nrfx_gpiote.o(i.nrfx_gpiote_in_init)
    nrfx_gpiote_init                         0x0000293d   Thumb Code   102  nrfx_gpiote.o(i.nrfx_gpiote_init)
    nrfx_prs_acquire                         0x000029d1   Thumb Code    48  nrfx_prs.o(i.nrfx_prs_acquire)
    nrfx_spim_init                           0x00002a01   Thumb Code   356  nrfx_spim.o(i.nrfx_spim_init)
    nrfx_spim_xfer                           0x00002b6d   Thumb Code    94  nrfx_spim.o(i.nrfx_spim_xfer)
    nrfx_timer_compare                       0x00002bd1   Thumb Code    58  nrfx_timer.o(i.nrfx_timer_compare)
    nrfx_timer_enable                        0x00002c0d   Thumb Code    24  nrfx_timer.o(i.nrfx_timer_enable)
    nrfx_timer_extended_compare              0x00002c29   Thumb Code    42  nrfx_timer.o(i.nrfx_timer_extended_compare)
    nrfx_timer_init                          0x00002c55   Thumb Code   188  nrfx_timer.o(i.nrfx_timer_init)
    nrfx_uart_0_irq_handler                  0x00002d15   Thumb Code     8  nrfx_uart.o(i.nrfx_uart_0_irq_handler)
    nrfx_uart_init                           0x00002d25   Thumb Code   200  nrfx_uart.o(i.nrfx_uart_init)
    nrfx_uart_rx                             0x00002df9   Thumb Code   230  nrfx_uart.o(i.nrfx_uart_rx)
    nrfx_uart_tx                             0x00002ee5   Thumb Code   162  nrfx_uart.o(i.nrfx_uart_tx)
    nrfx_uart_tx_in_progress                 0x00002f8d   Thumb Code    26  nrfx_uart.o(i.nrfx_uart_tx_in_progress)
    nrfx_uarte_0_irq_handler                 0x00002fad   Thumb Code     8  nrfx_uarte.o(i.nrfx_uarte_0_irq_handler)
    nrfx_uarte_init                          0x00002fbd   Thumb Code   100  nrfx_uarte.o(i.nrfx_uarte_init)
    nrfx_uarte_rx                            0x00003029   Thumb Code   256  nrfx_uarte.o(i.nrfx_uarte_rx)
    nrfx_uarte_tx                            0x0000312d   Thumb Code   166  nrfx_uarte.o(i.nrfx_uarte_tx)
    nrfx_uarte_tx_in_progress                0x000031d9   Thumb Code    22  nrfx_uarte.o(i.nrfx_uarte_tx_in_progress)
    nvmc_config                              0x000031f5   Thumb Code    14  system_nrf52.o(i.nvmc_config)
    print45byteLabView                       0x000033f1   Thumb Code   224  printer45byte.o(i.print45byteLabView)
    readAD7171                               0x000034f5   Thumb Code     4  ad7171.o(i.readAD7171)
    readADCtoAD7171                          0x000034f9   Thumb Code     8  ad7171.o(i.readADCtoAD7171)
    readSPI                                  0x00003505   Thumb Code    36  spi.o(i.readSPI)
    saveEcg                                  0x000035b1   Thumb Code    34  printer45byte.o(i.saveEcg)
    setSoftResetAD7171                       0x0000362d   Thumb Code    38  ad7171.o(i.setSoftResetAD7171)
    uart_error_handle                        0x000039c9   Thumb Code    18  uart.o(i.uart_error_handle)
    _get_lc_ctype                            0x00003e39   Thumb Code    44  lc_ctype_c.o(locale$$code)
    _fp_init                                 0x00003e65   Thumb Code    10  fpinit.o(x$fpl$fpinit)
    __fplib_config_fpu_vfp                   0x00003e6d   Thumb Code     0  fpinit.o(x$fpl$fpinit)
    __fplib_config_pureend_doubles           0x00003e6d   Thumb Code     0  fpinit.o(x$fpl$fpinit)
    nrf_log_backend_rtt_api                  0x00003eec   Data          12  nrf_log_backend_rtt.o(.constdata)
    timerSelect1                             0x00003f78   Data           8  timeinterrupt.o(.constdata)
    Region$$Table$$Base                      0x00004080   Number         0  anon$$obj.o(Region$$Table)
    Region$$Table$$Limit                     0x000040a0   Number         0  anon$$obj.o(Region$$Table)
    __ctype                                  0x000040ad   Data           0  lc_ctype_c.o(locale$$data)
    log_const_data$$Base                     0x000041c0   Number         0  nrfx_gpiote.o(log_const_data)
    m_nrf_log_GPIOTE_logs_data_const         0x000041c0   Data           8  nrfx_gpiote.o(log_const_data)
    m_nrf_log_PPI_logs_data_const            0x000041c8   Data           8  nrfx_ppi.o(log_const_data)
    m_nrf_log_TIMER_logs_data_const          0x000041d0   Data           8  nrfx_timer.o(log_const_data)
    m_nrf_log_TWIM_logs_data_const           0x000041d8   Data           8  nrfx_twim.o(log_const_data)
    m_nrf_log_UARTE_logs_data_const          0x000041e0   Data           8  nrfx_uarte.o(log_const_data)
    m_nrf_log_UART_logs_data_const           0x000041e8   Data           8  nrfx_uart.o(log_const_data)
    m_nrf_log_PRS_logs_data_const            0x000041f0   Data           8  nrfx_prs.o(log_const_data)
    m_nrf_log_SAADC_logs_data_const          0x000041f8   Data           8  nrfx_saadc.o(log_const_data)
    m_nrf_log_SPIM_logs_data_const           0x00004200   Data           8  nrfx_spim.o(log_const_data)
    m_nrf_log_pwr_mgmt_logs_data_const       0x00004208   Data           8  nrf_pwr_mgmt.o(log_const_data)
    m_nrf_log_app_button_logs_data_const     0x00004210   Data           8  app_button.o(log_const_data)
    m_nrf_log_sortlist_logs_data_const       0x00004218   Data           8  nrf_sortlist.o(log_const_data)
    m_nrf_log_app_timer_logs_data_const      0x00004220   Data           8  app_timer2.o(log_const_data)
    m_nrf_log_app_logs_data_const            0x00004228   Data           8  nrf_log_frontend.o(log_const_data)
    log_const_data$$Limit                    0x00004230   Number         0  nrf_log_frontend.o(log_const_data)
    log_mempool                              0x00004230   Data          20  nrf_log_frontend.o(nrf_balloc)
    nrf_drv_uart_use_easy_dma                0x20000000   Data           1  nrf_drv_uart.o(.data)
    __stdout                                 0x2000003c   Data           4  retarget.o(.data)
    flag125HzAD7171                          0x200000b2   Data           1  pinchangeinterrupt.o(.data)
    flag45byteLabViewPrinter                 0x200000b4   Data           1  printer45byte.o(.data)
    SystemCoreClock                          0x200000c8   Data           4  system_nrf52.o(.data)
    _SEGGER_RTT                              0x2000082c   Data         120  segger_rtt.o(.bss)
    __libspace_start                         0x20000cd8   Data          96  libspace.o(.bss)
    __temporary_stack_top$libspace           0x20000d38   Data           0  libspace.o(.bss)



==============================================================================

Memory Map of the image

  Image Entry point : 0x00000201

  Load Region LR_IROM1 (Base: 0x00000000, Size: 0x00004310, Max: 0x00080000, ABSOLUTE)

    Execution Region ER_IROM1 (Exec base: 0x00000000, Load base: 0x00000000, Size: 0x00004244, Max: 0x00080000, ABSOLUTE)

    Exec Addr    Load Addr    Size         Type   Attr      Idx    E Section Name        Object

    0x00000000   0x00000000   0x00000200   Data   RO         5493    RESET               arm_startup_nrf52.o
    0x00000200   0x00000200   0x00000008   Code   RO         5574  * !!!main             c_w.l(__main.o)
    0x00000208   0x00000208   0x00000034   Code   RO         5760    !!!scatter          c_w.l(__scatter.o)
    0x0000023c   0x0000023c   0x0000001a   Code   RO         5762    !!handler_copy      c_w.l(__scatter_copy.o)
    0x00000256   0x00000256   0x00000002   PAD
    0x00000258   0x00000258   0x0000001c   Code   RO         5764    !!handler_zi        c_w.l(__scatter_zi.o)
    0x00000274   0x00000274   0x00000002   Code   RO         5678    .ARM.Collect$$libinit$$00000000  c_w.l(libinit.o)
    0x00000276   0x00000276   0x00000004   Code   RO         5622    .ARM.Collect$$libinit$$00000001  c_w.l(libinit2.o)
    0x0000027a   0x0000027a   0x00000000   Code   RO         5625    .ARM.Collect$$libinit$$00000004  c_w.l(libinit2.o)
    0x0000027a   0x0000027a   0x00000000   Code   RO         5628    .ARM.Collect$$libinit$$0000000A  c_w.l(libinit2.o)
    0x0000027a   0x0000027a   0x00000000   Code   RO         5630    .ARM.Collect$$libinit$$0000000C  c_w.l(libinit2.o)
    0x0000027a   0x0000027a   0x00000000   Code   RO         5632    .ARM.Collect$$libinit$$0000000E  c_w.l(libinit2.o)
    0x0000027a   0x0000027a   0x00000006   Code   RO         5633    .ARM.Collect$$libinit$$0000000F  c_w.l(libinit2.o)
    0x00000280   0x00000280   0x00000000   Code   RO         5635    .ARM.Collect$$libinit$$00000011  c_w.l(libinit2.o)
    0x00000280   0x00000280   0x0000000c   Code   RO         5636    .ARM.Collect$$libinit$$00000012  c_w.l(libinit2.o)
    0x0000028c   0x0000028c   0x00000000   Code   RO         5637    .ARM.Collect$$libinit$$00000013  c_w.l(libinit2.o)
    0x0000028c   0x0000028c   0x00000000   Code   RO         5639    .ARM.Collect$$libinit$$00000015  c_w.l(libinit2.o)
    0x0000028c   0x0000028c   0x00000000   Code   RO         5641    .ARM.Collect$$libinit$$00000017  c_w.l(libinit2.o)
    0x0000028c   0x0000028c   0x00000000   Code   RO         5643    .ARM.Collect$$libinit$$00000019  c_w.l(libinit2.o)
    0x0000028c   0x0000028c   0x00000000   Code   RO         5645    .ARM.Collect$$libinit$$0000001B  c_w.l(libinit2.o)
    0x0000028c   0x0000028c   0x00000000   Code   RO         5647    .ARM.Collect$$libinit$$0000001D  c_w.l(libinit2.o)
    0x0000028c   0x0000028c   0x00000000   Code   RO         5649    .ARM.Collect$$libinit$$0000001F  c_w.l(libinit2.o)
    0x0000028c   0x0000028c   0x00000000   Code   RO         5651    .ARM.Collect$$libinit$$00000021  c_w.l(libinit2.o)
    0x0000028c   0x0000028c   0x00000000   Code   RO         5653    .ARM.Collect$$libinit$$00000023  c_w.l(libinit2.o)
    0x0000028c   0x0000028c   0x00000000   Code   RO         5655    .ARM.Collect$$libinit$$00000025  c_w.l(libinit2.o)
    0x0000028c   0x0000028c   0x00000000   Code   RO         5659    .ARM.Collect$$libinit$$0000002C  c_w.l(libinit2.o)
    0x0000028c   0x0000028c   0x00000000   Code   RO         5661    .ARM.Collect$$libinit$$0000002E  c_w.l(libinit2.o)
    0x0000028c   0x0000028c   0x00000000   Code   RO         5663    .ARM.Collect$$libinit$$00000030  c_w.l(libinit2.o)
    0x0000028c   0x0000028c   0x00000000   Code   RO         5665    .ARM.Collect$$libinit$$00000032  c_w.l(libinit2.o)
    0x0000028c   0x0000028c   0x00000002   Code   RO         5666    .ARM.Collect$$libinit$$00000033  c_w.l(libinit2.o)
    0x0000028e   0x0000028e   0x00000002   Code   RO         5715    .ARM.Collect$$libshutdown$$00000000  c_w.l(libshutdown.o)
    0x00000290   0x00000290   0x00000000   Code   RO         5721    .ARM.Collect$$libshutdown$$00000002  c_w.l(libshutdown2.o)
    0x00000290   0x00000290   0x00000000   Code   RO         5723    .ARM.Collect$$libshutdown$$00000004  c_w.l(libshutdown2.o)
    0x00000290   0x00000290   0x00000000   Code   RO         5725    .ARM.Collect$$libshutdown$$00000006  c_w.l(libshutdown2.o)
    0x00000290   0x00000290   0x00000000   Code   RO         5728    .ARM.Collect$$libshutdown$$00000009  c_w.l(libshutdown2.o)
    0x00000290   0x00000290   0x00000000   Code   RO         5731    .ARM.Collect$$libshutdown$$0000000C  c_w.l(libshutdown2.o)
    0x00000290   0x00000290   0x00000000   Code   RO         5733    .ARM.Collect$$libshutdown$$0000000E  c_w.l(libshutdown2.o)
    0x00000290   0x00000290   0x00000000   Code   RO         5736    .ARM.Collect$$libshutdown$$00000011  c_w.l(libshutdown2.o)
    0x00000290   0x00000290   0x00000002   Code   RO         5737    .ARM.Collect$$libshutdown$$00000012  c_w.l(libshutdown2.o)
    0x00000292   0x00000292   0x00000000   Code   RO         5586    .ARM.Collect$$rtentry$$00000000  c_w.l(__rtentry.o)
    0x00000292   0x00000292   0x00000000   Code   RO         5606    .ARM.Collect$$rtentry$$00000002  c_w.l(__rtentry2.o)
    0x00000292   0x00000292   0x00000006   Code   RO         5618    .ARM.Collect$$rtentry$$00000004  c_w.l(__rtentry4.o)
    0x00000298   0x00000298   0x00000000   Code   RO         5608    .ARM.Collect$$rtentry$$00000009  c_w.l(__rtentry2.o)
    0x00000298   0x00000298   0x00000004   Code   RO         5609    .ARM.Collect$$rtentry$$0000000A  c_w.l(__rtentry2.o)
    0x0000029c   0x0000029c   0x00000000   Code   RO         5611    .ARM.Collect$$rtentry$$0000000C  c_w.l(__rtentry2.o)
    0x0000029c   0x0000029c   0x00000008   Code   RO         5612    .ARM.Collect$$rtentry$$0000000D  c_w.l(__rtentry2.o)
    0x000002a4   0x000002a4   0x00000002   Code   RO         5681    .ARM.Collect$$rtexit$$00000000  c_w.l(rtexit.o)
    0x000002a6   0x000002a6   0x00000000   Code   RO         5690    .ARM.Collect$$rtexit$$00000002  c_w.l(rtexit2.o)
    0x000002a6   0x000002a6   0x00000004   Code   RO         5691    .ARM.Collect$$rtexit$$00000003  c_w.l(rtexit2.o)
    0x000002aa   0x000002aa   0x00000006   Code   RO         5692    .ARM.Collect$$rtexit$$00000004  c_w.l(rtexit2.o)
    0x000002b0   0x000002b0   0x000000e2   Code   RO         2632    .emb_text           nrf_atomic.o
    0x00000392   0x00000392   0x00000002   PAD
    0x00000394   0x00000394   0x00000040   Code   RO         5494    .text               arm_startup_nrf52.o
    0x000003d4   0x000003d4   0x00000010   Code   RO         5552    .text               c_w.l(rt_ctype_table.o)
    0x000003e4   0x000003e4   0x00000026   Code   RO         5556    .text               c_w.l(llushr.o)
    0x0000040a   0x0000040a   0x00000004   Code   RO         5558    .text               c_w.l(putc.o)
    0x0000040e   0x0000040e   0x00000048   Code   RO         5560    .text               c_w.l(strcpy.o)
    0x00000456   0x00000456   0x0000003e   Code   RO         5562    .text               c_w.l(strlen.o)
    0x00000494   0x00000494   0x0000008a   Code   RO         5564    .text               c_w.l(rt_memcpy_v6.o)
    0x0000051e   0x0000051e   0x00000064   Code   RO         5566    .text               c_w.l(rt_memcpy_w.o)
    0x00000582   0x00000582   0x0000004e   Code   RO         5570    .text               c_w.l(rt_memclr_w.o)
    0x000005d0   0x000005d0   0x00000006   Code   RO         5572    .text               c_w.l(heapauxi.o)
    0x000005d6   0x000005d6   0x00000002   PAD
    0x000005d8   0x000005d8   0x00000008   Code   RO         5590    .text               c_w.l(rt_locale_intlibspace.o)
    0x000005e0   0x000005e0   0x00000008   Code   RO         5602    .text               c_w.l(libspace.o)
    0x000005e8   0x000005e8   0x00000080   Code   RO         5620    .text               c_w.l(strcmpv7m.o)
    0x00000668   0x00000668   0x0000004a   Code   RO         5667    .text               c_w.l(sys_stackheap_outer.o)
    0x000006b2   0x000006b2   0x00000012   Code   RO         5669    .text               c_w.l(exit.o)
    0x000006c4   0x000006c4   0x0000000c   Code   RO         5702    .text               c_w.l(sys_exit.o)
    0x000006d0   0x000006d0   0x00000002   Code   RO         5704    .text               c_w.l(use_no_semi.o)
    0x000006d2   0x000006d2   0x00000000   Code   RO         5706    .text               c_w.l(indicate_semi.o)
    0x000006d2   0x000006d2   0x00000002   PAD
    0x000006d4   0x000006d4   0x0000001c   Code   RO         4822    i.AD7171            ad7171.o
    0x000006f0   0x000006f0   0x000000a4   Code   RO          691    i.GPIOTE_IRQHandler  nrfx_gpiote.o
    0x00000794   0x00000794   0x00000010   Code   RO         3714    i.RTC1_IRQHandler   drv_rtc.o
    0x000007a4   0x000007a4   0x00000148   Code   RO         2001    i.SAADC_IRQHandler  nrfx_saadc.o
    0x000008ec   0x000008ec   0x00000004   Code   RO         4356    i.SEGGER_RTT_Init   segger_rtt.o
    0x000008f0   0x000008f0   0x0000005c   Code   RO         4370    i.SEGGER_RTT_WriteNoLock  segger_rtt.o
    0x0000094c   0x0000094c   0x00000010   Code   RO         1445    i.SPIM0_SPIS0_TWIM0_TWIS0_SPI0_TWI0_IRQHandler  nrfx_twim.o
    0x0000095c   0x0000095c   0x00000054   Code   RO         2282    i.SPIM1_SPIS1_TWIM1_TWIS1_SPI1_TWI1_IRQHandler  nrfx_spim.o
    0x000009b0   0x000009b0   0x000002d8   Code   RO         5502    i.SystemInit        system_nrf52.o
    0x00000c88   0x00000c88   0x00000014   Code   RO         1151    i.TIMER1_IRQHandler  nrfx_timer.o
    0x00000c9c   0x00000c9c   0x00000014   Code   RO         1152    i.TIMER2_IRQHandler  nrfx_timer.o
    0x00000cb0   0x00000cb0   0x00000014   Code   RO         1153    i.TIMER3_IRQHandler  nrfx_timer.o
    0x00000cc4   0x00000cc4   0x00000014   Code   RO         1154    i.TIMER4_IRQHandler  nrfx_timer.o
    0x00000cd8   0x00000cd8   0x0000000c   Code   RO         1947    i.UARTE0_UART0_IRQHandler  nrfx_prs.o
    0x00000ce4   0x00000ce4   0x00000068   Code   RO         4374    i._DoInit           segger_rtt.o
    0x00000d4c   0x00000d4c   0x00000016   Code   RO         4375    i._GetAvailWriteSpace  segger_rtt.o
    0x00000d62   0x00000d62   0x0000001a   Code   RO         1446    i._NRFX_IRQ_PENDING_CLEAR  nrfx_twim.o
    0x00000d7c   0x00000d7c   0x0000005a   Code   RO         4377    i._WriteBlocking    segger_rtt.o
    0x00000dd6   0x00000dd6   0x00000042   Code   RO         4378    i._WriteNoCheck     segger_rtt.o
    0x00000e18   0x00000e18   0x00000084   Code   RO         2515    i.app_error_fault_handler  app_error_weak.o
    0x00000e9c   0x00000e9c   0x00000016   Code   RO         2443    i.app_error_handler_bare  app_error.o
    0x00000eb2   0x00000eb2   0x00000016   Code   RO         3173    i.app_fifo_get      app_fifo.o
    0x00000ec8   0x00000ec8   0x00000020   Code   RO         3174    i.app_fifo_init     app_fifo.o
    0x00000ee8   0x00000ee8   0x0000001a   Code   RO         3176    i.app_fifo_put      app_fifo.o
    0x00000f02   0x00000f02   0x00000002   PAD
    0x00000f04   0x00000f04   0x000000a4   Code   RO         3248    i.app_uart_init     app_uart_fifo.o
    0x00000fa8   0x00000fa8   0x00000054   Code   RO         3249    i.app_uart_put      app_uart_fifo.o
    0x00000ffc   0x00000ffc   0x00000004   Code   RO         2543    i.app_util_critical_region_enter  app_util_platform.o
    0x00001000   0x00001000   0x00000004   Code   RO         2544    i.app_util_critical_region_exit  app_util_platform.o
    0x00001004   0x00001004   0x00000010   Code   RO         2545    i.app_util_disable_irq  app_util_platform.o
    0x00001014   0x00001014   0x00000014   Code   RO         2546    i.app_util_enable_irq  app_util_platform.o
    0x00001028   0x00001028   0x00000088   Code   RO         1608    i.apply_config      nrfx_uarte.o
    0x000010b0   0x000010b0   0x00000088   Code   RO         1768    i.apply_config      nrfx_uart.o
    0x00001138   0x00001138   0x0000008c   Code   RO         4104    i.buf_prealloc      nrf_log_frontend.o
    0x000011c4   0x000011c4   0x0000002e   Code   RO         2847    i.buffer_add        nrf_fprintf_format.o
    0x000011f2   0x000011f2   0x00000002   PAD
    0x000011f4   0x000011f4   0x00000018   Code   RO         4105    i.buffer_is_empty   nrf_log_frontend.o
    0x0000120c   0x0000120c   0x0000001c   Code   RO          692    i.channel_free      nrfx_gpiote.o
    0x00001228   0x00001228   0x00000048   Code   RO          693    i.channel_port_alloc  nrfx_gpiote.o
    0x00001270   0x00001270   0x00000010   Code   RO          694    i.channel_port_get  nrfx_gpiote.o
    0x00001280   0x00001280   0x00000014   Code   RO         4823    i.convADCtoAD7171   ad7171.o
    0x00001294   0x00001294   0x0000000c   Code   RO         5315    i.disableAD7171ReadyPin125Hz  pinchangeinterrupt.o
    0x000012a0   0x000012a0   0x00000014   Code   RO         4106    i.dropped_sat16_get  nrf_log_frontend.o
    0x000012b4   0x000012b4   0x0000000c   Code   RO         5401    i.enable45byteLabViewPrinter  printer45byte.o
    0x000012c0   0x000012c0   0x00000014   Code   RO         3179    i.fifo_get          app_fifo.o
    0x000012d4   0x000012d4   0x00000012   Code   RO         3180    i.fifo_put          app_fifo.o
    0x000012e6   0x000012e6   0x0000000e   Code   RO         3323    i.fputc             retarget.o
    0x000012f4   0x000012f4   0x00000018   Code   RO            4    i.handerLowPowerConsumption  main.o
    0x0000130c   0x0000130c   0x0000000c   Code   RO         5317    i.handlerAD7171     pinchangeinterrupt.o
    0x00001318   0x00001318   0x00000004   Code   RO         5267    i.handlerTimer1     timeinterrupt.o
    0x0000131c   0x0000131c   0x00000044   Code   RO         4824    i.initAD7171        ad7171.o
    0x00001360   0x00001360   0x00000068   Code   RO         4789    i.initAD8232        ad8232.o
    0x000013c8   0x000013c8   0x00000028   Code   RO         5185    i.initComoPort      port.o
    0x000013f0   0x000013f0   0x00000060   Code   RO            5    i.initPeripherals   main.o
    0x00001450   0x00001450   0x00000014   Code   RO         5320    i.initPinChangeInterrupt  pinchangeinterrupt.o
    0x00001464   0x00001464   0x00000018   Code   RO         5188    i.initPortOutClear  port.o
    0x0000147c   0x0000147c   0x00000018   Code   RO         5189    i.initPortOutSet    port.o
    0x00001494   0x00001494   0x00000024   Code   RO         5190    i.initPowerHold     port.o
    0x000014b8   0x000014b8   0x00000030   Code   RO         5321    i.initRDYPinAD7171  pinchangeinterrupt.o
    0x000014e8   0x000014e8   0x00000048   Code   RO         4988    i.initSPI           spi.o
    0x00001530   0x00001530   0x0000001a   Code   RO         5091    i.initSeggerRTT     rtt.o
    0x0000154a   0x0000154a   0x00000002   PAD
    0x0000154c   0x0000154c   0x0000004c   Code   RO            6    i.initSensors       main.o
    0x00001598   0x00001598   0x00000054   Code   RO         5268    i.initTimerInterrupt  timeinterrupt.o
    0x000015ec   0x000015ec   0x00000048   Code   RO         5050    i.initUART          uart.o
    0x00001634   0x00001634   0x000000a6   Code   RO         2848    i.int_print         nrf_fprintf_format.o
    0x000016da   0x000016da   0x00000002   PAD
    0x000016dc   0x000016dc   0x00000088   Code   RO         1609    i.interrupts_enable  nrfx_uarte.o
    0x00001764   0x00001764   0x00000034   Code   RO         4107    i.invalid_packets_omit  nrf_log_frontend.o
    0x00001798   0x00001798   0x00000046   Code   RO         1155    i.irq_handler       nrfx_timer.o
    0x000017de   0x000017de   0x00000002   PAD
    0x000017e0   0x000017e0   0x0000000c   Code   RO         5324    i.isAD7171ReadyPin125Hz  pinchangeinterrupt.o
    0x000017ec   0x000017ec   0x00000002   Code   RO         4108    i.log_pending_hook  nrf_log_frontend.o
    0x000017ee   0x000017ee   0x00000002   PAD
    0x000017f0   0x000017f0   0x000000a4   Code   RO         4109    i.log_skip          nrf_log_frontend.o
    0x00001894   0x00001894   0x00000068   Code   RO            7    i.main              main.o
    0x000018fc   0x000018fc   0x0000007e   Code   RO         2887    i.memobj_op         nrf_memobj.o
    0x0000197a   0x0000197a   0x00000002   PAD
    0x0000197c   0x0000197c   0x00000030   Code   RO         4110    i.module_idx_get    nrf_log_frontend.o
    0x000019ac   0x000019ac   0x00000006   Code   RO         2634    i.nrf_atomic_flag_clear_fetch  nrf_atomic.o
    0x000019b2   0x000019b2   0x00000006   Code   RO         2635    i.nrf_atomic_flag_set  nrf_atomic.o
    0x000019b8   0x000019b8   0x0000000c   Code   RO         2637    i.nrf_atomic_u32_add  nrf_atomic.o
    0x000019c4   0x000019c4   0x0000000a   Code   RO         2641    i.nrf_atomic_u32_fetch_and  nrf_atomic.o
    0x000019ce   0x000019ce   0x0000000a   Code   RO         2643    i.nrf_atomic_u32_fetch_store  nrf_atomic.o
    0x000019d8   0x000019d8   0x0000000c   Code   RO         2647    i.nrf_atomic_u32_or  nrf_atomic.o
    0x000019e4   0x000019e4   0x0000000c   Code   RO         2649    i.nrf_atomic_u32_sub  nrf_atomic.o
    0x000019f0   0x000019f0   0x0000003e   Code   RO         2771    i.nrf_balloc_alloc  nrf_balloc.o
    0x00001a2e   0x00001a2e   0x0000002a   Code   RO         2772    i.nrf_balloc_free   nrf_balloc.o
    0x00001a58   0x00001a58   0x00000030   Code   RO         2773    i.nrf_balloc_init   nrf_balloc.o
    0x00001a88   0x00001a88   0x00000010   Code   RO          695    i.nrf_bitmask_bit_is_set  nrfx_gpiote.o
    0x00001a98   0x00001a98   0x00000020   Code   RO            8    i.nrf_delay_ms      main.o
    0x00001ab8   0x00001ab8   0x00000070   Code   RO         2399    i.nrf_drv_spi_init  nrf_drv_spi.o
    0x00001b28   0x00001b28   0x00000016   Code   RO         4989    i.nrf_drv_spi_transfer  spi.o
    0x00001b3e   0x00001b3e   0x00000002   PAD
    0x00001b40   0x00001b40   0x00000068   Code   RO         1375    i.nrf_drv_uart_init  nrf_drv_uart.o
    0x00001ba8   0x00001ba8   0x00000020   Code   RO         3250    i.nrf_drv_uart_rx   app_uart_fifo.o
    0x00001bc8   0x00001bc8   0x00000020   Code   RO         3251    i.nrf_drv_uart_tx   app_uart_fifo.o
    0x00001be8   0x00001be8   0x0000001a   Code   RO         2808    i.nrf_fprintf       nrf_fprintf.o
    0x00001c02   0x00001c02   0x00000018   Code   RO         2809    i.nrf_fprintf_buffer_flush  nrf_fprintf.o
    0x00001c1a   0x00001c1a   0x000001da   Code   RO         2849    i.nrf_fprintf_fmt   nrf_fprintf_format.o
    0x00001df4   0x00001df4   0x00000024   Code   RO          696    i.nrf_gpio_cfg      nrfx_gpiote.o
    0x00001e18   0x00001e18   0x00000024   Code   RO         1610    i.nrf_gpio_cfg      nrfx_uarte.o
    0x00001e3c   0x00001e3c   0x00000024   Code   RO         1769    i.nrf_gpio_cfg      nrfx_uart.o
    0x00001e60   0x00001e60   0x00000024   Code   RO         2283    i.nrf_gpio_cfg      nrfx_spim.o
    0x00001e84   0x00001e84   0x00000024   Code   RO         5191    i.nrf_gpio_cfg      port.o
    0x00001ea8   0x00001ea8   0x00000012   Code   RO         1612    i.nrf_gpio_cfg_input  nrfx_uarte.o
    0x00001eba   0x00001eba   0x00000012   Code   RO         1771    i.nrf_gpio_cfg_input  nrfx_uart.o
    0x00001ecc   0x00001ecc   0x00000012   Code   RO         5192    i.nrf_gpio_cfg_input  port.o
    0x00001ede   0x00001ede   0x00000014   Code   RO         1613    i.nrf_gpio_cfg_output  nrfx_uarte.o
    0x00001ef2   0x00001ef2   0x00000014   Code   RO         1772    i.nrf_gpio_cfg_output  nrfx_uart.o
    0x00001f06   0x00001f06   0x00000014   Code   RO         2284    i.nrf_gpio_cfg_output  nrfx_spim.o
    0x00001f1a   0x00001f1a   0x00000022   Code   RO          698    i.nrf_gpio_cfg_sense_set  nrfx_gpiote.o
    0x00001f3c   0x00001f3c   0x0000002c   Code   RO          699    i.nrf_gpio_latches_read_and_clear  nrfx_gpiote.o
    0x00001f68   0x00001f68   0x0000000e   Code   RO         2285    i.nrf_gpio_pin_clear  nrfx_spim.o
    0x00001f76   0x00001f76   0x00000022   Code   RO         5193    i.nrf_gpio_pin_dir_set  port.o
    0x00001f98   0x00001f98   0x0000001e   Code   RO          700    i.nrf_gpio_pin_present_check  nrfx_gpiote.o
    0x00001fb6   0x00001fb6   0x0000000e   Code   RO         2286    i.nrf_gpio_pin_set  nrfx_spim.o
    0x00001fc4   0x00001fc4   0x00000014   Code   RO          701    i.nrf_gpiote_event_clear  nrfx_gpiote.o
    0x00001fd8   0x00001fd8   0x00000010   Code   RO          702    i.nrf_gpiote_event_is_set  nrfx_gpiote.o
    0x00001fe8   0x00001fe8   0x0000005c   Code   RO         4111    i.nrf_log_backend_add  nrf_log_frontend.o
    0x00002044   0x00002044   0x00000002   Code   RO         3950    i.nrf_log_backend_rtt_flush  nrf_log_backend_rtt.o
    0x00002046   0x00002046   0x00000004   Code   RO         3951    i.nrf_log_backend_rtt_init  nrf_log_backend_rtt.o
    0x0000204a   0x0000204a   0x00000002   Code   RO         3952    i.nrf_log_backend_rtt_panic_set  nrf_log_backend_rtt.o
    0x0000204c   0x0000204c   0x00000018   Code   RO         3953    i.nrf_log_backend_rtt_put  nrf_log_backend_rtt.o
    0x00002064   0x00002064   0x000000c2   Code   RO         4016    i.nrf_log_backend_serial_put  nrf_log_backend_serial.o
    0x00002126   0x00002126   0x00000002   PAD
    0x00002128   0x00002128   0x00000030   Code   RO         4113    i.nrf_log_color_id_get  nrf_log_frontend.o
    0x00002158   0x00002158   0x0000001c   Code   RO         4068    i.nrf_log_default_backends_init  nrf_log_default_backends.o
    0x00002174   0x00002174   0x00000230   Code   RO         4114    i.nrf_log_frontend_dequeue  nrf_log_frontend.o
    0x000023a4   0x000023a4   0x00000008   Code   RO         4116    i.nrf_log_frontend_std_0  nrf_log_frontend.o
    0x000023ac   0x000023ac   0x000000b0   Code   RO         4297    i.nrf_log_hexdump_entry_process  nrf_log_str_formatter.o
    0x0000245c   0x0000245c   0x00000028   Code   RO         4123    i.nrf_log_init      nrf_log_frontend.o
    0x00002484   0x00002484   0x00000014   Code   RO         4124    i.nrf_log_module_cnt_get  nrf_log_frontend.o
    0x00002498   0x00002498   0x0000001c   Code   RO         4127    i.nrf_log_module_name_get  nrf_log_frontend.o
    0x000024b4   0x000024b4   0x00000028   Code   RO         4128    i.nrf_log_panic     nrf_log_frontend.o
    0x000024dc   0x000024dc   0x000000b6   Code   RO         4298    i.nrf_log_std_entry_process  nrf_log_str_formatter.o
    0x00002592   0x00002592   0x00000060   Code   RO         2888    i.nrf_memobj_alloc  nrf_memobj.o
    0x000025f2   0x000025f2   0x00000032   Code   RO         2889    i.nrf_memobj_free   nrf_memobj.o
    0x00002624   0x00002624   0x00000008   Code   RO         2890    i.nrf_memobj_get    nrf_memobj.o
    0x0000262c   0x0000262c   0x00000004   Code   RO         2891    i.nrf_memobj_pool_init  nrf_memobj.o
    0x00002630   0x00002630   0x0000001e   Code   RO         2892    i.nrf_memobj_put    nrf_memobj.o
    0x0000264e   0x0000264e   0x00000010   Code   RO         2893    i.nrf_memobj_read   nrf_memobj.o
    0x0000265e   0x0000265e   0x00000010   Code   RO         2894    i.nrf_memobj_write  nrf_memobj.o
    0x0000266e   0x0000266e   0x00000002   PAD
    0x00002670   0x00002670   0x00000028   Code   RO         2963    i.nrf_pwr_mgmt_init  nrf_pwr_mgmt.o
    0x00002698   0x00002698   0x00000034   Code   RO         2964    i.nrf_pwr_mgmt_run  nrf_pwr_mgmt.o
    0x000026cc   0x000026cc   0x0000001c   Code   RO         3046    i.nrf_ringbuf_init  nrf_ringbuf.o
    0x000026e8   0x000026e8   0x00000010   Code   RO         2002    i.nrf_saadc_buffer_init  nrfx_saadc.o
    0x000026f8   0x000026f8   0x00000010   Code   RO         2004    i.nrf_saadc_event_check  nrfx_saadc.o
    0x00002708   0x00002708   0x00000014   Code   RO         2005    i.nrf_saadc_event_clear  nrfx_saadc.o
    0x0000271c   0x0000271c   0x0000000a   Code   RO         3104    i.nrf_section_iter_init  nrf_section_iter.o
    0x00002726   0x00002726   0x00000024   Code   RO         3105    i.nrf_section_iter_item_set  nrf_section_iter.o
    0x0000274a   0x0000274a   0x0000000a   Code   RO         2287    i.nrf_spim_event_check  nrfx_spim.o
    0x00002754   0x00002754   0x0000000c   Code   RO         1156    i.nrf_timer_event_clear  nrfx_timer.o
    0x00002760   0x00002760   0x0000000a   Code   RO         1449    i.nrf_twim_event_check  nrfx_twim.o
    0x0000276a   0x0000276a   0x0000000c   Code   RO         1450    i.nrf_twim_event_clear  nrfx_twim.o
    0x00002776   0x00002776   0x0000000a   Code   RO         1773    i.nrf_uart_event_check  nrfx_uart.o
    0x00002780   0x00002780   0x0000000c   Code   RO         1774    i.nrf_uart_event_clear  nrfx_uart.o
    0x0000278c   0x0000278c   0x0000000c   Code   RO         1775    i.nrf_uart_int_enable_check  nrfx_uart.o
    0x00002798   0x00002798   0x0000000a   Code   RO         1614    i.nrf_uarte_event_check  nrfx_uarte.o
    0x000027a2   0x000027a2   0x0000000c   Code   RO         1615    i.nrf_uarte_event_clear  nrfx_uarte.o
    0x000027ae   0x000027ae   0x00000002   PAD
    0x000027b0   0x000027b0   0x00000010   Code   RO         4790    i.nrfx_coredep_delay_us  ad8232.o
    0x000027c0   0x000027c0   0x00000010   Code   RO         4825    i.nrfx_coredep_delay_us  ad7171.o
    0x000027d0   0x000027d0   0x000000a0   Code   RO          708    i.nrfx_gpiote_in_event_enable  nrfx_gpiote.o
    0x00002870   0x00002870   0x000000cc   Code   RO          710    i.nrfx_gpiote_in_init  nrfx_gpiote.o
    0x0000293c   0x0000293c   0x00000074   Code   RO          713    i.nrfx_gpiote_init  nrfx_gpiote.o
    0x000029b0   0x000029b0   0x00000010   Code   RO         1616    i.nrfx_is_in_ram    nrfx_uarte.o
    0x000029c0   0x000029c0   0x00000010   Code   RO         2288    i.nrfx_is_in_ram    nrfx_spim.o
    0x000029d0   0x000029d0   0x00000030   Code   RO         1948    i.nrfx_prs_acquire  nrfx_prs.o
    0x00002a00   0x00002a00   0x0000016c   Code   RO         2291    i.nrfx_spim_init    nrfx_spim.o
    0x00002b6c   0x00002b6c   0x00000064   Code   RO         2294    i.nrfx_spim_xfer    nrfx_spim.o
    0x00002bd0   0x00002bd0   0x0000003a   Code   RO         1159    i.nrfx_timer_compare  nrfx_timer.o
    0x00002c0a   0x00002c0a   0x00000002   PAD
    0x00002c0c   0x00002c0c   0x0000001c   Code   RO         1163    i.nrfx_timer_enable  nrfx_timer.o
    0x00002c28   0x00002c28   0x0000002a   Code   RO         1164    i.nrfx_timer_extended_compare  nrfx_timer.o
    0x00002c52   0x00002c52   0x00000002   PAD
    0x00002c54   0x00002c54   0x000000c0   Code   RO         1166    i.nrfx_timer_init   nrfx_timer.o
    0x00002d14   0x00002d14   0x00000010   Code   RO         1776    i.nrfx_uart_0_irq_handler  nrfx_uart.o
    0x00002d24   0x00002d24   0x000000d4   Code   RO         1778    i.nrfx_uart_init    nrfx_uart.o
    0x00002df8   0x00002df8   0x000000ec   Code   RO         1779    i.nrfx_uart_rx      nrfx_uart.o
    0x00002ee4   0x00002ee4   0x000000a8   Code   RO         1784    i.nrfx_uart_tx      nrfx_uart.o
    0x00002f8c   0x00002f8c   0x00000020   Code   RO         1786    i.nrfx_uart_tx_in_progress  nrfx_uart.o
    0x00002fac   0x00002fac   0x00000010   Code   RO         1617    i.nrfx_uarte_0_irq_handler  nrfx_uarte.o
    0x00002fbc   0x00002fbc   0x0000006c   Code   RO         1619    i.nrfx_uarte_init   nrfx_uarte.o
    0x00003028   0x00003028   0x00000104   Code   RO         1620    i.nrfx_uarte_rx     nrfx_uarte.o
    0x0000312c   0x0000312c   0x000000ac   Code   RO         1623    i.nrfx_uarte_tx     nrfx_uarte.o
    0x000031d8   0x000031d8   0x0000001c   Code   RO         1625    i.nrfx_uarte_tx_in_progress  nrfx_uarte.o
    0x000031f4   0x000031f4   0x00000018   Code   RO         5503    i.nvmc_config       system_nrf52.o
    0x0000320c   0x0000320c   0x0000001c   Code   RO          732    i.pin_configured_set  nrfx_gpiote.o
    0x00003228   0x00003228   0x00000018   Code   RO          733    i.pin_in_use_by_port  nrfx_gpiote.o
    0x00003240   0x00003240   0x00000018   Code   RO          734    i.pin_in_use_by_te  nrfx_gpiote.o
    0x00003258   0x00003258   0x000000b4   Code   RO          735    i.port_event_handle  nrfx_gpiote.o
    0x0000330c   0x0000330c   0x00000010   Code   RO          736    i.port_handler_polarity_get  nrfx_gpiote.o
    0x0000331c   0x0000331c   0x0000003c   Code   RO         4300    i.postfix_process   nrf_log_str_formatter.o
    0x00003358   0x00003358   0x00000098   Code   RO         4301    i.prefix_process    nrf_log_str_formatter.o
    0x000033f0   0x000033f0   0x000000ec   Code   RO         5402    i.print45byteLabView  printer45byte.o
    0x000034dc   0x000034dc   0x00000018   Code   RO         1950    i.prs_box_get       nrfx_prs.o
    0x000034f4   0x000034f4   0x00000004   Code   RO         4826    i.readAD7171        ad7171.o
    0x000034f8   0x000034f8   0x0000000c   Code   RO         4827    i.readADCtoAD7171   ad7171.o
    0x00003504   0x00003504   0x0000002c   Code   RO         4990    i.readSPI           spi.o
    0x00003530   0x00003530   0x00000032   Code   RO         1788    i.rx_byte           nrfx_uart.o
    0x00003562   0x00003562   0x00000016   Code   RO         1627    i.rx_done_event     nrfx_uarte.o
    0x00003578   0x00003578   0x00000016   Code   RO         1789    i.rx_done_event     nrfx_uart.o
    0x0000358e   0x0000358e   0x00000020   Code   RO         1790    i.rx_enable         nrfx_uart.o
    0x000035ae   0x000035ae   0x00000002   PAD
    0x000035b0   0x000035b0   0x0000002c   Code   RO         5406    i.saveEcg           printer45byte.o
    0x000035dc   0x000035dc   0x00000050   Code   RO         3954    i.serial_tx         nrf_log_backend_rtt.o
    0x0000362c   0x0000362c   0x00000026   Code   RO         4828    i.setSoftResetAD7171  ad7171.o
    0x00003652   0x00003652   0x00000002   PAD
    0x00003654   0x00003654   0x00000038   Code   RO         2400    i.spim_evt_handler  nrf_drv_spi.o
    0x0000368c   0x0000368c   0x000000bc   Code   RO         2295    i.spim_xfer         nrfx_spim.o
    0x00003748   0x00003748   0x00000098   Code   RO         4130    i.std_n             nrf_log_frontend.o
    0x000037e0   0x000037e0   0x00000194   Code   RO         1462    i.twim_irq_handler  nrfx_twim.o
    0x00003974   0x00003974   0x00000020   Code   RO         1791    i.tx_byte           nrfx_uart.o
    0x00003994   0x00003994   0x0000001a   Code   RO         1628    i.tx_done_event     nrfx_uarte.o
    0x000039ae   0x000039ae   0x0000001a   Code   RO         1792    i.tx_done_event     nrfx_uart.o
    0x000039c8   0x000039c8   0x00000012   Code   RO         5051    i.uart_error_handle  uart.o
    0x000039da   0x000039da   0x00000002   PAD
    0x000039dc   0x000039dc   0x000000a4   Code   RO         3252    i.uart_event_handler  app_uart_fifo.o
    0x00003a80   0x00003a80   0x00000030   Code   RO         1376    i.uart_evt_handler  nrf_drv_uart.o
    0x00003ab0   0x00003ab0   0x0000012a   Code   RO         1793    i.uart_irq_handler  nrfx_uart.o
    0x00003bda   0x00003bda   0x00000002   PAD
    0x00003bdc   0x00003bdc   0x00000030   Code   RO         1377    i.uarte_evt_handler  nrf_drv_uart.o
    0x00003c0c   0x00003c0c   0x00000112   Code   RO         1629    i.uarte_irq_handler  nrfx_uarte.o
    0x00003d1e   0x00003d1e   0x00000002   PAD
    0x00003d20   0x00003d20   0x000000b4   Code   RO         2850    i.unsigned_print    nrf_fprintf_format.o
    0x00003dd4   0x00003dd4   0x00000062   Code   RO         1464    i.xfer_completeness_check  nrfx_twim.o
    0x00003e36   0x00003e36   0x00000002   PAD
    0x00003e38   0x00003e38   0x0000002c   Code   RO         5593    locale$$code        c_w.l(lc_ctype_c.o)
    0x00003e64   0x00003e64   0x0000000a   Code   RO         5679    x$fpl$fpinit        fz_wm.l(fpinit.o)
    0x00003e6e   0x00003e6e   0x00000002   PAD
    0x00003e70   0x00003e70   0x00000006   Data   RO            9    .constdata          main.o
    0x00003e76   0x00003e76   0x00000002   PAD
    0x00003e78   0x00003e78   0x00000004   Data   RO          738    .constdata          nrfx_gpiote.o
    0x00003e7c   0x00003e7c   0x00000004   Data   RO         1632    .constdata          nrfx_uarte.o
    0x00003e80   0x00003e80   0x00000004   Data   RO         1796    .constdata          nrfx_uart.o
    0x00003e84   0x00003e84   0x00000004   Data   RO         2298    .constdata          nrfx_spim.o
    0x00003e88   0x00003e88   0x00000010   Data   RO         2402    .constdata          nrf_drv_spi.o
    0x00003e98   0x00003e98   0x00000010   Data   RO         2851    .constdata          nrf_fprintf_format.o
    0x00003ea8   0x00003ea8   0x00000018   Data   RO         2968    .constdata          nrf_pwr_mgmt.o
    0x00003ec0   0x00003ec0   0x0000000c   Data   RO         2969    .constdata          nrf_pwr_mgmt.o
    0x00003ecc   0x00003ecc   0x00000020   Data   RO         3254    .constdata          app_uart_fifo.o
    0x00003eec   0x00003eec   0x0000000c   Data   RO         3956    .constdata          nrf_log_backend_rtt.o
    0x00003ef8   0x00003ef8   0x00000008   PAD
    0x00003f00   0x00003f00   0x00000006   Data   RO         3957    .constdata          nrf_log_backend_rtt.o
    0x00003f06   0x00003f06   0x00000002   PAD
    0x00003f08   0x00003f08   0x0000000c   Data   RO         4135    .constdata          nrf_log_frontend.o
    0x00003f14   0x00003f14   0x0000000c   PAD
    0x00003f20   0x00003f20   0x00000006   Data   RO         4791    .constdata          ad8232.o
    0x00003f26   0x00003f26   0x0000000a   PAD
    0x00003f30   0x00003f30   0x00000006   Data   RO         4829    .constdata          ad7171.o
    0x00003f36   0x00003f36   0x00000002   PAD
    0x00003f38   0x00003f38   0x00000020   Data   RO         4994    .constdata          spi.o
    0x00003f58   0x00003f58   0x00000018   Data   RO         5053    .constdata          uart.o
    0x00003f70   0x00003f70   0x00000006   Data   RO         5194    .constdata          port.o
    0x00003f76   0x00003f76   0x00000002   PAD
    0x00003f78   0x00003f78   0x00000010   Data   RO         5269    .constdata          timeinterrupt.o
    0x00003f88   0x00003f88   0x0000000b   Data   RO         5325    .constdata          pinchangeinterrupt.o
    0x00003f93   0x00003f93   0x00000001   PAD
    0x00003f94   0x00003f94   0x00000066   Data   RO         4302    .conststring        nrf_log_str_formatter.o
    0x00003ffa   0x00003ffa   0x00000002   PAD
    0x00003ffc   0x00003ffc   0x00000007   Data   RO          742    .conststrlit        nrfx_gpiote.o
    0x00004003   0x00004003   0x00000001   PAD
    0x00004004   0x00004004   0x00000004   Data   RO         1037    .conststrlit        nrfx_ppi.o
    0x00004008   0x00004008   0x00000006   Data   RO         1173    .conststrlit        nrfx_timer.o
    0x0000400e   0x0000400e   0x00000002   PAD
    0x00004010   0x00004010   0x00000005   Data   RO         1470    .conststrlit        nrfx_twim.o
    0x00004015   0x00004015   0x00000003   PAD
    0x00004018   0x00004018   0x00000006   Data   RO         1635    .conststrlit        nrfx_uarte.o
    0x0000401e   0x0000401e   0x00000002   PAD
    0x00004020   0x00004020   0x00000005   Data   RO         1799    .conststrlit        nrfx_uart.o
    0x00004025   0x00004025   0x00000003   PAD
    0x00004028   0x00004028   0x00000004   Data   RO         1952    .conststrlit        nrfx_prs.o
    0x0000402c   0x0000402c   0x00000006   Data   RO         2029    .conststrlit        nrfx_saadc.o
    0x00004032   0x00004032   0x00000002   PAD
    0x00004034   0x00004034   0x00000005   Data   RO         2301    .conststrlit        nrfx_spim.o
    0x00004039   0x00004039   0x00000003   PAD
    0x0000403c   0x0000403c   0x00000009   Data   RO         2970    .conststrlit        nrf_pwr_mgmt.o
    0x00004045   0x00004045   0x00000003   PAD
    0x00004048   0x00004048   0x0000000b   Data   RO         3373    .conststrlit        app_button.o
    0x00004053   0x00004053   0x00000001   PAD
    0x00004054   0x00004054   0x00000009   Data   RO         3524    .conststrlit        nrf_sortlist.o
    0x0000405d   0x0000405d   0x00000003   PAD
    0x00004060   0x00004060   0x0000000a   Data   RO         3596    .conststrlit        app_timer2.o
    0x0000406a   0x0000406a   0x00000002   PAD
    0x0000406c   0x0000406c   0x00000010   Data   RO         4069    .conststrlit        nrf_log_default_backends.o
    0x0000407c   0x0000407c   0x00000004   Data   RO         4136    .conststrlit        nrf_log_frontend.o
    0x00004080   0x00004080   0x00000020   Data   RO         5758    Region$$Table       anon$$obj.o
    0x000040a0   0x000040a0   0x00000110   Data   RO         5592    locale$$data        c_w.l(lc_ctype_c.o)
    0x000041b0   0x000041b0   0x00000010   Data   RO         4071    log_backends        nrf_log_default_backends.o
    0x000041c0   0x000041c0   0x00000008   Data   RO          743    log_const_data      nrfx_gpiote.o
    0x000041c8   0x000041c8   0x00000008   Data   RO         1039    log_const_data      nrfx_ppi.o
    0x000041d0   0x000041d0   0x00000008   Data   RO         1174    log_const_data      nrfx_timer.o
    0x000041d8   0x000041d8   0x00000008   Data   RO         1471    log_const_data      nrfx_twim.o
    0x000041e0   0x000041e0   0x00000008   Data   RO         1636    log_const_data      nrfx_uarte.o
    0x000041e8   0x000041e8   0x00000008   Data   RO         1800    log_const_data      nrfx_uart.o
    0x000041f0   0x000041f0   0x00000008   Data   RO         1954    log_const_data      nrfx_prs.o
    0x000041f8   0x000041f8   0x00000008   Data   RO         2030    log_const_data      nrfx_saadc.o
    0x00004200   0x00004200   0x00000008   Data   RO         2302    log_const_data      nrfx_spim.o
    0x00004208   0x00004208   0x00000008   Data   RO         2972    log_const_data      nrf_pwr_mgmt.o
    0x00004210   0x00004210   0x00000008   Data   RO         3376    log_const_data      app_button.o
    0x00004218   0x00004218   0x00000008   Data   RO         3525    log_const_data      nrf_sortlist.o
    0x00004220   0x00004220   0x00000008   Data   RO         3599    log_const_data      app_timer2.o
    0x00004228   0x00004228   0x00000008   Data   RO         4140    log_const_data      nrf_log_frontend.o
    0x00004230   0x00004230   0x00000014   Data   RO         4141    nrf_balloc          nrf_log_frontend.o


    Execution Region RW_IRAM1 (Exec base: 0x20000000, Load base: 0x00004244, Size: 0x00002d38, Max: 0x00010000, ABSOLUTE)

    Exec Addr    Load Addr    Size         Type   Attr      Idx    E Section Name        Object

    0x20000000   0x00004244   0x0000000c   Data   RW         1378    .data               nrf_drv_uart.o
    0x2000000c   0x00004250   0x00000008   Data   RW         1953    .data               nrfx_prs.o
    0x20000014   0x00004258   0x00000004   Data   RW         2549    .data               app_util_platform.o
    0x20000018   0x0000425c   0x00000008   Data   RW         2971    .data               nrf_pwr_mgmt.o
    0x20000020   0x00004264   0x0000001c   Data   RW         3255    .data               app_uart_fifo.o
    0x2000003c   0x00004280   0x00000004   Data   RW         3324    .data               retarget.o
    0x20000040   0x00004284   0x0000000c   Data   RW         3738    .data               drv_rtc.o
    0x2000004c   0x00004290   0x00000001   Data   RW         3958    .data               nrf_log_backend_rtt.o
    0x2000004d   0x00004291   0x00000003   PAD
    0x20000050   0x00004294   0x00000008   Data   RW         4070    .data               nrf_log_default_backends.o
    0x20000058   0x0000429c   0x00000004   Data   RW         4137    .data               nrf_log_frontend.o
    0x2000005c   0x000042a0   0x00000008   Data   RW         4138    .data               nrf_log_frontend.o
    0x20000064   0x000042a8   0x00000008   Data   RW         4139    .data               nrf_log_frontend.o
    0x2000006c   0x000042b0   0x00000040   Data   RW         4303    .data               nrf_log_str_formatter.o
    0x200000ac   0x000042f0   0x00000005   Data   RW         4830    .data               ad7171.o
    0x200000b1   0x000042f5   0x00000001   Data   RW         4995    .data               spi.o
    0x200000b2   0x000042f6   0x00000001   Data   RW         5326    .data               pinchangeinterrupt.o
    0x200000b3   0x000042f7   0x00000001   PAD
    0x200000b4   0x000042f8   0x00000012   Data   RW         5413    .data               printer45byte.o
    0x200000c6   0x0000430a   0x00000002   PAD
    0x200000c8   0x0000430c   0x00000004   Data   RW         5505    .data               system_nrf52.o
    0x200000cc        -       0x0000005c   Zero   RW          737    .bss                nrfx_gpiote.o
    0x20000128        -       0x00000030   Zero   RW         1171    .bss                nrfx_timer.o
    0x20000158        -       0x00000034   Zero   RW         1465    .bss                nrfx_twim.o
    0x2000018c        -       0x00000024   Zero   RW         1630    .bss                nrfx_uarte.o
    0x200001b0        -       0x0000002c   Zero   RW         1794    .bss                nrfx_uart.o
    0x200001dc        -       0x00000030   Zero   RW         2020    .bss                nrfx_saadc.o
    0x2000020c        -       0x00000024   Zero   RW         2296    .bss                nrfx_spim.o
    0x20000230        -       0x00000018   Zero   RW         2401    .bss                nrf_drv_spi.o
    0x20000248        -       0x0000000c   Zero   RW         2967    .bss                nrf_pwr_mgmt.o
    0x20000254        -       0x00000020   Zero   RW         3253    .bss                app_uart_fifo.o
    0x20000274        -       0x00000040   Zero   RW         3955    .bss                nrf_log_backend_rtt.o
    0x200002b4        -       0x000000c0   Zero   RW         4131    .bss                nrf_log_frontend.o
    0x20000374        -       0x00000080   Zero   RW         4132    .bss                nrf_log_frontend.o
    0x200003f4        -       0x00000018   Zero   RW         4133    .bss                nrf_log_frontend.o
    0x2000040c        -       0x00000420   Zero   RW         4134    .bss                nrf_log_frontend.o
    0x2000082c        -       0x00000288   Zero   RW         4379    .bss                segger_rtt.o
    0x20000ab4        -       0x00000200   Zero   RW         5052    .bss                uart.o
    0x20000cb4        -       0x00000024   Zero   RW         5412    .bss                printer45byte.o
    0x20000cd8        -       0x00000060   Zero   RW         5603    .bss                c_w.l(libspace.o)
    0x20000d38        -       0x00001000   Zero   RW         5492    HEAP                arm_startup_nrf52.o
    0x20001d38        -       0x00001000   Zero   RW         5491    STACK               arm_startup_nrf52.o


==============================================================================

Image component sizes


      Code (inc. data)   RO Data    RW Data    ZI Data      Debug   Object Name

       186         50          6          5          0       4152   ad7171.o
       120         34          6          0          0       1053   ad8232.o
         0          0         19          0          0       5767   app_button.o
        22          0          0          0          0       2385   app_error.o
         0          0          0          0          0        416   app_error_handler_keil.o
       132         46          0          0          0      30845   app_error_weak.o
       118          0          0          0          0       4494   app_fifo.o
         0          0         18          0          0       5678   app_timer2.o
       476         50         32         28         32      14439   app_uart_fifo.o
        44         10          0          4          0       2880   app_util_platform.o
        64         26        512          0       8192        920   arm_startup_nrf52.o
         0          0          0          0          0        548   boards.o
        16          4          0         12          0       4609   drv_rtc.o
       332        110          6          0          0      81524   main.o
       294          0          0          0          0       7083   nrf_atomic.o
       152          0          0          0          0       3248   nrf_balloc.o
       168         18         16          0         24      13255   nrf_drv_spi.o
       200         26          0         12          0      17028   nrf_drv_uart.o
        50          0          0          0          0       3269   nrf_fprintf.o
       866          4         16          0          0       6174   nrf_fprintf_format.o
       112         18         18          1         64       4977   nrf_log_backend_rtt.o
       194          0          0          0          0      10625   nrf_log_backend_serial.o
        28          4         32          8          0       3109   nrf_log_default_backends.o
      1438        130         44         20       1400      27159   nrf_log_frontend.o
       570        108        102         64          0       5200   nrf_log_str_formatter.o
       346          0          0          0          0       7403   nrf_memobj.o
         0          0          0          0          0       1500   nrf_nvic.o
        92         18         53          8         12      41894   nrf_pwr_mgmt.o
        28          0          0          0          0       2131   nrf_ringbuf.o
        46          0          0          0          0       1816   nrf_section_iter.o
         0          0         17          0          0        893   nrf_sortlist.o
      1228        100         19          0         92      65619   nrfx_gpiote.o
         0          0         12          0          0        348   nrfx_ppi.o
        84         16         12          8          0       3345   nrfx_prs.o
       380         22         14          0         48      12878   nrfx_saadc.o
       846         20         17          0         36      20198   nrfx_spim.o
       482         48         14          0         48      49159   nrfx_timer.o
       566         12         13          0         52      50090   nrfx_twim.o
      1368         38         17          0         44      21585   nrfx_uart.o
      1290         36         18          0         36      25123   nrfx_uarte.o
       104         22         11          1          0       3759   pinchangeinterrupt.o
       212          4          6          0          0       9035   port.o
       292         26          0         18         36       3519   printer45byte.o
        14          0          0          4          0       2682   retarget.o
        26          0          0          0          0        832   rtt.o
       378         34          0          0        648       8422   segger_rtt.o
       138         12         32          1          0       5880   spi.o
       752         78          0          4          0      32609   system_nrf52.o
        88         14         16          0          0      10500   timeinterrupt.o
        90         18         24          0        512       1615   uart.o

    ----------------------------------------------------------------------
     14472       1156       1220        204      11276     643672   Object Totals
         0          0         32          0          0          0   (incl. Generated)
        40          0         66          6          0          0   (incl. Padding)

    ----------------------------------------------------------------------

      Code (inc. data)   RO Data    RW Data    ZI Data      Debug   Library Member Name

         8          0          0          0          0         68   __main.o
         0          0          0          0          0          0   __rtentry.o
        12          0          0          0          0          0   __rtentry2.o
         6          0          0          0          0          0   __rtentry4.o
        52          8          0          0          0          0   __scatter.o
        26          0          0          0          0          0   __scatter_copy.o
        28          0          0          0          0          0   __scatter_zi.o
        18          0          0          0          0         80   exit.o
         6          0          0          0          0        152   heapauxi.o
         0          0          0          0          0          0   indicate_semi.o
        44         10        272          0          0         76   lc_ctype_c.o
         2          0          0          0          0          0   libinit.o
        24          0          0          0          0          0   libinit2.o
         2          0          0          0          0          0   libshutdown.o
         2          0          0          0          0          0   libshutdown2.o
         8          4          0          0         96         68   libspace.o
        38          0          0          0          0         68   llushr.o
         4          0          0          0          0         68   putc.o
        16          4          0          0          0         76   rt_ctype_table.o
         8          4          0          0          0         68   rt_locale_intlibspace.o
        78          0          0          0          0         80   rt_memclr_w.o
       138          0          0          0          0         68   rt_memcpy_v6.o
       100          0          0          0          0         80   rt_memcpy_w.o
         2          0          0          0          0          0   rtexit.o
        10          0          0          0          0          0   rtexit2.o
       128          0          0          0          0         68   strcmpv7m.o
        72          0          0          0          0         80   strcpy.o
        62          0          0          0          0         76   strlen.o
        12          4          0          0          0         68   sys_exit.o
        74          0          0          0          0         80   sys_stackheap_outer.o
         2          0          0          0          0         68   use_no_semi.o
        10          0          0          0          0        116   fpinit.o

    ----------------------------------------------------------------------
      1000         34        272          0         96       1508   Library Totals
         8          0          0          0          0          0   (incl. Padding)

    ----------------------------------------------------------------------

      Code (inc. data)   RO Data    RW Data    ZI Data      Debug   Library Name

       982         34        272          0         96       1392   c_w.l
        10          0          0          0          0        116   fz_wm.l

    ----------------------------------------------------------------------
      1000         34        272          0         96       1508   Library Totals

    ----------------------------------------------------------------------

==============================================================================


      Code (inc. data)   RO Data    RW Data    ZI Data      Debug   

     15472       1190       1492        204      11372     624052   Grand Totals
     15472       1190       1492        204      11372     624052   ELF Image Totals
     15472       1190       1492        204          0          0   ROM Totals

==============================================================================

    Total RO  Size (Code + RO Data)                16964 (  16.57kB)
    Total RW  Size (RW Data + ZI Data)             11576 (  11.30kB)
    Total ROM Size (Code + RO Data + RW Data)      17168 (  16.77kB)

==============================================================================

