Component: ARM Compiler 5.06 update 7 (build 960) Tool: armlink [4d3601]

==============================================================================

Section Cross References

    main.o(i.handerLowPowerConsumption) refers to nrf_pwr_mgmt.o(i.nrf_pwr_mgmt_init) for nrf_pwr_mgmt_init
    main.o(i.handerLowPowerConsumption) refers to nrf_pwr_mgmt.o(i.nrf_pwr_mgmt_run) for nrf_pwr_mgmt_run
    main.o(i.initPeripherals) refers to port.o(i.initNRF52Port) for initNRF52Port
    main.o(i.initPeripherals) refers to rtt.o(i.initSeggerRTT) for initSeggerRTT
    main.o(i.initPeripherals) refers to spi.o(i.initSPI) for initSPI
    main.o(i.initPeripherals) refers to nrf_log_frontend.o(i.nrf_log_frontend_std_0) for nrf_log_frontend_std_0
    main.o(i.initPeripherals) refers to nrf_log_frontend.o(i.nrf_log_frontend_dequeue) for nrf_log_frontend_dequeue
    main.o(i.initPeripherals) refers to main.o(.constdata) for .constdata
    main.o(i.initPeripherals) refers to nrf_log_frontend.o(log_const_data) for m_nrf_log_app_logs_data_const
    main.o(i.initSensors) refers to port.o(i.initPortOutSet) for initPortOutSet
    main.o(i.initSensors) refers to nrf_log_frontend.o(i.nrf_log_frontend_std_0) for nrf_log_frontend_std_0
    main.o(i.initSensors) refers to nrf_log_frontend.o(i.nrf_log_frontend_dequeue) for nrf_log_frontend_dequeue
    main.o(i.initSensors) refers to nrf_log_frontend.o(log_const_data) for m_nrf_log_app_logs_data_const
    main.o(i.main) refers to main.o(i.handerLowPowerConsumption) for handerLowPowerConsumption
    main.o(i.main) refers to main.o(i.initPeripherals) for initPeripherals
    main.o(i.main) refers to main.o(i.initSensors) for initSensors
    main.o(i.main) refers to nrf_log_frontend.o(i.nrf_log_frontend_std_0) for nrf_log_frontend_std_0
    main.o(i.main) refers to nrf_log_frontend.o(i.nrf_log_frontend_dequeue) for nrf_log_frontend_dequeue
    main.o(i.main) refers to max30001.o(i.MAX30001Info) for MAX30001Info
    main.o(i.main) refers to nrf_log_frontend.o(log_const_data) for m_nrf_log_app_logs_data_const
    boards.o(i.bsp_board_button_idx_to_pin) refers to boards.o(.constdata) for .constdata
    boards.o(i.bsp_board_button_state_get) refers to boards.o(.constdata) for .constdata
    boards.o(i.bsp_board_init) refers to boards.o(i.nrf_gpio_cfg) for nrf_gpio_cfg
    boards.o(i.bsp_board_init) refers to boards.o(i.bsp_board_leds_off) for bsp_board_leds_off
    boards.o(i.bsp_board_init) refers to boards.o(.constdata) for .constdata
    boards.o(i.bsp_board_led_idx_to_pin) refers to boards.o(.constdata) for .constdata
    boards.o(i.bsp_board_led_invert) refers to boards.o(.constdata) for .constdata
    boards.o(i.bsp_board_led_off) refers to boards.o(i.nrf_gpio_pin_write) for nrf_gpio_pin_write
    boards.o(i.bsp_board_led_off) refers to boards.o(.constdata) for .constdata
    boards.o(i.bsp_board_led_on) refers to boards.o(i.nrf_gpio_pin_write) for nrf_gpio_pin_write
    boards.o(i.bsp_board_led_on) refers to boards.o(.constdata) for .constdata
    boards.o(i.bsp_board_led_state_get) refers to boards.o(.constdata) for .constdata
    boards.o(i.bsp_board_leds_off) refers to boards.o(i.bsp_board_led_off) for bsp_board_led_off
    boards.o(i.bsp_board_leds_on) refers to boards.o(i.bsp_board_led_on) for bsp_board_led_on
    boards.o(i.bsp_board_pin_to_button_idx) refers to boards.o(.constdata) for .constdata
    boards.o(i.bsp_board_pin_to_led_idx) refers to boards.o(.constdata) for .constdata
    nrf_drv_ppi.o(i.nrf_drv_ppi_init) refers to nrf_drv_ppi.o(.data) for .data
    nrf_drv_ppi.o(i.nrf_drv_ppi_uninit) refers to nrfx_ppi.o(i.nrfx_ppi_free_all) for nrfx_ppi_free_all
    nrf_drv_ppi.o(i.nrf_drv_ppi_uninit) refers to nrf_drv_ppi.o(.data) for .data
    nrfx_atomic.o(i.nrfx_atomic_flag_clear) refers to nrfx_atomic.o(i.nrfx_atomic_u32_and) for nrfx_atomic_u32_and
    nrfx_atomic.o(i.nrfx_atomic_flag_clear_fetch) refers to nrfx_atomic.o(i.nrfx_atomic_u32_fetch_and) for nrfx_atomic_u32_fetch_and
    nrfx_atomic.o(i.nrfx_atomic_flag_set) refers to nrfx_atomic.o(i.nrfx_atomic_u32_or) for nrfx_atomic_u32_or
    nrfx_atomic.o(i.nrfx_atomic_flag_set_fetch) refers to nrfx_atomic.o(i.nrfx_atomic_u32_fetch_or) for nrfx_atomic_u32_fetch_or
    nrfx_atomic.o(i.nrfx_atomic_u32_add) refers to nrfx_atomic.o(.emb_text) for __asm___13_nrfx_atomic_c_3bd32246__nrfx_atomic_internal_add
    nrfx_atomic.o(i.nrfx_atomic_u32_and) refers to nrfx_atomic.o(.emb_text) for __asm___13_nrfx_atomic_c_3bd32246__nrfx_atomic_internal_and
    nrfx_atomic.o(i.nrfx_atomic_u32_cmp_exch) refers to nrfx_atomic.o(.emb_text) for __asm___13_nrfx_atomic_c_3bd32246__nrfx_atomic_internal_cmp_exch
    nrfx_atomic.o(i.nrfx_atomic_u32_fetch_add) refers to nrfx_atomic.o(.emb_text) for __asm___13_nrfx_atomic_c_3bd32246__nrfx_atomic_internal_add
    nrfx_atomic.o(i.nrfx_atomic_u32_fetch_and) refers to nrfx_atomic.o(.emb_text) for __asm___13_nrfx_atomic_c_3bd32246__nrfx_atomic_internal_and
[...]
    i.nrf_atomic_u32_sub                     0x000014c8   Section        0  nrf_atomic.o(i.nrf_atomic_u32_sub)
    i.nrf_balloc_alloc                       0x000014d4   Section        0  nrf_balloc.o(i.nrf_balloc_alloc)
    i.nrf_balloc_free                        0x00001512   Section        0  nrf_balloc.o(i.nrf_balloc_free)
    i.nrf_balloc_init                        0x0000153c   Section        0  nrf_balloc.o(i.nrf_balloc_init)
    i.nrf_bitmask_bit_is_set                 0x0000156c   Section        0  nrfx_gpiote.o(i.nrf_bitmask_bit_is_set)
    nrf_bitmask_bit_is_set                   0x0000156d   Thumb Code    16  nrfx_gpiote.o(i.nrf_bitmask_bit_is_set)
    i.nrf_drv_spi_init                       0x0000157c   Section        0  nrf_drv_spi.o(i.nrf_drv_spi_init)
    i.nrf_drv_spi_transfer                   0x000015ec   Section        0  spi.o(i.nrf_drv_spi_transfer)
    nrf_drv_spi_transfer                     0x000015ed   Thumb Code    22  spi.o(i.nrf_drv_spi_transfer)
    i.nrf_fprintf                            0x00001602   Section        0  nrf_fprintf.o(i.nrf_fprintf)
    i.nrf_fprintf_buffer_flush               0x0000161c   Section        0  nrf_fprintf.o(i.nrf_fprintf_buffer_flush)
    i.nrf_fprintf_fmt                        0x00001634   Section        0  nrf_fprintf_format.o(i.nrf_fprintf_fmt)
    i.nrf_gpio_cfg                           0x0000180e   Section        0  nrfx_spim.o(i.nrf_gpio_cfg)
    nrf_gpio_cfg                             0x0000180f   Thumb Code    36  nrfx_spim.o(i.nrf_gpio_cfg)
    i.nrf_gpio_cfg_output                    0x00001832   Section        0  nrfx_spim.o(i.nrf_gpio_cfg_output)
    nrf_gpio_cfg_output                      0x00001833   Thumb Code    20  nrfx_spim.o(i.nrf_gpio_cfg_output)
    i.nrf_gpio_cfg_sense_set                 0x00001846   Section        0  nrfx_gpiote.o(i.nrf_gpio_cfg_sense_set)
    nrf_gpio_cfg_sense_set                   0x00001847   Thumb Code    34  nrfx_gpiote.o(i.nrf_gpio_cfg_sense_set)
    i.nrf_gpio_latches_read_and_clear        0x00001868   Section        0  nrfx_gpiote.o(i.nrf_gpio_latches_read_and_clear)
    nrf_gpio_latches_read_and_clear          0x00001869   Thumb Code    38  nrfx_gpiote.o(i.nrf_gpio_latches_read_and_clear)
    i.nrf_gpio_pin_clear                     0x00001894   Section        0  nrfx_spim.o(i.nrf_gpio_pin_clear)
    nrf_gpio_pin_clear                       0x00001895   Thumb Code    14  nrfx_spim.o(i.nrf_gpio_pin_clear)
    i.nrf_gpio_pin_dir_set                   0x000018a2   Section        0  port.o(i.nrf_gpio_pin_dir_set)
    nrf_gpio_pin_dir_set                     0x000018a3   Thumb Code    28  port.o(i.nrf_gpio_pin_dir_set)
    i.nrf_gpio_pin_set                       0x000018be   Section        0  nrfx_spim.o(i.nrf_gpio_pin_set)
    nrf_gpio_pin_set                         0x000018bf   Thumb Code    14  nrfx_spim.o(i.nrf_gpio_pin_set)
    i.nrf_gpiote_event_clear                 0x000018cc   Section        0  nrfx_gpiote.o(i.nrf_gpiote_event_clear)
    nrf_gpiote_event_clear                   0x000018cd   Thumb Code    16  nrfx_gpiote.o(i.nrf_gpiote_event_clear)
    i.nrf_gpiote_event_is_set                0x000018e0   Section        0  nrfx_gpiote.o(i.nrf_gpiote_event_is_set)
    nrf_gpiote_event_is_set                  0x000018e1   Thumb Code    12  nrfx_gpiote.o(i.nrf_gpiote_event_is_set)
    i.nrf_log_backend_add                    0x000018f0   Section        0  nrf_log_frontend.o(i.nrf_log_backend_add)
    i.nrf_log_backend_rtt_flush              0x0000194c   Section        0  nrf_log_backend_rtt.o(i.nrf_log_backend_rtt_flush)
    nrf_log_backend_rtt_flush                0x0000194d   Thumb Code     2  nrf_log_backend_rtt.o(i.nrf_log_backend_rtt_flush)
    i.nrf_log_backend_rtt_init               0x0000194e   Section        0  nrf_log_backend_rtt.o(i.nrf_log_backend_rtt_init)
    i.nrf_log_backend_rtt_panic_set          0x00001952   Section        0  nrf_log_backend_rtt.o(i.nrf_log_backend_rtt_panic_set)
    nrf_log_backend_rtt_panic_set            0x00001953   Thumb Code     2  nrf_log_backend_rtt.o(i.nrf_log_backend_rtt_panic_set)
    i.nrf_log_backend_rtt_put                0x00001954   Section        0  nrf_log_backend_rtt.o(i.nrf_log_backend_rtt_put)
    nrf_log_backend_rtt_put                  0x00001955   Thumb Code    16  nrf_log_backend_rtt.o(i.nrf_log_backend_rtt_put)
    i.nrf_log_backend_serial_put             0x0000196c   Section        0  nrf_log_backend_serial.o(i.nrf_log_backend_serial_put)
    i.nrf_log_color_id_get                   0x00001a30   Section        0  nrf_log_frontend.o(i.nrf_log_color_id_get)
    i.nrf_log_default_backends_init          0x00001a60   Section        0  nrf_log_default_backends.o(i.nrf_log_default_backends_init)
    i.nrf_log_frontend_dequeue               0x00001a7c   Section        0  nrf_log_frontend.o(i.nrf_log_frontend_dequeue)
    i.nrf_log_frontend_std_0                 0x00001cac   Section        0  nrf_log_frontend.o(i.nrf_log_frontend_std_0)
    i.nrf_log_frontend_std_1                 0x00001cb4   Section        0  nrf_log_frontend.o(i.nrf_log_frontend_std_1)
    i.nrf_log_frontend_std_3                 0x00001cc2   Section        0  nrf_log_frontend.o(i.nrf_log_frontend_std_3)
    i.nrf_log_hexdump_entry_process          0x00001cd4   Section        0  nrf_log_str_formatter.o(i.nrf_log_hexdump_entry_process)
    i.nrf_log_init                           0x00001d84   Section        0  nrf_log_frontend.o(i.nrf_log_init)
    i.nrf_log_module_cnt_get                 0x00001dac   Section        0  nrf_log_frontend.o(i.nrf_log_module_cnt_get)
    i.nrf_log_module_name_get                0x00001dc0   Section        0  nrf_log_frontend.o(i.nrf_log_module_name_get)
    i.nrf_log_panic                          0x00001ddc   Section        0  nrf_log_frontend.o(i.nrf_log_panic)
    i.nrf_log_std_entry_process              0x00001e04   Section        0  nrf_log_str_formatter.o(i.nrf_log_std_entry_process)
    i.nrf_memobj_alloc                       0x00001eba   Section        0  nrf_memobj.o(i.nrf_memobj_alloc)
    i.nrf_memobj_free                        0x00001f1a   Section        0  nrf_memobj.o(i.nrf_memobj_free)
    i.nrf_memobj_get                         0x00001f4c   Section        0  nrf_memobj.o(i.nrf_memobj_get)
    i.nrf_memobj_pool_init                   0x00001f54   Section        0  nrf_memobj.o(i.nrf_memobj_pool_init)
    i.nrf_memobj_put                         0x00001f58   Section        0  nrf_memobj.o(i.nrf_memobj_put)
    i.nrf_memobj_read                        0x00001f76   Section        0  nrf_memobj.o(i.nrf_memobj_read)
    i.nrf_memobj_write                       0x00001f86   Section        0  nrf_memobj.o(i.nrf_memobj_write)
    i.nrf_pwr_mgmt_init                      0x00001f98   Section        0  nrf_pwr_mgmt.o(i.nrf_pwr_mgmt_init)
    i.nrf_pwr_mgmt_run                       0x00001fc0   Section        0  nrf_pwr_mgmt.o(i.nrf_pwr_mgmt_run)
    i.nrf_ringbuf_init                       0x00001ff4   Section        0  nrf_ringbuf.o(i.nrf_ringbuf_init)
    i.nrf_saadc_buffer_init                  0x00002010   Section        0  nrfx_saadc.o(i.nrf_saadc_buffer_init)
    nrf_saadc_buffer_init                    0x00002011   Thumb Code    10  nrfx_saadc.o(i.nrf_saadc_buffer_init)
    i.nrf_saadc_event_check                  0x00002020   Section        0  nrfx_saadc.o(i.nrf_saadc_event_check)
    nrf_saadc_event_check                    0x00002021   Thumb Code    12  nrfx_saadc.o(i.nrf_saadc_event_check)
    i.nrf_saadc_event_clear                  0x00002030   Section        0  nrfx_saadc.o(i.nrf_saadc_event_clear)
    nrf_saadc_event_clear                    0x00002031   Thumb Code    16  nrfx_saadc.o(i.nrf_saadc_event_clear)
    i.nrf_section_iter_init                  0x00002044   Section        0  nrf_section_iter.o(i.nrf_section_iter_init)
    i.nrf_section_iter_item_set              0x0000204e   Section        0  nrf_section_iter.o(i.nrf_section_iter_item_set)
    nrf_section_iter_item_set                0x0000204f   Thumb Code    36  nrf_section_iter.o(i.nrf_section_iter_item_set)
    i.nrf_spim_event_check                   0x00002072   Section        0  nrfx_spim.o(i.nrf_spim_event_check)
    nrf_spim_event_check                     0x00002073   Thumb Code    10  nrfx_spim.o(i.nrf_spim_event_check)
    i.nrf_timer_event_clear                  0x0000207c   Section        0  nrfx_timer.o(i.nrf_timer_event_clear)
    nrf_timer_event_clear                    0x0000207d   Thumb Code    12  nrfx_timer.o(i.nrf_timer_event_clear)
    i.nrf_twim_event_check                   0x00002088   Section        0  nrfx_twim.o(i.nrf_twim_event_check)
    nrf_twim_event_check                     0x00002089   Thumb Code    10  nrfx_twim.o(i.nrf_twim_event_check)
    i.nrf_twim_event_clear                   0x00002092   Section        0  nrfx_twim.o(i.nrf_twim_event_clear)
    nrf_twim_event_clear                     0x00002093   Thumb Code    12  nrfx_twim.o(i.nrf_twim_event_clear)
    i.nrfx_is_in_ram                         0x0000209e   Section        0  nrfx_spim.o(i.nrfx_is_in_ram)
    nrfx_is_in_ram                           0x0000209f   Thumb Code    16  nrfx_spim.o(i.nrfx_is_in_ram)
    i.nrfx_prs_acquire                       0x000020ae   Section        0  nrfx_prs.o(i.nrfx_prs_acquire)
    i.nrfx_spim_init                         0x000020e0   Section        0  nrfx_spim.o(i.nrfx_spim_init)
    i.nrfx_spim_xfer                         0x0000224c   Section        0  nrfx_spim.o(i.nrfx_spim_xfer)
    i.nvmc_config                            0x000022b0   Section        0  system_nrf52.o(i.nvmc_config)
    i.port_event_handle                      0x000022c8   Section        0  nrfx_gpiote.o(i.port_event_handle)
    port_event_handle                        0x000022c9   Thumb Code   176  nrfx_gpiote.o(i.port_event_handle)
    i.port_handler_polarity_get              0x0000237c   Section        0  nrfx_gpiote.o(i.port_handler_polarity_get)
    port_handler_polarity_get                0x0000237d   Thumb Code    12  nrfx_gpiote.o(i.port_handler_polarity_get)
    i.postfix_process                        0x0000238c   Section        0  nrf_log_str_formatter.o(i.postfix_process)
    postfix_process                          0x0000238d   Thumb Code    48  nrf_log_str_formatter.o(i.postfix_process)
    i.prefix_process                         0x000023c8   Section        0  nrf_log_str_formatter.o(i.prefix_process)
    prefix_process                           0x000023c9   Thumb Code    90  nrf_log_str_formatter.o(i.prefix_process)
    i.prs_box_get                            0x00002460   Section        0  nrfx_prs.o(i.prs_box_get)
    prs_box_get                              0x00002461   Thumb Code    14  nrfx_prs.o(i.prs_box_get)
    i.serial_tx                              0x00002478   Section        0  nrf_log_backend_rtt.o(i.serial_tx)
    serial_tx                                0x00002479   Thumb Code    70  nrf_log_backend_rtt.o(i.serial_tx)
    i.spim_evt_handler                       0x000024c8   Section        0  nrf_drv_spi.o(i.spim_evt_handler)
    spim_evt_handler                         0x000024c9   Thumb Code    52  nrf_drv_spi.o(i.spim_evt_handler)
    i.spim_xfer                              0x00002500   Section        0  nrfx_spim.o(i.spim_xfer)
    spim_xfer                                0x00002501   Thumb Code   188  nrfx_spim.o(i.spim_xfer)
    i.std_n                                  0x000025bc   Section        0  nrf_log_frontend.o(i.std_n)
    std_n                                    0x000025bd   Thumb Code   144  nrf_log_frontend.o(i.std_n)
    i.twim_irq_handler                       0x00002654   Section        0  nrfx_twim.o(i.twim_irq_handler)
    twim_irq_handler                         0x00002655   Thumb Code   400  nrfx_twim.o(i.twim_irq_handler)
    i.unsigned_print                         0x000027e8   Section        0  nrf_fprintf_format.o(i.unsigned_print)
    unsigned_print                           0x000027e9   Thumb Code   176  nrf_fprintf_format.o(i.unsigned_print)
    i.writeReadMAX30001                      0x0000289c   Section        0  max30001.o(i.writeReadMAX30001)
    i.writeReadSPI                           0x000028a0   Section        0  spi.o(i.writeReadSPI)
    i.xfer_completeness_check                0x000028e8   Section        0  nrfx_twim.o(i.xfer_completeness_check)
    xfer_completeness_check                  0x000028e9   Thumb Code    98  nrfx_twim.o(i.xfer_completeness_check)
    locale$$code                             0x0000294c   Section       44  lc_ctype_c.o(locale$$code)
    x$fpl$fpinit                             0x00002978   Section       10  fpinit.o(x$fpl$fpinit)
    $v0                                      0x00002978   Number         0  fpinit.o(x$fpl$fpinit)
    .constdata                               0x00002990   Section        6  main.o(.constdata)
    delay_machine_code                       0x00002990   Data           6  main.o(.constdata)
    .constdata                               0x00002998   Section        4  nrfx_gpiote.o(.constdata)
    .constdata                               0x0000299c   Section        4  nrfx_spim.o(.constdata)
    irq_handlers                             0x0000299c   Data           4  nrfx_spim.o(.constdata)
    .constdata                               0x000029a0   Section       16  nrf_drv_spi.o(.constdata)
    .constdata                               0x000029b0   Section       16  nrf_fprintf_format.o(.constdata)
    _aV2C                                    0x000029b0   Data          16  nrf_fprintf_format.o(.constdata)
    .constdata                               0x000029c0   Section       24  nrf_pwr_mgmt.o(.constdata)
    pwr_mgmt_data_array                      0x000029c0   Data          24  nrf_pwr_mgmt.o(.constdata)
    .constdata                               0x000029d8   Section       12  nrf_pwr_mgmt.o(.constdata)
    pwr_mgmt_data                            0x000029d8   Data          12  nrf_pwr_mgmt.o(.constdata)
    .constdata                               0x000029e4   Section       12  nrf_log_backend_rtt.o(.constdata)
    .constdata                               0x000029f0   Section        6  nrf_log_backend_rtt.o(.constdata)
    delay_machine_code                       0x000029f0   Data           6  nrf_log_backend_rtt.o(.constdata)
    .constdata                               0x000029f8   Section       12  nrf_log_frontend.o(.constdata)
    m_log_push_ringbuf                       0x000029f8   Data          12  nrf_log_frontend.o(.constdata)
    .constdata                               0x00002a04   Section       32  spi.o(.constdata)
    SPI1                                     0x00002a04   Data          16  spi.o(.constdata)
    .conststring                             0x00002a24   Section      102  nrf_log_str_formatter.o(.conststring)
    .conststrlit                             0x00002a8c   Section        7  nrfx_gpiote.o(.conststrlit)
    .conststrlit                             0x00002a94   Section        4  nrfx_ppi.o(.conststrlit)
    .conststrlit                             0x00002a98   Section        6  nrfx_timer.o(.conststrlit)
    .conststrlit                             0x00002aa0   Section        5  nrfx_twim.o(.conststrlit)
    .conststrlit                             0x00002aa8   Section        6  nrfx_uarte.o(.conststrlit)
    .conststrlit                             0x00002ab0   Section        5  nrfx_uart.o(.conststrlit)
    .conststrlit                             0x00002ab8   Section        4  nrfx_prs.o(.conststrlit)
    .conststrlit                             0x00002abc   Section        6  nrfx_saadc.o(.conststrlit)
    .conststrlit                             0x00002ac4   Section        5  nrfx_spim.o(.conststrlit)
    .conststrlit                             0x00002acc   Section        9  nrf_pwr_mgmt.o(.conststrlit)
    .conststrlit                             0x00002ad8   Section       11  app_button.o(.conststrlit)
    .conststrlit                             0x00002ae4   Section        9  nrf_sortlist.o(.conststrlit)
    .conststrlit                             0x00002af0   Section       10  app_timer2.o(.conststrlit)
    .conststrlit                             0x00002afc   Section       16  nrf_log_default_backends.o(.conststrlit)
    .conststrlit                             0x00002b0c   Section        4  nrf_log_frontend.o(.conststrlit)
    locale$$data                             0x00002b30   Section      272  lc_ctype_c.o(locale$$data)
    __lcctype_c_name                         0x00002b34   Data           2  lc_ctype_c.o(locale$$data)
    __lcctype_c_start                        0x00002b3c   Data           0  lc_ctype_c.o(locale$$data)
    log_backends                             0x00002c40   Section       16  nrf_log_default_backends.o(log_backends)
    __lcctype_c_end                          0x00002c40   Data           0  lc_ctype_c.o(locale$$data)
    __tagsym$$used                           0x00002c40   Number         0  nrf_log_default_backends.o(log_backends)
    rtt_log_backend                          0x00002c40   Data          16  nrf_log_default_backends.o(log_backends)
    log_const_data                           0x00002c50   Section        8  nrfx_gpiote.o(log_const_data)
    __tagsym$$used                           0x00002c50   Number         0  nrfx_gpiote.o(log_const_data)
    log_const_data                           0x00002c58   Section        8  nrfx_ppi.o(log_const_data)
    __tagsym$$used                           0x00002c58   Number         0  nrfx_ppi.o(log_const_data)
    log_const_data                           0x00002c60   Section        8  nrfx_timer.o(log_const_data)
    __tagsym$$used                           0x00002c60   Number         0  nrfx_timer.o(log_const_data)
    log_const_data                           0x00002c68   Section        8  nrfx_twim.o(log_const_data)
    __tagsym$$used                           0x00002c68   Number         0  nrfx_twim.o(log_const_data)
    log_const_data                           0x00002c70   Section        8  nrfx_uarte.o(log_const_data)
    __tagsym$$used                           0x00002c70   Number         0  nrfx_uarte.o(log_const_data)
    log_const_data                           0x00002c78   Section        8  nrfx_uart.o(log_const_data)
    __tagsym$$used                           0x00002c78   Number         0  nrfx_uart.o(log_const_data)
    log_const_data                           0x00002c80   Section        8  nrfx_prs.o(log_const_data)
    __tagsym$$used                           0x00002c80   Number         0  nrfx_prs.o(log_const_data)
    log_const_data                           0x00002c88   Section        8  nrfx_saadc.o(log_const_data)
    __tagsym$$used                           0x00002c88   Number         0  nrfx_saadc.o(log_const_data)
    log_const_data                           0x00002c90   Section        8  nrfx_spim.o(log_const_data)
    __tagsym$$used                           0x00002c90   Number         0  nrfx_spim.o(log_const_data)
    log_const_data                           0x00002c98   Section        8  nrf_pwr_mgmt.o(log_const_data)
    __tagsym$$used                           0x00002c98   Number         0  nrf_pwr_mgmt.o(log_const_data)
    log_const_data                           0x00002ca0   Section        8  app_button.o(log_const_data)
    __tagsym$$used                           0x00002ca0   Number         0  app_button.o(log_const_data)
    log_const_data                           0x00002ca8   Section        8  nrf_sortlist.o(log_const_data)
    __tagsym$$used                           0x00002ca8   Number         0  nrf_sortlist.o(log_const_data)
    log_const_data                           0x00002cb0   Section        8  app_timer2.o(log_const_data)
    __tagsym$$used                           0x00002cb0   Number         0  app_timer2.o(log_const_data)
    log_const_data                           0x00002cb8   Section        8  nrf_log_frontend.o(log_const_data)
    __tagsym$$used                           0x00002cb8   Number         0  nrf_log_frontend.o(log_const_data)
    nrf_balloc                               0x00002cc0   Section       20  nrf_log_frontend.o(nrf_balloc)
    __tagsym$$used                           0x00002cc0   Number         0  nrf_log_frontend.o(nrf_balloc)
    .data                                    0x20000000   Section        8  nrfx_prs.o(.data)
    m_prs_box_4                              0x20000000   Data           8  nrfx_prs.o(.data)
    .data                                    0x20000008   Section        4  app_util_platform.o(.data)
    m_in_critical_region                     0x20000008   Data           4  app_util_platform.o(.data)
    .data                                    0x2000000c   Section        8  nrf_pwr_mgmt.o(.data)
    m_pwr_mgmt_evt                           0x2000000c   Data           1  nrf_pwr_mgmt.o(.data)
    m_shutdown_started                       0x2000000d   Data           1  nrf_pwr_mgmt.o(.data)
    m_sysoff_mtx                             0x20000010   Data           4  nrf_pwr_mgmt.o(.data)
    .data                                    0x20000014   Section       12  drv_rtc.o(.data)
    m_handlers                               0x20000014   Data           4  drv_rtc.o(.data)
    m_cb                                     0x20000018   Data           8  drv_rtc.o(.data)
    .data                                    0x20000020   Section        1  nrf_log_backend_rtt.o(.data)
    m_host_present                           0x20000020   Data           1  nrf_log_backend_rtt.o(.data)
    .data                                    0x20000024   Section        8  nrf_log_default_backends.o(.data)
    log_backend_cb_rtt_log_backend           0x20000024   Data           8  nrf_log_default_backends.o(.data)
    .data                                    0x2000002c   Section        4  nrf_log_frontend.o(.data)
    m_buffer_mask                            0x2000002c   Data           4  nrf_log_frontend.o(.data)
    .data                                    0x20000030   Section        8  nrf_log_frontend.o(.data)
    log_mempool_nrf_balloc_pool_stack        0x20000030   Data           8  nrf_log_frontend.o(.data)
    .data                                    0x20000038   Section        8  nrf_log_frontend.o(.data)
    log_mempool_nrf_balloc_cb                0x20000038   Data           8  nrf_log_frontend.o(.data)
    .data                                    0x20000040   Section       64  nrf_log_str_formatter.o(.data)
    m_freq                                   0x20000040   Data           4  nrf_log_str_formatter.o(.data)
    m_timestamp_div                          0x20000044   Data           4  nrf_log_str_formatter.o(.data)
    severity_names                           0x20000048   Data          20  nrf_log_str_formatter.o(.data)
    m_colors                                 0x2000005c   Data          36  nrf_log_str_formatter.o(.data)
    .data                                    0x20000080   Section        4  max30001.o(.data)
    wrData                                   0x20000080   Data           1  max30001.o(.data)
    rdData                                   0x20000081   Data           3  max30001.o(.data)
    .data                                    0x20000084   Section        1  spi.o(.data)
    spi_xfer_done                            0x20000084   Data           1  spi.o(.data)
    .data                                    0x20000088   Section        4  system_nrf52.o(.data)
    __tagsym$$used                           0x20000088   Number         0  system_nrf52.o(.data)
    .bss                                     0x2000008c   Section       92  nrfx_gpiote.o(.bss)
    m_cb                                     0x2000008c   Data          92  nrfx_gpiote.o(.bss)
    .bss                                     0x200000e8   Section       48  nrfx_timer.o(.bss)
    m_cb                                     0x200000e8   Data          48  nrfx_timer.o(.bss)
    .bss                                     0x20000118   Section       52  nrfx_twim.o(.bss)
    m_cb                                     0x20000118   Data          52  nrfx_twim.o(.bss)
    .bss                                     0x2000014c   Section       48  nrfx_saadc.o(.bss)
    m_cb                                     0x2000014c   Data          48  nrfx_saadc.o(.bss)
    .bss                                     0x2000017c   Section       36  nrfx_spim.o(.bss)
    m_cb                                     0x2000017c   Data          36  nrfx_spim.o(.bss)
    .bss                                     0x200001a0   Section       24  nrf_drv_spi.o(.bss)
    m_handlers                               0x200001a0   Data          12  nrf_drv_spi.o(.bss)
    m_contexts                               0x200001ac   Data          12  nrf_drv_spi.o(.bss)
    .bss                                     0x200001b8   Section       12  nrf_pwr_mgmt.o(.bss)
    m_handlers_iter                          0x200001b8   Data          12  nrf_pwr_mgmt.o(.bss)
    .bss                                     0x200001c4   Section       64  nrf_log_backend_rtt.o(.bss)
    m_string_buff                            0x200001c4   Data          64  nrf_log_backend_rtt.o(.bss)
    .bss                                     0x20000204   Section      192  nrf_log_frontend.o(.bss)
    log_mempool_nrf_balloc_pool_mem          0x20000204   Data         192  nrf_log_frontend.o(.bss)
    .bss                                     0x200002c4   Section      128  nrf_log_frontend.o(.bss)
    m_log_push_ringbuf_buf                   0x200002c4   Data         128  nrf_log_frontend.o(.bss)
    .bss                                     0x20000344   Section       24  nrf_log_frontend.o(.bss)
    m_log_push_ringbuf_cb                    0x20000344   Data          24  nrf_log_frontend.o(.bss)
    .bss                                     0x2000035c   Section     1056  nrf_log_frontend.o(.bss)
    m_log_data                               0x2000035c   Data        1056  nrf_log_frontend.o(.bss)
    .bss                                     0x2000077c   Section      648  segger_rtt.o(.bss)
    _acUpBuffer                              0x200007f4   Data         512  segger_rtt.o(.bss)
    _acDownBuffer                            0x200009f4   Data          16  segger_rtt.o(.bss)
    .bss                                     0x20000a04   Section       96  libspace.o(.bss)
    HEAP                                     0x20000a68   Section     4096  arm_startup_nrf52.o(HEAP)
    Heap_Mem                                 0x20000a68   Data        4096  arm_startup_nrf52.o(HEAP)
    STACK                                    0x20001a68   Section     4096  arm_startup_nrf52.o(STACK)
    Stack_Mem                                0x20001a68   Data        4096  arm_startup_nrf52.o(STACK)
    __initial_sp                             0x20002a68   Data           0  arm_startup_nrf52.o(STACK)

    Global Symbols

    Symbol Name                              Value     Ov Type        Size  Object(Section)

    BuildAttributes$$THM_ISAv4$E$P$D$K$B$S$7EM$VFPi3$EXTD16$VFPS$VFMA$PE$A:L22UL41UL21$X:L11$S22US41US21$IEEE1$IW$USESV6$~STKCKD$USESV7$~SHL$OSPACE$ROPI$EBA8$UX$STANDARDLIB$REQ8$EABIv2 0x00000000   Number         0  anon$$obj.o ABSOLUTE
    __ARM_use_no_argv                        0x00000000   Number         0  main.o ABSOLUTE
    __Vectors                                0x00000000   Data           4  arm_startup_nrf52.o(RESET)
    __ARM_exceptions_init                     - Undefined Weak Reference
    __alloca_initialize                       - Undefined Weak Reference
    __arm_fini_                               - Undefined Weak Reference
    __arm_preinit_                            - Undefined Weak Reference
    __cpp_initialize__aeabi_                  - Undefined Weak Reference
    __cxa_finalize                            - Undefined Weak Reference
    __sigvec_lookup                           - Undefined Weak Reference
    _atexit_init                              - Undefined Weak Reference
    _call_atexit_fns                          - Undefined Weak Reference
    _clock_init                               - Undefined Weak Reference
    _fp_trap_init                             - Undefined Weak Reference
    _fp_trap_shutdown                         - Undefined Weak Reference
    _get_lc_collate                           - Undefined Weak Reference
    _get_lc_monetary                          - Undefined Weak Reference
    _get_lc_numeric                           - Undefined Weak Reference
    _get_lc_time                              - Undefined Weak Reference
    _getenv_init                              - Undefined Weak Reference
    _handle_redirection                       - Undefined Weak Reference
    _init_alloc                               - Undefined Weak Reference
    _init_user_alloc                          - Undefined Weak Reference
    _initio                                   - Undefined Weak Reference
    _rand_init                                - Undefined Weak Reference
    _signal_finish                            - Undefined Weak Reference
    _signal_init                              - Undefined Weak Reference
    _terminate_alloc                          - Undefined Weak Reference
    _terminate_user_alloc                     - Undefined Weak Reference
    _terminateio                              - Undefined Weak Reference
    log_dynamic_data$$Base                    - Undefined Reference
    pwr_mgmt_data0$$Base                      - Undefined Reference
    pwr_mgmt_data0$$Limit                     - Undefined Reference
    pwr_mgmt_data1$$Base                      - Undefined Reference
    pwr_mgmt_data1$$Limit                     - Undefined Reference
    pwr_mgmt_data2$$Base                      - Undefined Reference
    pwr_mgmt_data2$$Limit                     - Undefined Reference
    __Vectors_End                            0x00000200   Data           0  arm_startup_nrf52.o(RESET)
    __Vectors_Size                           0x00000200   Number         0  arm_startup_nrf52.o ABSOLUTE
    __main                                   0x00000201   Thumb Code     8  __main.o(!!!main)
    __scatterload                            0x00000209   Thumb Code     0  __scatter.o(!!!scatter)
    __scatterload_rt2                        0x00000209   Thumb Code    44  __scatter.o(!!!scatter)
    __scatterload_rt2_thumb_only             0x00000209   Thumb Code     0  __scatter.o(!!!scatter)
    __scatterload_null                       0x00000217   Thumb Code     0  __scatter.o(!!!scatter)
    __scatterload_copy                       0x0000023d   Thumb Code    26  __scatter_copy.o(!!handler_copy)
    __scatterload_zeroinit                   0x00000259   Thumb Code    28  __scatter_zi.o(!!handler_zi)
    __rt_lib_init                            0x00000275   Thumb Code     0  libinit.o(.ARM.Collect$$libinit$$00000000)
    __rt_lib_init_fp_1                       0x00000277   Thumb Code     0  libinit2.o(.ARM.Collect$$libinit$$00000001)
    __rt_lib_init_heap_1                     0x0000027b   Thumb Code     0  libinit2.o(.ARM.Collect$$libinit$$0000000A)
    __rt_lib_init_lc_common                  0x0000027b   Thumb Code     0  libinit2.o(.ARM.Collect$$libinit$$0000000F)
    __rt_lib_init_preinit_1                  0x0000027b   Thumb Code     0  libinit2.o(.ARM.Collect$$libinit$$00000004)
    __rt_lib_init_rand_1                     0x0000027b   Thumb Code     0  libinit2.o(.ARM.Collect$$libinit$$0000000E)
    __rt_lib_init_user_alloc_1               0x0000027b   Thumb Code     0  libinit2.o(.ARM.Collect$$libinit$$0000000C)
    __rt_lib_init_lc_collate_1               0x00000281   Thumb Code     0  libinit2.o(.ARM.Collect$$libinit$$00000011)
    __rt_lib_init_lc_ctype_2                 0x00000281   Thumb Code     0  libinit2.o(.ARM.Collect$$libinit$$00000012)
    __rt_lib_init_alloca_1                   0x0000028d   Thumb Code     0  libinit2.o(.ARM.Collect$$libinit$$0000002E)
    __rt_lib_init_argv_1                     0x0000028d   Thumb Code     0  libinit2.o(.ARM.Collect$$libinit$$0000002C)
    __rt_lib_init_atexit_1                   0x0000028d   Thumb Code     0  libinit2.o(.ARM.Collect$$libinit$$0000001B)
    __rt_lib_init_clock_1                    0x0000028d   Thumb Code     0  libinit2.o(.ARM.Collect$$libinit$$00000021)
    __rt_lib_init_cpp_1                      0x0000028d   Thumb Code     0  libinit2.o(.ARM.Collect$$libinit$$00000032)
    __rt_lib_init_exceptions_1               0x0000028d   Thumb Code     0  libinit2.o(.ARM.Collect$$libinit$$00000030)
    __rt_lib_init_fp_trap_1                  0x0000028d   Thumb Code     0  libinit2.o(.ARM.Collect$$libinit$$0000001F)
    __rt_lib_init_getenv_1                   0x0000028d   Thumb Code     0  libinit2.o(.ARM.Collect$$libinit$$00000023)
    __rt_lib_init_lc_ctype_1                 0x0000028d   Thumb Code     0  libinit2.o(.ARM.Collect$$libinit$$00000013)
    __rt_lib_init_lc_monetary_1              0x0000028d   Thumb Code     0  libinit2.o(.ARM.Collect$$libinit$$00000015)
    __rt_lib_init_lc_numeric_1               0x0000028d   Thumb Code     0  libinit2.o(.ARM.Collect$$libinit$$00000017)
    __rt_lib_init_lc_time_1                  0x0000028d   Thumb Code     0  libinit2.o(.ARM.Collect$$libinit$$00000019)
    __rt_lib_init_return                     0x0000028d   Thumb Code     0  libinit2.o(.ARM.Collect$$libinit$$00000033)
    __rt_lib_init_signal_1                   0x0000028d   Thumb Code     0  libinit2.o(.ARM.Collect$$libinit$$0000001D)
    __rt_lib_init_stdio_1                    0x0000028d   Thumb Code     0  libinit2.o(.ARM.Collect$$libinit$$00000025)
    __rt_lib_shutdown                        0x0000028f   Thumb Code     0  libshutdown.o(.ARM.Collect$$libshutdown$$00000000)
    __rt_lib_shutdown_cpp_1                  0x00000291   Thumb Code     0  libshutdown2.o(.ARM.Collect$$libshutdown$$00000004)
    __rt_lib_shutdown_fini_1                 0x00000291   Thumb Code     0  libshutdown2.o(.ARM.Collect$$libshutdown$$00000002)
    __rt_lib_shutdown_fp_trap_1              0x00000291   Thumb Code     0  libshutdown2.o(.ARM.Collect$$libshutdown$$00000009)
    __rt_lib_shutdown_heap_1                 0x00000291   Thumb Code     0  libshutdown2.o(.ARM.Collect$$libshutdown$$00000011)
    __rt_lib_shutdown_return                 0x00000291   Thumb Code     0  libshutdown2.o(.ARM.Collect$$libshutdown$$00000012)
    __rt_lib_shutdown_signal_1               0x00000291   Thumb Code     0  libshutdown2.o(.ARM.Collect$$libshutdown$$0000000C)
    __rt_lib_shutdown_stdio_1                0x00000291   Thumb Code     0  libshutdown2.o(.ARM.Collect$$libshutdown$$00000006)
    __rt_lib_shutdown_user_alloc_1           0x00000291   Thumb Code     0  libshutdown2.o(.ARM.Collect$$libshutdown$$0000000E)
    __rt_entry                               0x00000293   Thumb Code     0  __rtentry.o(.ARM.Collect$$rtentry$$00000000)
    __rt_entry_presh_1                       0x00000293   Thumb Code     0  __rtentry2.o(.ARM.Collect$$rtentry$$00000002)
    __rt_entry_sh                            0x00000293   Thumb Code     0  __rtentry4.o(.ARM.Collect$$rtentry$$00000004)
    __rt_entry_li                            0x00000299   Thumb Code     0  __rtentry2.o(.ARM.Collect$$rtentry$$0000000A)
    __rt_entry_postsh_1                      0x00000299   Thumb Code     0  __rtentry2.o(.ARM.Collect$$rtentry$$00000009)
    __rt_entry_main                          0x0000029d   Thumb Code     0  __rtentry2.o(.ARM.Collect$$rtentry$$0000000D)
    __rt_entry_postli_1                      0x0000029d   Thumb Code     0  __rtentry2.o(.ARM.Collect$$rtentry$$0000000C)
    __rt_exit                                0x000002a5   Thumb Code     0  rtexit.o(.ARM.Collect$$rtexit$$00000000)
    __rt_exit_ls                             0x000002a7   Thumb Code     0  rtexit2.o(.ARM.Collect$$rtexit$$00000003)
    __rt_exit_prels_1                        0x000002a7   Thumb Code     0  rtexit2.o(.ARM.Collect$$rtexit$$00000002)
    __rt_exit_exit                           0x000002ab   Thumb Code     0  rtexit2.o(.ARM.Collect$$rtexit$$00000004)
    __asm___12_nrf_atomic_c_85ca2469__nrf_atomic_internal_mov 0x000002b1   Thumb Code    24  nrf_atomic.o(.emb_text)
    __asm___12_nrf_atomic_c_85ca2469__nrf_atomic_internal_orr 0x000002c9   Thumb Code    26  nrf_atomic.o(.emb_text)
    __asm___12_nrf_atomic_c_85ca2469__nrf_atomic_internal_and 0x000002e3   Thumb Code    26  nrf_atomic.o(.emb_text)
    __asm___12_nrf_atomic_c_85ca2469__nrf_atomic_internal_eor 0x000002fd   Thumb Code    26  nrf_atomic.o(.emb_text)
    __asm___12_nrf_atomic_c_85ca2469__nrf_atomic_internal_add 0x00000317   Thumb Code    26  nrf_atomic.o(.emb_text)
    __asm___12_nrf_atomic_c_85ca2469__nrf_atomic_internal_sub 0x00000331   Thumb Code    26  nrf_atomic.o(.emb_text)
    __asm___12_nrf_atomic_c_85ca2469__nrf_atomic_internal_cmp_exch 0x0000034b   Thumb Code    42  nrf_atomic.o(.emb_text)
    __asm___12_nrf_atomic_c_85ca2469__nrf_atomic_internal_sub_hs 0x00000375   Thumb Code    30  nrf_atomic.o(.emb_text)
    Reset_Handler                            0x00000395   Thumb Code     8  arm_startup_nrf52.o(.text)
    NMI_Handler                              0x0000039d   Thumb Code     2  arm_startup_nrf52.o(.text)
    HardFault_Handler                        0x0000039f   Thumb Code     2  arm_startup_nrf52.o(.text)
    MemoryManagement_Handler                 0x000003a1   Thumb Code     2  arm_startup_nrf52.o(.text)
    BusFault_Handler                         0x000003a3   Thumb Code     2  arm_startup_nrf52.o(.text)
    UsageFault_Handler                       0x000003a5   Thumb Code     2  arm_startup_nrf52.o(.text)
    SVC_Handler                              0x000003a7   Thumb Code     2  arm_startup_nrf52.o(.text)
    DebugMon_Handler                         0x000003a9   Thumb Code     2  arm_startup_nrf52.o(.text)
    PendSV_Handler                           0x000003ab   Thumb Code     2  arm_startup_nrf52.o(.text)
    SysTick_Handler                          0x000003ad   Thumb Code     2  arm_startup_nrf52.o(.text)
    CCM_AAR_IRQHandler                       0x000003af   Thumb Code     0  arm_startup_nrf52.o(.text)
    COMP_LPCOMP_IRQHandler                   0x000003af   Thumb Code     0  arm_startup_nrf52.o(.text)
    ECB_IRQHandler                           0x000003af   Thumb Code     0  arm_startup_nrf52.o(.text)
    FPU_IRQHandler                           0x000003af   Thumb Code     0  arm_startup_nrf52.o(.text)
    I2S_IRQHandler                           0x000003af   Thumb Code     0  arm_startup_nrf52.o(.text)
    MWU_IRQHandler                           0x000003af   Thumb Code     0  arm_startup_nrf52.o(.text)
    NFCT_IRQHandler                          0x000003af   Thumb Code     0  arm_startup_nrf52.o(.text)
    PDM_IRQHandler                           0x000003af   Thumb Code     0  arm_startup_nrf52.o(.text)
    POWER_CLOCK_IRQHandler                   0x000003af   Thumb Code     0  arm_startup_nrf52.o(.text)
    PWM0_IRQHandler                          0x000003af   Thumb Code     0  arm_startup_nrf52.o(.text)
    PWM1_IRQHandler                          0x000003af   Thumb Code     0  arm_startup_nrf52.o(.text)
    PWM2_IRQHandler                          0x000003af   Thumb Code     0  arm_startup_nrf52.o(.text)
    QDEC_IRQHandler                          0x000003af   Thumb Code     0  arm_startup_nrf52.o(.text)
    RADIO_IRQHandler                         0x000003af   Thumb Code     0  arm_startup_nrf52.o(.text)
    RNG_IRQHandler                           0x000003af   Thumb Code     0  arm_startup_nrf52.o(.text)
    RTC0_IRQHandler                          0x000003af   Thumb Code     0  arm_startup_nrf52.o(.text)
    RTC2_IRQHandler                          0x000003af   Thumb Code     0  arm_startup_nrf52.o(.text)
    SPIM2_SPIS2_SPI2_IRQHandler              0x000003af   Thumb Code     0  arm_startup_nrf52.o(.text)
    SWI0_EGU0_IRQHandler                     0x000003af   Thumb Code     0  arm_startup_nrf52.o(.text)
    SWI1_EGU1_IRQHandler                     0x000003af   Thumb Code     0  arm_startup_nrf52.o(.text)
    SWI2_EGU2_IRQHandler                     0x000003af   Thumb Code     0  arm_startup_nrf52.o(.text)
    SWI3_EGU3_IRQHandler                     0x000003af   Thumb Code     0  arm_startup_nrf52.o(.text)
    SWI4_EGU4_IRQHandler                     0x000003af   Thumb Code     0  arm_startup_nrf52.o(.text)
    SWI5_EGU5_IRQHandler                     0x000003af   Thumb Code     0  arm_startup_nrf52.o(.text)
    TEMP_IRQHandler                          0x000003af   Thumb Code     0  arm_startup_nrf52.o(.text)
    TIMER0_IRQHandler                        0x000003af   Thumb Code     0  arm_startup_nrf52.o(.text)
    WDT_IRQHandler                           0x000003af   Thumb Code     0  arm_startup_nrf52.o(.text)
    __user_initial_stackheap                 0x000003b1   Thumb Code    10  arm_startup_nrf52.o(.text)
    __rt_ctype_table                         0x000003d5   Thumb Code    16  rt_ctype_table.o(.text)
    strcpy                                   0x000003e5   Thumb Code    72  strcpy.o(.text)
    strlen                                   0x0000042d   Thumb Code    62  strlen.o(.text)
    __aeabi_memcpy                           0x0000046b   Thumb Code     0  rt_memcpy_v6.o(.text)
    __rt_memcpy                              0x0000046b   Thumb Code   138  rt_memcpy_v6.o(.text)
    _memcpy_lastbytes                        0x000004d1   Thumb Code     0  rt_memcpy_v6.o(.text)
    __aeabi_memcpy4                          0x000004f5   Thumb Code     0  rt_memcpy_w.o(.text)
    __aeabi_memcpy8                          0x000004f5   Thumb Code     0  rt_memcpy_w.o(.text)
    __rt_memcpy_w                            0x000004f5   Thumb Code   100  rt_memcpy_w.o(.text)
    _memcpy_lastbytes_aligned                0x0000053d   Thumb Code     0  rt_memcpy_w.o(.text)
    __aeabi_memclr4                          0x00000559   Thumb Code     0  rt_memclr_w.o(.text)
    __aeabi_memclr8                          0x00000559   Thumb Code     0  rt_memclr_w.o(.text)
    __rt_memclr_w                            0x00000559   Thumb Code    78  rt_memclr_w.o(.text)
    _memset_w                                0x0000055d   Thumb Code     0  rt_memclr_w.o(.text)
    __use_two_region_memory                  0x000005a7   Thumb Code     2  heapauxi.o(.text)
    __rt_heap_escrow$2region                 0x000005a9   Thumb Code     2  heapauxi.o(.text)
    __rt_heap_expand$2region                 0x000005ab   Thumb Code     2  heapauxi.o(.text)
    __rt_locale                              0x000005ad   Thumb Code     8  rt_locale_intlibspace.o(.text)
    __user_libspace                          0x000005b5   Thumb Code     8  libspace.o(.text)
    __user_perproc_libspace                  0x000005b5   Thumb Code     0  libspace.o(.text)
    __user_perthread_libspace                0x000005b5   Thumb Code     0  libspace.o(.text)
    strcmp                                   0x000005bd   Thumb Code   128  strcmpv7m.o(.text)
    __user_setup_stackheap                   0x0000063d   Thumb Code    74  sys_stackheap_outer.o(.text)
    exit                                     0x00000687   Thumb Code    18  exit.o(.text)
    _sys_exit                                0x00000699   Thumb Code     8  sys_exit.o(.text)
    __I$use$semihosting                      0x000006a5   Thumb Code     0  use_no_semi.o(.text)
    __use_no_semihosting_swi                 0x000006a5   Thumb Code     2  use_no_semi.o(.text)
    __semihosting_library_function           0x000006a7   Thumb Code     0  indicate_semi.o(.text)
    GPIOTE_IRQHandler                        0x000006a9   Thumb Code   154  nrfx_gpiote.o(i.GPIOTE_IRQHandler)
    MAX30001Info                             0x0000074d   Thumb Code    82  max30001.o(i.MAX30001Info)
    RTC1_IRQHandler                          0x000007d5   Thumb Code    12  drv_rtc.o(i.RTC1_IRQHandler)
    SAADC_IRQHandler                         0x000007e5   Thumb Code   320  nrfx_saadc.o(i.SAADC_IRQHandler)
    SEGGER_RTT_Init                          0x0000092d   Thumb Code     4  segger_rtt.o(i.SEGGER_RTT_Init)
    SEGGER_RTT_WriteNoLock                   0x00000931   Thumb Code    86  segger_rtt.o(i.SEGGER_RTT_WriteNoLock)
    SPIM0_SPIS0_TWIM0_TWIS0_SPI0_TWI0_IRQHandler 0x0000098d   Thumb Code     8  nrfx_twim.o(i.SPIM0_SPIS0_TWIM0_TWIS0_SPI0_TWI0_IRQHandler)
    SPIM1_SPIS1_TWIM1_TWIS1_SPI1_TWI1_IRQHandler 0x0000099d   Thumb Code    78  nrfx_spim.o(i.SPIM1_SPIS1_TWIM1_TWIS1_SPI1_TWI1_IRQHandler)
    SystemInit                               0x000009f1   Thumb Code   660  system_nrf52.o(i.SystemInit)
    TIMER1_IRQHandler                        0x00000cc9   Thumb Code    10  nrfx_timer.o(i.TIMER1_IRQHandler)
    TIMER2_IRQHandler                        0x00000cdd   Thumb Code    10  nrfx_timer.o(i.TIMER2_IRQHandler)
    TIMER3_IRQHandler                        0x00000cf1   Thumb Code    10  nrfx_timer.o(i.TIMER3_IRQHandler)
    TIMER4_IRQHandler                        0x00000d05   Thumb Code    10  nrfx_timer.o(i.TIMER4_IRQHandler)
    UARTE0_UART0_IRQHandler                  0x00000d19   Thumb Code     6  nrfx_prs.o(i.UARTE0_UART0_IRQHandler)
    app_error_fault_handler                  0x00000e59   Thumb Code    86  app_error_weak.o(i.app_error_fault_handler)
    app_error_handler_bare                   0x00000edd   Thumb Code    22  app_error.o(i.app_error_handler_bare)
    app_util_critical_region_enter           0x00000ef3   Thumb Code     4  app_util_platform.o(i.app_util_critical_region_enter)
    app_util_critical_region_exit            0x00000ef7   Thumb Code     4  app_util_platform.o(i.app_util_critical_region_exit)
    app_util_disable_irq                     0x00000efd   Thumb Code    12  app_util_platform.o(i.app_util_disable_irq)
    app_util_enable_irq                      0x00000f0d   Thumb Code    14  app_util_platform.o(i.app_util_enable_irq)
    buffer_is_empty                          0x00000fdd   Thumb Code    18  nrf_log_frontend.o(i.buffer_is_empty)
    handerLowPowerConsumption                0x00001019   Thumb Code    18  main.o(i.handerLowPowerConsumption)
    initNRF52Port                            0x00001031   Thumb Code    76  port.o(i.initNRF52Port)
    initPeripherals                          0x0000107d   Thumb Code    68  main.o(i.initPeripherals)
    initPortOutClear                         0x000010e9   Thumb Code    24  port.o(i.initPortOutClear)
    initPortOutSet                           0x00001101   Thumb Code    24  port.o(i.initPortOutSet)
    initSPI                                  0x00001119   Thumb Code    74  spi.o(i.initSPI)
    initSeggerRTT                            0x00001169   Thumb Code    26  rtt.o(i.initSeggerRTT)
    initSensors                              0x00001185   Thumb Code    38  main.o(i.initSensors)
    log_pending_hook                         0x000012ef   Thumb Code     2  nrf_log_frontend.o(i.log_pending_hook)
    main                                     0x00001395   Thumb Code    46  main.o(i.main)
    nrf_atomic_flag_clear_fetch              0x00001491   Thumb Code     6  nrf_atomic.o(i.nrf_atomic_flag_clear_fetch)
    nrf_atomic_flag_set                      0x00001497   Thumb Code     6  nrf_atomic.o(i.nrf_atomic_flag_set)
    nrf_atomic_u32_add                       0x0000149d   Thumb Code    12  nrf_atomic.o(i.nrf_atomic_u32_add)
    nrf_atomic_u32_fetch_and                 0x000014a9   Thumb Code    10  nrf_atomic.o(i.nrf_atomic_u32_fetch_and)
    nrf_atomic_u32_fetch_store               0x000014b3   Thumb Code    10  nrf_atomic.o(i.nrf_atomic_u32_fetch_store)
    nrf_atomic_u32_or                        0x000014bd   Thumb Code    12  nrf_atomic.o(i.nrf_atomic_u32_or)
    nrf_atomic_u32_sub                       0x000014c9   Thumb Code    12  nrf_atomic.o(i.nrf_atomic_u32_sub)
    nrf_balloc_alloc                         0x000014d5   Thumb Code    62  nrf_balloc.o(i.nrf_balloc_alloc)
    nrf_balloc_free                          0x00001513   Thumb Code    42  nrf_balloc.o(i.nrf_balloc_free)
    nrf_balloc_init                          0x0000153d   Thumb Code    48  nrf_balloc.o(i.nrf_balloc_init)
    nrf_drv_spi_init                         0x0000157d   Thumb Code    98  nrf_drv_spi.o(i.nrf_drv_spi_init)
    nrf_fprintf                              0x00001603   Thumb Code    26  nrf_fprintf.o(i.nrf_fprintf)
    nrf_fprintf_buffer_flush                 0x0000161d   Thumb Code    24  nrf_fprintf.o(i.nrf_fprintf_buffer_flush)
    nrf_fprintf_fmt                          0x00001635   Thumb Code   474  nrf_fprintf_format.o(i.nrf_fprintf_fmt)
    nrf_log_backend_add                      0x000018f1   Thumb Code    86  nrf_log_frontend.o(i.nrf_log_backend_add)
    nrf_log_backend_rtt_init                 0x0000194f   Thumb Code     4  nrf_log_backend_rtt.o(i.nrf_log_backend_rtt_init)
    nrf_log_backend_serial_put               0x0000196d   Thumb Code   194  nrf_log_backend_serial.o(i.nrf_log_backend_serial_put)
    nrf_log_color_id_get                     0x00001a31   Thumb Code    42  nrf_log_frontend.o(i.nrf_log_color_id_get)
    nrf_log_default_backends_init            0x00001a61   Thumb Code    24  nrf_log_default_backends.o(i.nrf_log_default_backends_init)
    nrf_log_frontend_dequeue                 0x00001a7d   Thumb Code   518  nrf_log_frontend.o(i.nrf_log_frontend_dequeue)
    nrf_log_frontend_std_0                   0x00001cad   Thumb Code     8  nrf_log_frontend.o(i.nrf_log_frontend_std_0)
    nrf_log_frontend_std_1                   0x00001cb5   Thumb Code    14  nrf_log_frontend.o(i.nrf_log_frontend_std_1)
    nrf_log_frontend_std_3                   0x00001cc3   Thumb Code    18  nrf_log_frontend.o(i.nrf_log_frontend_std_3)
    nrf_log_hexdump_entry_process            0x00001cd5   Thumb Code   150  nrf_log_str_formatter.o(i.nrf_log_hexdump_entry_process)
    nrf_log_init                             0x00001d85   Thumb Code    28  nrf_log_frontend.o(i.nrf_log_init)
    nrf_log_module_cnt_get                   0x00001dad   Thumb Code    10  nrf_log_frontend.o(i.nrf_log_module_cnt_get)
    nrf_log_module_name_get                  0x00001dc1   Thumb Code    24  nrf_log_frontend.o(i.nrf_log_module_name_get)
    nrf_log_panic                            0x00001ddd   Thumb Code    36  nrf_log_frontend.o(i.nrf_log_panic)
    nrf_log_std_entry_process                0x00001e05   Thumb Code   182  nrf_log_str_formatter.o(i.nrf_log_std_entry_process)
    nrf_memobj_alloc                         0x00001ebb   Thumb Code    96  nrf_memobj.o(i.nrf_memobj_alloc)
    nrf_memobj_free                          0x00001f1b   Thumb Code    50  nrf_memobj.o(i.nrf_memobj_free)
    nrf_memobj_get                           0x00001f4d   Thumb Code     8  nrf_memobj.o(i.nrf_memobj_get)
    nrf_memobj_pool_init                     0x00001f55   Thumb Code     4  nrf_memobj.o(i.nrf_memobj_pool_init)
    nrf_memobj_put                           0x00001f59   Thumb Code    30  nrf_memobj.o(i.nrf_memobj_put)
    nrf_memobj_read                          0x00001f77   Thumb Code    16  nrf_memobj.o(i.nrf_memobj_read)
    nrf_memobj_write                         0x00001f87   Thumb Code    16  nrf_memobj.o(i.nrf_memobj_write)
    nrf_pwr_mgmt_init                        0x00001f99   Thumb Code    28  nrf_pwr_mgmt.o(i.nrf_pwr_mgmt_init)
    nrf_pwr_mgmt_run                         0x00001fc1   Thumb Code    46  nrf_pwr_mgmt.o(i.nrf_pwr_mgmt_run)
    nrf_ringbuf_init                         0x00001ff5   Thumb Code    28  nrf_ringbuf.o(i.nrf_ringbuf_init)
    nrf_section_iter_init                    0x00002045   Thumb Code    10  nrf_section_iter.o(i.nrf_section_iter_init)
    nrfx_prs_acquire                         0x000020af   Thumb Code    48  nrfx_prs.o(i.nrfx_prs_acquire)
    nrfx_spim_init                           0x000020e1   Thumb Code   356  nrfx_spim.o(i.nrfx_spim_init)
    nrfx_spim_xfer                           0x0000224d   Thumb Code    94  nrfx_spim.o(i.nrfx_spim_xfer)
    nvmc_config                              0x000022b1   Thumb Code    14  system_nrf52.o(i.nvmc_config)
    writeReadMAX30001                        0x0000289d   Thumb Code     4  max30001.o(i.writeReadMAX30001)
    writeReadSPI                             0x000028a1   Thumb Code    62  spi.o(i.writeReadSPI)
    _get_lc_ctype                            0x0000294d   Thumb Code    44  lc_ctype_c.o(locale$$code)
    _fp_init                                 0x00002979   Thumb Code    10  fpinit.o(x$fpl$fpinit)
    __fplib_config_fpu_vfp                   0x00002981   Thumb Code     0  fpinit.o(x$fpl$fpinit)
    __fplib_config_pureend_doubles           0x00002981   Thumb Code     0  fpinit.o(x$fpl$fpinit)
    nrf_log_backend_rtt_api                  0x000029e4   Data          12  nrf_log_backend_rtt.o(.constdata)
    Region$$Table$$Base                      0x00002b10   Number         0  anon$$obj.o(Region$$Table)
    Region$$Table$$Limit                     0x00002b30   Number         0  anon$$obj.o(Region$$Table)
    __ctype                                  0x00002b3d   Data           0  lc_ctype_c.o(locale$$data)
    log_const_data$$Base                     0x00002c50   Number         0  nrfx_gpiote.o(log_const_data)
    m_nrf_log_GPIOTE_logs_data_const         0x00002c50   Data           8  nrfx_gpiote.o(log_const_data)
    m_nrf_log_PPI_logs_data_const            0x00002c58   Data           8  nrfx_ppi.o(log_const_data)
    m_nrf_log_TIMER_logs_data_const          0x00002c60   Data           8  nrfx_timer.o(log_const_data)
    m_nrf_log_TWIM_logs_data_const           0x00002c68   Data           8  nrfx_twim.o(log_const_data)
    m_nrf_log_UARTE_logs_data_const          0x00002c70   Data           8  nrfx_uarte.o(log_const_data)
    m_nrf_log_UART_logs_data_const           0x00002c78   Data           8  nrfx_uart.o(log_const_data)
    m_nrf_log_PRS_logs_data_const            0x00002c80   Data           8  nrfx_prs.o(log_const_data)
    m_nrf_log_SAADC_logs_data_const          0x00002c88   Data           8  nrfx_saadc.o(log_const_data)
    m_nrf_log_SPIM_logs_data_const           0x00002c90   Data           8  nrfx_spim.o(log_const_data)
    m_nrf_log_pwr_mgmt_logs_data_const       0x00002c98   Data           8  nrf_pwr_mgmt.o(log_const_data)
    m_nrf_log_app_button_logs_data_const     0x00002ca0   Data           8  app_button.o(log_const_data)
    m_nrf_log_sortlist_logs_data_const       0x00002ca8   Data           8  nrf_sortlist.o(log_const_data)
    m_nrf_log_app_timer_logs_data_const      0x00002cb0   Data           8  app_timer2.o(log_const_data)
    m_nrf_log_app_logs_data_const            0x00002cb8   Data           8  nrf_log_frontend.o(log_const_data)
    log_const_data$$Limit                    0x00002cc0   Number         0  nrf_log_frontend.o(log_const_data)
    log_mempool                              0x00002cc0   Data          20  nrf_log_frontend.o(nrf_balloc)
    SystemCoreClock                          0x20000088   Data           4  system_nrf52.o(.data)
    _SEGGER_RTT                              0x2000077c   Data         120  segger_rtt.o(.bss)
    __libspace_start                         0x20000a04   Data          96  libspace.o(.bss)
    __temporary_stack_top$libspace           0x20000a64   Data           0  libspace.o(.bss)



==============================================================================

Memory Map of the image

  Image Entry point : 0x00000201

  Load Region LR_IROM1 (Base: 0x00000000, Size: 0x00002d60, Max: 0x00080000, ABSOLUTE)

    Execution Region ER_IROM1 (Exec base: 0x00000000, Load base: 0x00000000, Size: 0x00002cd4, Max: 0x00080000, ABSOLUTE)

    Exec Addr    Load Addr    Size         Type   Attr      Idx    E Section Name        Object

    0x00000000   0x00000000   0x00000200   Data   RO         5478    RESET               arm_startup_nrf52.o
    0x00000200   0x00000200   0x00000008   Code   RO         5559  * !!!main             c_w.l(__main.o)
    0x00000208   0x00000208   0x00000034   Code   RO         5745    !!!scatter          c_w.l(__scatter.o)
    0x0000023c   0x0000023c   0x0000001a   Code   RO         5747    !!handler_copy      c_w.l(__scatter_copy.o)
    0x00000256   0x00000256   0x00000002   PAD
    0x00000258   0x00000258   0x0000001c   Code   RO         5749    !!handler_zi        c_w.l(__scatter_zi.o)
    0x00000274   0x00000274   0x00000002   Code   RO         5663    .ARM.Collect$$libinit$$00000000  c_w.l(libinit.o)
    0x00000276   0x00000276   0x00000004   Code   RO         5607    .ARM.Collect$$libinit$$00000001  c_w.l(libinit2.o)
    0x0000027a   0x0000027a   0x00000000   Code   RO         5610    .ARM.Collect$$libinit$$00000004  c_w.l(libinit2.o)
    0x0000027a   0x0000027a   0x00000000   Code   RO         5613    .ARM.Collect$$libinit$$0000000A  c_w.l(libinit2.o)
    0x0000027a   0x0000027a   0x00000000   Code   RO         5615    .ARM.Collect$$libinit$$0000000C  c_w.l(libinit2.o)
    0x0000027a   0x0000027a   0x00000000   Code   RO         5617    .ARM.Collect$$libinit$$0000000E  c_w.l(libinit2.o)
    0x0000027a   0x0000027a   0x00000006   Code   RO         5618    .ARM.Collect$$libinit$$0000000F  c_w.l(libinit2.o)
    0x00000280   0x00000280   0x00000000   Code   RO         5620    .ARM.Collect$$libinit$$00000011  c_w.l(libinit2.o)
    0x00000280   0x00000280   0x0000000c   Code   RO         5621    .ARM.Collect$$libinit$$00000012  c_w.l(libinit2.o)
    0x0000028c   0x0000028c   0x00000000   Code   RO         5622    .ARM.Collect$$libinit$$00000013  c_w.l(libinit2.o)
    0x0000028c   0x0000028c   0x00000000   Code   RO         5624    .ARM.Collect$$libinit$$00000015  c_w.l(libinit2.o)
    0x0000028c   0x0000028c   0x00000000   Code   RO         5626    .ARM.Collect$$libinit$$00000017  c_w.l(libinit2.o)
    0x0000028c   0x0000028c   0x00000000   Code   RO         5628    .ARM.Collect$$libinit$$00000019  c_w.l(libinit2.o)
    0x0000028c   0x0000028c   0x00000000   Code   RO         5630    .ARM.Collect$$libinit$$0000001B  c_w.l(libinit2.o)
    0x0000028c   0x0000028c   0x00000000   Code   RO         5632    .ARM.Collect$$libinit$$0000001D  c_w.l(libinit2.o)
    0x0000028c   0x0000028c   0x00000000   Code   RO         5634    .ARM.Collect$$libinit$$0000001F  c_w.l(libinit2.o)
    0x0000028c   0x0000028c   0x00000000   Code   RO         5636    .ARM.Collect$$libinit$$00000021  c_w.l(libinit2.o)
    0x0000028c   0x0000028c   0x00000000   Code   RO         5638    .ARM.Collect$$libinit$$00000023  c_w.l(libinit2.o)
    0x0000028c   0x0000028c   0x00000000   Code   RO         5640    .ARM.Collect$$libinit$$00000025  c_w.l(libinit2.o)
    0x0000028c   0x0000028c   0x00000000   Code   RO         5644    .ARM.Collect$$libinit$$0000002C  c_w.l(libinit2.o)
    0x0000028c   0x0000028c   0x00000000   Code   RO         5646    .ARM.Collect$$libinit$$0000002E  c_w.l(libinit2.o)
    0x0000028c   0x0000028c   0x00000000   Code   RO         5648    .ARM.Collect$$libinit$$00000030  c_w.l(libinit2.o)
    0x0000028c   0x0000028c   0x00000000   Code   RO         5650    .ARM.Collect$$libinit$$00000032  c_w.l(libinit2.o)
    0x0000028c   0x0000028c   0x00000002   Code   RO         5651    .ARM.Collect$$libinit$$00000033  c_w.l(libinit2.o)
    0x0000028e   0x0000028e   0x00000002   Code   RO         5700    .ARM.Collect$$libshutdown$$00000000  c_w.l(libshutdown.o)
    0x00000290   0x00000290   0x00000000   Code   RO         5706    .ARM.Collect$$libshutdown$$00000002  c_w.l(libshutdown2.o)
    0x00000290   0x00000290   0x00000000   Code   RO         5708    .ARM.Collect$$libshutdown$$00000004  c_w.l(libshutdown2.o)
    0x00000290   0x00000290   0x00000000   Code   RO         5710    .ARM.Collect$$libshutdown$$00000006  c_w.l(libshutdown2.o)
    0x00000290   0x00000290   0x00000000   Code   RO         5713    .ARM.Collect$$libshutdown$$00000009  c_w.l(libshutdown2.o)
    0x00000290   0x00000290   0x00000000   Code   RO         5716    .ARM.Collect$$libshutdown$$0000000C  c_w.l(libshutdown2.o)
    0x00000290   0x00000290   0x00000000   Code   RO         5718    .ARM.Collect$$libshutdown$$0000000E  c_w.l(libshutdown2.o)
    0x00000290   0x00000290   0x00000000   Code   RO         5721    .ARM.Collect$$libshutdown$$00000011  c_w.l(libshutdown2.o)
    0x00000290   0x00000290   0x00000002   Code   RO         5722    .ARM.Collect$$libshutdown$$00000012  c_w.l(libshutdown2.o)
    0x00000292   0x00000292   0x00000000   Code   RO         5571    .ARM.Collect$$rtentry$$00000000  c_w.l(__rtentry.o)
    0x00000292   0x00000292   0x00000000   Code   RO         5591    .ARM.Collect$$rtentry$$00000002  c_w.l(__rtentry2.o)
    0x00000292   0x00000292   0x00000006   Code   RO         5603    .ARM.Collect$$rtentry$$00000004  c_w.l(__rtentry4.o)
    0x00000298   0x00000298   0x00000000   Code   RO         5593    .ARM.Collect$$rtentry$$00000009  c_w.l(__rtentry2.o)
    0x00000298   0x00000298   0x00000004   Code   RO         5594    .ARM.Collect$$rtentry$$0000000A  c_w.l(__rtentry2.o)
    0x0000029c   0x0000029c   0x00000000   Code   RO         5596    .ARM.Collect$$rtentry$$0000000C  c_w.l(__rtentry2.o)
    0x0000029c   0x0000029c   0x00000008   Code   RO         5597    .ARM.Collect$$rtentry$$0000000D  c_w.l(__rtentry2.o)
    0x000002a4   0x000002a4   0x00000002   Code   RO         5666    .ARM.Collect$$rtexit$$00000000  c_w.l(rtexit.o)
    0x000002a6   0x000002a6   0x00000000   Code   RO         5675    .ARM.Collect$$rtexit$$00000002  c_w.l(rtexit2.o)
    0x000002a6   0x000002a6   0x00000004   Code   RO         5676    .ARM.Collect$$rtexit$$00000003  c_w.l(rtexit2.o)
    0x000002aa   0x000002aa   0x00000006   Code   RO         5677    .ARM.Collect$$rtexit$$00000004  c_w.l(rtexit2.o)
    0x000002b0   0x000002b0   0x000000e2   Code   RO         2627    .emb_text           nrf_atomic.o
    0x00000392   0x00000392   0x00000002   PAD
    0x00000394   0x00000394   0x00000040   Code   RO         5479    .text               arm_startup_nrf52.o
    0x000003d4   0x000003d4   0x00000010   Code   RO         5537    .text               c_w.l(rt_ctype_table.o)
    0x000003e4   0x000003e4   0x00000048   Code   RO         5545    .text               c_w.l(strcpy.o)
    0x0000042c   0x0000042c   0x0000003e   Code   RO         5547    .text               c_w.l(strlen.o)
    0x0000046a   0x0000046a   0x0000008a   Code   RO         5549    .text               c_w.l(rt_memcpy_v6.o)
    0x000004f4   0x000004f4   0x00000064   Code   RO         5551    .text               c_w.l(rt_memcpy_w.o)
    0x00000558   0x00000558   0x0000004e   Code   RO         5555    .text               c_w.l(rt_memclr_w.o)
    0x000005a6   0x000005a6   0x00000006   Code   RO         5557    .text               c_w.l(heapauxi.o)
    0x000005ac   0x000005ac   0x00000008   Code   RO         5575    .text               c_w.l(rt_locale_intlibspace.o)
    0x000005b4   0x000005b4   0x00000008   Code   RO         5587    .text               c_w.l(libspace.o)
    0x000005bc   0x000005bc   0x00000080   Code   RO         5605    .text               c_w.l(strcmpv7m.o)
    0x0000063c   0x0000063c   0x0000004a   Code   RO         5652    .text               c_w.l(sys_stackheap_outer.o)
    0x00000686   0x00000686   0x00000012   Code   RO         5654    .text               c_w.l(exit.o)
    0x00000698   0x00000698   0x0000000c   Code   RO         5687    .text               c_w.l(sys_exit.o)
    0x000006a4   0x000006a4   0x00000002   Code   RO         5689    .text               c_w.l(use_no_semi.o)
    0x000006a6   0x000006a6   0x00000000   Code   RO         5691    .text               c_w.l(indicate_semi.o)
    0x000006a6   0x000006a6   0x00000002   PAD
    0x000006a8   0x000006a8   0x000000a4   Code   RO          686    i.GPIOTE_IRQHandler  nrfx_gpiote.o
    0x0000074c   0x0000074c   0x00000088   Code   RO         4889    i.MAX30001Info      max30001.o
    0x000007d4   0x000007d4   0x00000010   Code   RO         3709    i.RTC1_IRQHandler   drv_rtc.o
    0x000007e4   0x000007e4   0x00000148   Code   RO         1996    i.SAADC_IRQHandler  nrfx_saadc.o
    0x0000092c   0x0000092c   0x00000004   Code   RO         4351    i.SEGGER_RTT_Init   segger_rtt.o
    0x00000930   0x00000930   0x0000005c   Code   RO         4365    i.SEGGER_RTT_WriteNoLock  segger_rtt.o
    0x0000098c   0x0000098c   0x00000010   Code   RO         1440    i.SPIM0_SPIS0_TWIM0_TWIS0_SPI0_TWI0_IRQHandler  nrfx_twim.o
    0x0000099c   0x0000099c   0x00000054   Code   RO         2277    i.SPIM1_SPIS1_TWIM1_TWIS1_SPI1_TWI1_IRQHandler  nrfx_spim.o
    0x000009f0   0x000009f0   0x000002d8   Code   RO         5487    i.SystemInit        system_nrf52.o
    0x00000cc8   0x00000cc8   0x00000014   Code   RO         1146    i.TIMER1_IRQHandler  nrfx_timer.o
    0x00000cdc   0x00000cdc   0x00000014   Code   RO         1147    i.TIMER2_IRQHandler  nrfx_timer.o
    0x00000cf0   0x00000cf0   0x00000014   Code   RO         1148    i.TIMER3_IRQHandler  nrfx_timer.o
    0x00000d04   0x00000d04   0x00000014   Code   RO         1149    i.TIMER4_IRQHandler  nrfx_timer.o
    0x00000d18   0x00000d18   0x0000000c   Code   RO         1942    i.UARTE0_UART0_IRQHandler  nrfx_prs.o
    0x00000d24   0x00000d24   0x00000068   Code   RO         4369    i._DoInit           segger_rtt.o
    0x00000d8c   0x00000d8c   0x00000016   Code   RO         4370    i._GetAvailWriteSpace  segger_rtt.o
    0x00000da2   0x00000da2   0x0000001a   Code   RO         1441    i._NRFX_IRQ_PENDING_CLEAR  nrfx_twim.o
    0x00000dbc   0x00000dbc   0x0000005a   Code   RO         4372    i._WriteBlocking    segger_rtt.o
    0x00000e16   0x00000e16   0x00000042   Code   RO         4373    i._WriteNoCheck     segger_rtt.o
    0x00000e58   0x00000e58   0x00000084   Code   RO         2510    i.app_error_fault_handler  app_error_weak.o
    0x00000edc   0x00000edc   0x00000016   Code   RO         2438    i.app_error_handler_bare  app_error.o
    0x00000ef2   0x00000ef2   0x00000004   Code   RO         2538    i.app_util_critical_region_enter  app_util_platform.o
    0x00000ef6   0x00000ef6   0x00000004   Code   RO         2539    i.app_util_critical_region_exit  app_util_platform.o
    0x00000efa   0x00000efa   0x00000002   PAD
    0x00000efc   0x00000efc   0x00000010   Code   RO         2540    i.app_util_disable_irq  app_util_platform.o
    0x00000f0c   0x00000f0c   0x00000014   Code   RO         2541    i.app_util_enable_irq  app_util_platform.o
    0x00000f20   0x00000f20   0x0000008c   Code   RO         4099    i.buf_prealloc      nrf_log_frontend.o
    0x00000fac   0x00000fac   0x0000002e   Code   RO         2842    i.buffer_add        nrf_fprintf_format.o
    0x00000fda   0x00000fda   0x00000002   PAD
    0x00000fdc   0x00000fdc   0x00000018   Code   RO         4100    i.buffer_is_empty   nrf_log_frontend.o
    0x00000ff4   0x00000ff4   0x00000010   Code   RO          689    i.channel_port_get  nrfx_gpiote.o
    0x00001004   0x00001004   0x00000014   Code   RO         4101    i.dropped_sat16_get  nrf_log_frontend.o
    0x00001018   0x00001018   0x00000018   Code   RO            4    i.handerLowPowerConsumption  main.o
    0x00001030   0x00001030   0x0000004c   Code   RO         5181    i.initNRF52Port     port.o
    0x0000107c   0x0000107c   0x0000006c   Code   RO            5    i.initPeripherals   main.o
    0x000010e8   0x000010e8   0x00000018   Code   RO         5183    i.initPortOutClear  port.o
    0x00001100   0x00001100   0x00000018   Code   RO         5184    i.initPortOutSet    port.o
    0x00001118   0x00001118   0x00000050   Code   RO         4983    i.initSPI           spi.o
    0x00001168   0x00001168   0x0000001a   Code   RO         5086    i.initSeggerRTT     rtt.o
    0x00001182   0x00001182   0x00000002   PAD
    0x00001184   0x00001184   0x00000048   Code   RO            6    i.initSensors       main.o
    0x000011cc   0x000011cc   0x000000a6   Code   RO         2843    i.int_print         nrf_fprintf_format.o
    0x00001272   0x00001272   0x00000034   Code   RO         4102    i.invalid_packets_omit  nrf_log_frontend.o
    0x000012a6   0x000012a6   0x00000002   PAD
    0x000012a8   0x000012a8   0x00000046   Code   RO         1150    i.irq_handler       nrfx_timer.o
    0x000012ee   0x000012ee   0x00000002   Code   RO         4103    i.log_pending_hook  nrf_log_frontend.o
    0x000012f0   0x000012f0   0x000000a4   Code   RO         4104    i.log_skip          nrf_log_frontend.o
    0x00001394   0x00001394   0x0000004c   Code   RO            7    i.main              main.o
    0x000013e0   0x000013e0   0x0000007e   Code   RO         2882    i.memobj_op         nrf_memobj.o
    0x0000145e   0x0000145e   0x00000002   PAD
    0x00001460   0x00001460   0x00000030   Code   RO         4105    i.module_idx_get    nrf_log_frontend.o
    0x00001490   0x00001490   0x00000006   Code   RO         2629    i.nrf_atomic_flag_clear_fetch  nrf_atomic.o
    0x00001496   0x00001496   0x00000006   Code   RO         2630    i.nrf_atomic_flag_set  nrf_atomic.o
    0x0000149c   0x0000149c   0x0000000c   Code   RO         2632    i.nrf_atomic_u32_add  nrf_atomic.o
    0x000014a8   0x000014a8   0x0000000a   Code   RO         2636    i.nrf_atomic_u32_fetch_and  nrf_atomic.o
    0x000014b2   0x000014b2   0x0000000a   Code   RO         2638    i.nrf_atomic_u32_fetch_store  nrf_atomic.o
    0x000014bc   0x000014bc   0x0000000c   Code   RO         2642    i.nrf_atomic_u32_or  nrf_atomic.o
    0x000014c8   0x000014c8   0x0000000c   Code   RO         2644    i.nrf_atomic_u32_sub  nrf_atomic.o
    0x000014d4   0x000014d4   0x0000003e   Code   RO         2766    i.nrf_balloc_alloc  nrf_balloc.o
    0x00001512   0x00001512   0x0000002a   Code   RO         2767    i.nrf_balloc_free   nrf_balloc.o
    0x0000153c   0x0000153c   0x00000030   Code   RO         2768    i.nrf_balloc_init   nrf_balloc.o
    0x0000156c   0x0000156c   0x00000010   Code   RO          690    i.nrf_bitmask_bit_is_set  nrfx_gpiote.o
    0x0000157c   0x0000157c   0x00000070   Code   RO         2394    i.nrf_drv_spi_init  nrf_drv_spi.o
    0x000015ec   0x000015ec   0x00000016   Code   RO         4984    i.nrf_drv_spi_transfer  spi.o
    0x00001602   0x00001602   0x0000001a   Code   RO         2803    i.nrf_fprintf       nrf_fprintf.o
    0x0000161c   0x0000161c   0x00000018   Code   RO         2804    i.nrf_fprintf_buffer_flush  nrf_fprintf.o
    0x00001634   0x00001634   0x000001da   Code   RO         2844    i.nrf_fprintf_fmt   nrf_fprintf_format.o
    0x0000180e   0x0000180e   0x00000024   Code   RO         2278    i.nrf_gpio_cfg      nrfx_spim.o
    0x00001832   0x00001832   0x00000014   Code   RO         2279    i.nrf_gpio_cfg_output  nrfx_spim.o
    0x00001846   0x00001846   0x00000022   Code   RO          693    i.nrf_gpio_cfg_sense_set  nrfx_gpiote.o
    0x00001868   0x00001868   0x0000002c   Code   RO          694    i.nrf_gpio_latches_read_and_clear  nrfx_gpiote.o
    0x00001894   0x00001894   0x0000000e   Code   RO         2280    i.nrf_gpio_pin_clear  nrfx_spim.o
    0x000018a2   0x000018a2   0x0000001c   Code   RO         5186    i.nrf_gpio_pin_dir_set  port.o
    0x000018be   0x000018be   0x0000000e   Code   RO         2281    i.nrf_gpio_pin_set  nrfx_spim.o
    0x000018cc   0x000018cc   0x00000014   Code   RO          696    i.nrf_gpiote_event_clear  nrfx_gpiote.o
    0x000018e0   0x000018e0   0x00000010   Code   RO          697    i.nrf_gpiote_event_is_set  nrfx_gpiote.o
    0x000018f0   0x000018f0   0x0000005c   Code   RO         4106    i.nrf_log_backend_add  nrf_log_frontend.o
    0x0000194c   0x0000194c   0x00000002   Code   RO         3945    i.nrf_log_backend_rtt_flush  nrf_log_backend_rtt.o
    0x0000194e   0x0000194e   0x00000004   Code   RO         3946    i.nrf_log_backend_rtt_init  nrf_log_backend_rtt.o
    0x00001952   0x00001952   0x00000002   Code   RO         3947    i.nrf_log_backend_rtt_panic_set  nrf_log_backend_rtt.o
    0x00001954   0x00001954   0x00000018   Code   RO         3948    i.nrf_log_backend_rtt_put  nrf_log_backend_rtt.o
    0x0000196c   0x0000196c   0x000000c2   Code   RO         4011    i.nrf_log_backend_serial_put  nrf_log_backend_serial.o
    0x00001a2e   0x00001a2e   0x00000002   PAD
    0x00001a30   0x00001a30   0x00000030   Code   RO         4108    i.nrf_log_color_id_get  nrf_log_frontend.o
    0x00001a60   0x00001a60   0x0000001c   Code   RO         4063    i.nrf_log_default_backends_init  nrf_log_default_backends.o
    0x00001a7c   0x00001a7c   0x00000230   Code   RO         4109    i.nrf_log_frontend_dequeue  nrf_log_frontend.o
    0x00001cac   0x00001cac   0x00000008   Code   RO         4111    i.nrf_log_frontend_std_0  nrf_log_frontend.o
    0x00001cb4   0x00001cb4   0x0000000e   Code   RO         4112    i.nrf_log_frontend_std_1  nrf_log_frontend.o
    0x00001cc2   0x00001cc2   0x00000012   Code   RO         4114    i.nrf_log_frontend_std_3  nrf_log_frontend.o
    0x00001cd4   0x00001cd4   0x000000b0   Code   RO         4292    i.nrf_log_hexdump_entry_process  nrf_log_str_formatter.o
    0x00001d84   0x00001d84   0x00000028   Code   RO         4118    i.nrf_log_init      nrf_log_frontend.o
    0x00001dac   0x00001dac   0x00000014   Code   RO         4119    i.nrf_log_module_cnt_get  nrf_log_frontend.o
    0x00001dc0   0x00001dc0   0x0000001c   Code   RO         4122    i.nrf_log_module_name_get  nrf_log_frontend.o
    0x00001ddc   0x00001ddc   0x00000028   Code   RO         4123    i.nrf_log_panic     nrf_log_frontend.o
    0x00001e04   0x00001e04   0x000000b6   Code   RO         4293    i.nrf_log_std_entry_process  nrf_log_str_formatter.o
    0x00001eba   0x00001eba   0x00000060   Code   RO         2883    i.nrf_memobj_alloc  nrf_memobj.o
    0x00001f1a   0x00001f1a   0x00000032   Code   RO         2884    i.nrf_memobj_free   nrf_memobj.o
    0x00001f4c   0x00001f4c   0x00000008   Code   RO         2885    i.nrf_memobj_get    nrf_memobj.o
    0x00001f54   0x00001f54   0x00000004   Code   RO         2886    i.nrf_memobj_pool_init  nrf_memobj.o
    0x00001f58   0x00001f58   0x0000001e   Code   RO         2887    i.nrf_memobj_put    nrf_memobj.o
    0x00001f76   0x00001f76   0x00000010   Code   RO         2888    i.nrf_memobj_read   nrf_memobj.o
    0x00001f86   0x00001f86   0x00000010   Code   RO         2889    i.nrf_memobj_write  nrf_memobj.o
    0x00001f96   0x00001f96   0x00000002   PAD
    0x00001f98   0x00001f98   0x00000028   Code   RO         2958    i.nrf_pwr_mgmt_init  nrf_pwr_mgmt.o
    0x00001fc0   0x00001fc0   0x00000034   Code   RO         2959    i.nrf_pwr_mgmt_run  nrf_pwr_mgmt.o
    0x00001ff4   0x00001ff4   0x0000001c   Code   RO         3041    i.nrf_ringbuf_init  nrf_ringbuf.o
    0x00002010   0x00002010   0x00000010   Code   RO         1997    i.nrf_saadc_buffer_init  nrfx_saadc.o
    0x00002020   0x00002020   0x00000010   Code   RO         1999    i.nrf_saadc_event_check  nrfx_saadc.o
    0x00002030   0x00002030   0x00000014   Code   RO         2000    i.nrf_saadc_event_clear  nrfx_saadc.o
    0x00002044   0x00002044   0x0000000a   Code   RO         3099    i.nrf_section_iter_init  nrf_section_iter.o
    0x0000204e   0x0000204e   0x00000024   Code   RO         3100    i.nrf_section_iter_item_set  nrf_section_iter.o
    0x00002072   0x00002072   0x0000000a   Code   RO         2282    i.nrf_spim_event_check  nrfx_spim.o
    0x0000207c   0x0000207c   0x0000000c   Code   RO         1151    i.nrf_timer_event_clear  nrfx_timer.o
    0x00002088   0x00002088   0x0000000a   Code   RO         1444    i.nrf_twim_event_check  nrfx_twim.o
    0x00002092   0x00002092   0x0000000c   Code   RO         1445    i.nrf_twim_event_clear  nrfx_twim.o
    0x0000209e   0x0000209e   0x00000010   Code   RO         2283    i.nrfx_is_in_ram    nrfx_spim.o
    0x000020ae   0x000020ae   0x00000030   Code   RO         1943    i.nrfx_prs_acquire  nrfx_prs.o
    0x000020de   0x000020de   0x00000002   PAD
    0x000020e0   0x000020e0   0x0000016c   Code   RO         2286    i.nrfx_spim_init    nrfx_spim.o
    0x0000224c   0x0000224c   0x00000064   Code   RO         2289    i.nrfx_spim_xfer    nrfx_spim.o
    0x000022b0   0x000022b0   0x00000018   Code   RO         5488    i.nvmc_config       system_nrf52.o
    0x000022c8   0x000022c8   0x000000b4   Code   RO          730    i.port_event_handle  nrfx_gpiote.o
    0x0000237c   0x0000237c   0x00000010   Code   RO          731    i.port_handler_polarity_get  nrfx_gpiote.o
    0x0000238c   0x0000238c   0x0000003c   Code   RO         4295    i.postfix_process   nrf_log_str_formatter.o
    0x000023c8   0x000023c8   0x00000098   Code   RO         4296    i.prefix_process    nrf_log_str_formatter.o
    0x00002460   0x00002460   0x00000018   Code   RO         1945    i.prs_box_get       nrfx_prs.o
    0x00002478   0x00002478   0x00000050   Code   RO         3949    i.serial_tx         nrf_log_backend_rtt.o
    0x000024c8   0x000024c8   0x00000038   Code   RO         2395    i.spim_evt_handler  nrf_drv_spi.o
    0x00002500   0x00002500   0x000000bc   Code   RO         2290    i.spim_xfer         nrfx_spim.o
    0x000025bc   0x000025bc   0x00000098   Code   RO         4125    i.std_n             nrf_log_frontend.o
    0x00002654   0x00002654   0x00000194   Code   RO         1457    i.twim_irq_handler  nrfx_twim.o
    0x000027e8   0x000027e8   0x000000b4   Code   RO         2845    i.unsigned_print    nrf_fprintf_format.o
    0x0000289c   0x0000289c   0x00000004   Code   RO         4890    i.writeReadMAX30001  max30001.o
    0x000028a0   0x000028a0   0x00000048   Code   RO         4987    i.writeReadSPI      spi.o
    0x000028e8   0x000028e8   0x00000062   Code   RO         1459    i.xfer_completeness_check  nrfx_twim.o
    0x0000294a   0x0000294a   0x00000002   PAD
    0x0000294c   0x0000294c   0x0000002c   Code   RO         5578    locale$$code        c_w.l(lc_ctype_c.o)
    0x00002978   0x00002978   0x0000000a   Code   RO         5664    x$fpl$fpinit        fz_wm.l(fpinit.o)
    0x00002982   0x00002982   0x0000000e   PAD
    0x00002990   0x00002990   0x00000006   Data   RO            8    .constdata          main.o
    0x00002996   0x00002996   0x00000002   PAD
    0x00002998   0x00002998   0x00000004   Data   RO          733    .constdata          nrfx_gpiote.o
    0x0000299c   0x0000299c   0x00000004   Data   RO         2293    .constdata          nrfx_spim.o
    0x000029a0   0x000029a0   0x00000010   Data   RO         2397    .constdata          nrf_drv_spi.o
    0x000029b0   0x000029b0   0x00000010   Data   RO         2846    .constdata          nrf_fprintf_format.o
    0x000029c0   0x000029c0   0x00000018   Data   RO         2963    .constdata          nrf_pwr_mgmt.o
    0x000029d8   0x000029d8   0x0000000c   Data   RO         2964    .constdata          nrf_pwr_mgmt.o
    0x000029e4   0x000029e4   0x0000000c   Data   RO         3951    .constdata          nrf_log_backend_rtt.o
    0x000029f0   0x000029f0   0x00000006   Data   RO         3952    .constdata          nrf_log_backend_rtt.o
    0x000029f6   0x000029f6   0x00000002   PAD
    0x000029f8   0x000029f8   0x0000000c   Data   RO         4130    .constdata          nrf_log_frontend.o
    0x00002a04   0x00002a04   0x00000020   Data   RO         4989    .constdata          spi.o
    0x00002a24   0x00002a24   0x00000066   Data   RO         4297    .conststring        nrf_log_str_formatter.o
    0x00002a8a   0x00002a8a   0x00000002   PAD
    0x00002a8c   0x00002a8c   0x00000007   Data   RO          737    .conststrlit        nrfx_gpiote.o
    0x00002a93   0x00002a93   0x00000001   PAD
    0x00002a94   0x00002a94   0x00000004   Data   RO         1032    .conststrlit        nrfx_ppi.o
    0x00002a98   0x00002a98   0x00000006   Data   RO         1168    .conststrlit        nrfx_timer.o
    0x00002a9e   0x00002a9e   0x00000002   PAD
    0x00002aa0   0x00002aa0   0x00000005   Data   RO         1465    .conststrlit        nrfx_twim.o
    0x00002aa5   0x00002aa5   0x00000003   PAD
    0x00002aa8   0x00002aa8   0x00000006   Data   RO         1630    .conststrlit        nrfx_uarte.o
    0x00002aae   0x00002aae   0x00000002   PAD
    0x00002ab0   0x00002ab0   0x00000005   Data   RO         1794    .conststrlit        nrfx_uart.o
    0x00002ab5   0x00002ab5   0x00000003   PAD
    0x00002ab8   0x00002ab8   0x00000004   Data   RO         1947    .conststrlit        nrfx_prs.o
    0x00002abc   0x00002abc   0x00000006   Data   RO         2024    .conststrlit        nrfx_saadc.o
    0x00002ac2   0x00002ac2   0x00000002   PAD
    0x00002ac4   0x00002ac4   0x00000005   Data   RO         2296    .conststrlit        nrfx_spim.o
    0x00002ac9   0x00002ac9   0x00000003   PAD
    0x00002acc   0x00002acc   0x00000009   Data   RO         2965    .conststrlit        nrf_pwr_mgmt.o
    0x00002ad5   0x00002ad5   0x00000003   PAD
    0x00002ad8   0x00002ad8   0x0000000b   Data   RO         3368    .conststrlit        app_button.o
    0x00002ae3   0x00002ae3   0x00000001   PAD
    0x00002ae4   0x00002ae4   0x00000009   Data   RO         3519    .conststrlit        nrf_sortlist.o
    0x00002aed   0x00002aed   0x00000003   PAD
    0x00002af0   0x00002af0   0x0000000a   Data   RO         3591    .conststrlit        app_timer2.o
    0x00002afa   0x00002afa   0x00000002   PAD
    0x00002afc   0x00002afc   0x00000010   Data   RO         4064    .conststrlit        nrf_log_default_backends.o
    0x00002b0c   0x00002b0c   0x00000004   Data   RO         4131    .conststrlit        nrf_log_frontend.o
    0x00002b10   0x00002b10   0x00000020   Data   RO         5743    Region$$Table       anon$$obj.o
    0x00002b30   0x00002b30   0x00000110   Data   RO         5577    locale$$data        c_w.l(lc_ctype_c.o)
    0x00002c40   0x00002c40   0x00000010   Data   RO         4066    log_backends        nrf_log_default_backends.o
    0x00002c50   0x00002c50   0x00000008   Data   RO          738    log_const_data      nrfx_gpiote.o
    0x00002c58   0x00002c58   0x00000008   Data   RO         1034    log_const_data      nrfx_ppi.o
    0x00002c60   0x00002c60   0x00000008   Data   RO         1169    log_const_data      nrfx_timer.o
    0x00002c68   0x00002c68   0x00000008   Data   RO         1466    log_const_data      nrfx_twim.o
    0x00002c70   0x00002c70   0x00000008   Data   RO         1631    log_const_data      nrfx_uarte.o
    0x00002c78   0x00002c78   0x00000008   Data   RO         1795    log_const_data      nrfx_uart.o
    0x00002c80   0x00002c80   0x00000008   Data   RO         1949    log_const_data      nrfx_prs.o
    0x00002c88   0x00002c88   0x00000008   Data   RO         2025    log_const_data      nrfx_saadc.o
    0x00002c90   0x00002c90   0x00000008   Data   RO         2297    log_const_data      nrfx_spim.o
    0x00002c98   0x00002c98   0x00000008   Data   RO         2967    log_const_data      nrf_pwr_mgmt.o
    0x00002ca0   0x00002ca0   0x00000008   Data   RO         3371    log_const_data      app_button.o
    0x00002ca8   0x00002ca8   0x00000008   Data   RO         3520    log_const_data      nrf_sortlist.o
    0x00002cb0   0x00002cb0   0x00000008   Data   RO         3594    log_const_data      app_timer2.o
    0x00002cb8   0x00002cb8   0x00000008   Data   RO         4135    log_const_data      nrf_log_frontend.o
    0x00002cc0   0x00002cc0   0x00000014   Data   RO         4136    nrf_balloc          nrf_log_frontend.o


    Execution Region RW_IRAM1 (Exec base: 0x20000000, Load base: 0x00002cd4, Size: 0x00002a68, Max: 0x00010000, ABSOLUTE)

    Exec Addr    Load Addr    Size         Type   Attr      Idx    E Section Name        Object

    0x20000000   0x00002cd4   0x00000008   Data   RW         1948    .data               nrfx_prs.o
    0x20000008   0x00002cdc   0x00000004   Data   RW         2544    .data               app_util_platform.o
    0x2000000c   0x00002ce0   0x00000008   Data   RW         2966    .data               nrf_pwr_mgmt.o
    0x20000014   0x00002ce8   0x0000000c   Data   RW         3733    .data               drv_rtc.o
    0x20000020   0x00002cf4   0x00000001   Data   RW         3953    .data               nrf_log_backend_rtt.o
    0x20000021   0x00002cf5   0x00000003   PAD
    0x20000024   0x00002cf8   0x00000008   Data   RW         4065    .data               nrf_log_default_backends.o
    0x2000002c   0x00002d00   0x00000004   Data   RW         4132    .data               nrf_log_frontend.o
    0x20000030   0x00002d04   0x00000008   Data   RW         4133    .data               nrf_log_frontend.o
    0x20000038   0x00002d0c   0x00000008   Data   RW         4134    .data               nrf_log_frontend.o
    0x20000040   0x00002d14   0x00000040   Data   RW         4298    .data               nrf_log_str_formatter.o
    0x20000080   0x00002d54   0x00000004   Data   RW         4891    .data               max30001.o
    0x20000084   0x00002d58   0x00000001   Data   RW         4990    .data               spi.o
    0x20000085   0x00002d59   0x00000003   PAD
    0x20000088   0x00002d5c   0x00000004   Data   RW         5490    .data               system_nrf52.o
    0x2000008c        -       0x0000005c   Zero   RW          732    .bss                nrfx_gpiote.o
    0x200000e8        -       0x00000030   Zero   RW         1166    .bss                nrfx_timer.o
    0x20000118        -       0x00000034   Zero   RW         1460    .bss                nrfx_twim.o
    0x2000014c        -       0x00000030   Zero   RW         2015    .bss                nrfx_saadc.o
    0x2000017c        -       0x00000024   Zero   RW         2291    .bss                nrfx_spim.o
    0x200001a0        -       0x00000018   Zero   RW         2396    .bss                nrf_drv_spi.o
    0x200001b8        -       0x0000000c   Zero   RW         2962    .bss                nrf_pwr_mgmt.o
    0x200001c4        -       0x00000040   Zero   RW         3950    .bss                nrf_log_backend_rtt.o
    0x20000204        -       0x000000c0   Zero   RW         4126    .bss                nrf_log_frontend.o
    0x200002c4        -       0x00000080   Zero   RW         4127    .bss                nrf_log_frontend.o
    0x20000344        -       0x00000018   Zero   RW         4128    .bss                nrf_log_frontend.o
    0x2000035c        -       0x00000420   Zero   RW         4129    .bss                nrf_log_frontend.o
    0x2000077c        -       0x00000288   Zero   RW         4374    .bss                segger_rtt.o
    0x20000a04        -       0x00000060   Zero   RW         5588    .bss                c_w.l(libspace.o)
    0x20000a64   0x00002d60   0x00000004   PAD
    0x20000a68        -       0x00001000   Zero   RW         5477    HEAP                arm_startup_nrf52.o
    0x20001a68        -       0x00001000   Zero   RW         5476    STACK               arm_startup_nrf52.o


==============================================================================

Image component sizes


      Code (inc. data)   RO Data    RW Data    ZI Data      Debug   Object Name

         0          0         19          0          0       5767   app_button.o
        22          0          0          0          0       2385   app_error.o
         0          0          0          0          0        416   app_error_handler_keil.o
       132         46          0          0          0      30845   app_error_weak.o
         0          0         18          0          0       5678   app_timer2.o
        44         10          0          4          0       2880   app_util_platform.o
        64         26        512          0       8192        920   arm_startup_nrf52.o
         0          0          0          0          0        548   boards.o
        16          4          0         12          0       4609   drv_rtc.o
       280        110          6          0          0      69352   main.o
       140         54          0          4          0       1735   max30001.o
       294          0          0          0          0       7083   nrf_atomic.o
       152          0          0          0          0       3248   nrf_balloc.o
       168         18         16          0         24      13255   nrf_drv_spi.o
        50          0          0          0          0       3269   nrf_fprintf.o
       866          4         16          0          0       6174   nrf_fprintf_format.o
       112         18         18          1         64       4977   nrf_log_backend_rtt.o
       194          0          0          0          0      10625   nrf_log_backend_serial.o
        28          4         32          8          0       3109   nrf_log_default_backends.o
      1470        130         44         20       1400      28677   nrf_log_frontend.o
       570        108        102         64          0       5200   nrf_log_str_formatter.o
       346          0          0          0          0       7403   nrf_memobj.o
         0          0          0          0          0       1500   nrf_nvic.o
        92         18         53          8         12      41894   nrf_pwr_mgmt.o
        28          0          0          0          0       2131   nrf_ringbuf.o
        46          0          0          0          0       1816   nrf_section_iter.o
         0          0         17          0          0        893   nrf_sortlist.o
       506         38         19          0         92      23621   nrfx_gpiote.o
         0          0         12          0          0        348   nrfx_ppi.o
        84         16         12          8          0       3345   nrfx_prs.o
       380         22         14          0         48      12878   nrfx_saadc.o
       846         20         17          0         36      20198   nrfx_spim.o
       162         40         14          0         48      44854   nrfx_timer.o
       566         12         13          0         52      50090   nrfx_twim.o
         0          0         13          0          0       7044   nrfx_uart.o
         0          0         14          0          0       8222   nrfx_uarte.o
       152          0          0          0          0       7128   port.o
        26          0          0          0          0        832   rtt.o
       378         34          0          0        648       8422   segger_rtt.o
       174         16         32          1          0       6053   spi.o
       752         78          0          4          0      32609   system_nrf52.o

    ----------------------------------------------------------------------
      9160        826       1076        140      10616     492033   Object Totals
         0          0         32          0          0          0   (incl. Generated)
        20          0         31          6          0          0   (incl. Padding)

    ----------------------------------------------------------------------

      Code (inc. data)   RO Data    RW Data    ZI Data      Debug   Library Member Name

         8          0          0          0          0         68   __main.o
         0          0          0          0          0          0   __rtentry.o
        12          0          0          0          0          0   __rtentry2.o
         6          0          0          0          0          0   __rtentry4.o
        52          8          0          0          0          0   __scatter.o
        26          0          0          0          0          0   __scatter_copy.o
        28          0          0          0          0          0   __scatter_zi.o
        18          0          0          0          0         80   exit.o
         6          0          0          0          0        152   heapauxi.o
         0          0          0          0          0          0   indicate_semi.o
        44         10        272          0          0         76   lc_ctype_c.o
         2          0          0          0          0          0   libinit.o
        24          0          0          0          0          0   libinit2.o
         2          0          0          0          0          0   libshutdown.o
         2          0          0          0          0          0   libshutdown2.o
         8          4          0          0         96         68   libspace.o
        16          4          0          0          0         76   rt_ctype_table.o
         8          4          0          0          0         68   rt_locale_intlibspace.o
        78          0          0          0          0         80   rt_memclr_w.o
       138          0          0          0          0         68   rt_memcpy_v6.o
       100          0          0          0          0         80   rt_memcpy_w.o
         2          0          0          0          0          0   rtexit.o
        10          0          0          0          0          0   rtexit2.o
       128          0          0          0          0         68   strcmpv7m.o
        72          0          0          0          0         80   strcpy.o
        62          0          0          0          0         76   strlen.o
        12          4          0          0          0         68   sys_exit.o
        74          0          0          0          0         80   sys_stackheap_outer.o
         2          0          0          0          0         68   use_no_semi.o
        10          0          0          0          0        116   fpinit.o

    ----------------------------------------------------------------------
       968         34        272          0        100       1372   Library Totals
        18          0          0          0          4          0   (incl. Padding)

    ----------------------------------------------------------------------

      Code (inc. data)   RO Data    RW Data    ZI Data      Debug   Library Name

       940         34        272          0         96       1256   c_w.l
        10          0          0          0          0        116   fz_wm.l

    ----------------------------------------------------------------------
       968         34        272          0        100       1372   Library Totals

    ----------------------------------------------------------------------

==============================================================================


      Code (inc. data)   RO Data    RW Data    ZI Data      Debug   

     10128        860       1348        140      10716     480581   Grand Totals
     10128        860       1348        140      10716     480581   ELF Image Totals
     10128        860       1348        140          0          0   ROM Totals

==============================================================================

    Total RO  Size (Code + RO Data)                11476 (  11.21kB)
    Total RW  Size (RW Data + ZI Data)             10856 (  10.60kB)
    Total ROM Size (Code + RO Data + RW Data)      11616 (  11.34kB)

==============================================================================

